Archive member included to satisfy reference by file (symbol)

c:/st/stm32cubeide_1.4.0/stm32cubeide/plugins/com.st.stm32cube.ide.mcu.externaltools.gnu-tools-for-stm32.7-2018-q2-update.win32_1.4.0.202007081208/tools/bin/../lib/gcc/arm-none-eabi/7.3.1/../../../../arm-none-eabi/lib/thumb/v6-m\libc_nano.a(lib_a-errno.o)
                              Core/Src/syscalls.o (__errno)
c:/st/stm32cubeide_1.4.0/stm32cubeide/plugins/com.st.stm32cube.ide.mcu.externaltools.gnu-tools-for-stm32.7-2018-q2-update.win32_1.4.0.202007081208/tools/bin/../lib/gcc/arm-none-eabi/7.3.1/../../../../arm-none-eabi/lib/thumb/v6-m\libc_nano.a(lib_a-exit.o)
                              c:/st/stm32cubeide_1.4.0/stm32cubeide/plugins/com.st.stm32cube.ide.mcu.externaltools.gnu-tools-for-stm32.7-2018-q2-update.win32_1.4.0.202007081208/tools/bin/../lib/gcc/arm-none-eabi/7.3.1/../../../../arm-none-eabi/lib/thumb/v6-m/crt0.o (exit)
c:/st/stm32cubeide_1.4.0/stm32cubeide/plugins/com.st.stm32cube.ide.mcu.externaltools.gnu-tools-for-stm32.7-2018-q2-update.win32_1.4.0.202007081208/tools/bin/../lib/gcc/arm-none-eabi/7.3.1/../../../../arm-none-eabi/lib/thumb/v6-m\libc_nano.a(lib_a-fclose.o)
                              Core/Src/main.o (fclose)
c:/st/stm32cubeide_1.4.0/stm32cubeide/plugins/com.st.stm32cube.ide.mcu.externaltools.gnu-tools-for-stm32.7-2018-q2-update.win32_1.4.0.202007081208/tools/bin/../lib/gcc/arm-none-eabi/7.3.1/../../../../arm-none-eabi/lib/thumb/v6-m\libc_nano.a(lib_a-fflush.o)
                              c:/st/stm32cubeide_1.4.0/stm32cubeide/plugins/com.st.stm32cube.ide.mcu.externaltools.gnu-tools-for-stm32.7-2018-q2-update.win32_1.4.0.202007081208/tools/bin/../lib/gcc/arm-none-eabi/7.3.1/../../../../arm-none-eabi/lib/thumb/v6-m\libc_nano.a(lib_a-fclose.o) (__sflush_r)
c:/st/stm32cubeide_1.4.0/stm32cubeide/plugins/com.st.stm32cube.ide.mcu.externaltools.gnu-tools-for-stm32.7-2018-q2-update.win32_1.4.0.202007081208/tools/bin/../lib/gcc/arm-none-eabi/7.3.1/../../../../arm-none-eabi/lib/thumb/v6-m\libc_nano.a(lib_a-findfp.o)
                              c:/st/stm32cubeide_1.4.0/stm32cubeide/plugins/com.st.stm32cube.ide.mcu.externaltools.gnu-tools-for-stm32.7-2018-q2-update.win32_1.4.0.202007081208/tools/bin/../lib/gcc/arm-none-eabi/7.3.1/../../../../arm-none-eabi/lib/thumb/v6-m\libc_nano.a(lib_a-fclose.o) (__sinit)
c:/st/stm32cubeide_1.4.0/stm32cubeide/plugins/com.st.stm32cube.ide.mcu.externaltools.gnu-tools-for-stm32.7-2018-q2-update.win32_1.4.0.202007081208/tools/bin/../lib/gcc/arm-none-eabi/7.3.1/../../../../arm-none-eabi/lib/thumb/v6-m\libc_nano.a(lib_a-fopen.o)
                              Core/Src/main.o (fopen)
c:/st/stm32cubeide_1.4.0/stm32cubeide/plugins/com.st.stm32cube.ide.mcu.externaltools.gnu-tools-for-stm32.7-2018-q2-update.win32_1.4.0.202007081208/tools/bin/../lib/gcc/arm-none-eabi/7.3.1/../../../../arm-none-eabi/lib/thumb/v6-m\libc_nano.a(lib_a-fseek.o)
                              c:/st/stm32cubeide_1.4.0/stm32cubeide/plugins/com.st.stm32cube.ide.mcu.externaltools.gnu-tools-for-stm32.7-2018-q2-update.win32_1.4.0.202007081208/tools/bin/../lib/gcc/arm-none-eabi/7.3.1/../../../../arm-none-eabi/lib/thumb/v6-m\libc_nano.a(lib_a-fopen.o) (_fseek_r)
c:/st/stm32cubeide_1.4.0/stm32cubeide/plugins/com.st.stm32cube.ide.mcu.externaltools.gnu-tools-for-stm32.7-2018-q2-update.win32_1.4.0.202007081208/tools/bin/../lib/gcc/arm-none-eabi/7.3.1/../../../../arm-none-eabi/lib/thumb/v6-m\libc_nano.a(lib_a-fseeko.o)
                              c:/st/stm32cubeide_1.4.0/stm32cubeide/plugins/com.st.stm32cube.ide.mcu.externaltools.gnu-tools-for-stm32.7-2018-q2-update.win32_1.4.0.202007081208/tools/bin/../lib/gcc/arm-none-eabi/7.3.1/../../../../arm-none-eabi/lib/thumb/v6-m\libc_nano.a(lib_a-fseek.o) (_fseeko_r)
c:/st/stm32cubeide_1.4.0/stm32cubeide/plugins/com.st.stm32cube.ide.mcu.externaltools.gnu-tools-for-stm32.7-2018-q2-update.win32_1.4.0.202007081208/tools/bin/../lib/gcc/arm-none-eabi/7.3.1/../../../../arm-none-eabi/lib/thumb/v6-m\libc_nano.a(lib_a-ftell.o)
                              Core/Src/main.o (ftell)
c:/st/stm32cubeide_1.4.0/stm32cubeide/plugins/com.st.stm32cube.ide.mcu.externaltools.gnu-tools-for-stm32.7-2018-q2-update.win32_1.4.0.202007081208/tools/bin/../lib/gcc/arm-none-eabi/7.3.1/../../../../arm-none-eabi/lib/thumb/v6-m\libc_nano.a(lib_a-ftello.o)
                              c:/st/stm32cubeide_1.4.0/stm32cubeide/plugins/com.st.stm32cube.ide.mcu.externaltools.gnu-tools-for-stm32.7-2018-q2-update.win32_1.4.0.202007081208/tools/bin/../lib/gcc/arm-none-eabi/7.3.1/../../../../arm-none-eabi/lib/thumb/v6-m\libc_nano.a(lib_a-ftell.o) (_ftello_r)
c:/st/stm32cubeide_1.4.0/stm32cubeide/plugins/com.st.stm32cube.ide.mcu.externaltools.gnu-tools-for-stm32.7-2018-q2-update.win32_1.4.0.202007081208/tools/bin/../lib/gcc/arm-none-eabi/7.3.1/../../../../arm-none-eabi/lib/thumb/v6-m\libc_nano.a(lib_a-fwalk.o)
[...]
Memory Configuration

Name             Origin             Length             Attributes
RAM              0x0000000020000000 0x0000000000001800 xrw
FLASH            0x0000000008000000 0x0000000000008000 xr
*default*        0x0000000000000000 0xffffffffffffffff

Linker script and memory map

LOAD c:/st/stm32cubeide_1.4.0/stm32cubeide/plugins/com.st.stm32cube.ide.mcu.externaltools.gnu-tools-for-stm32.7-2018-q2-update.win32_1.4.0.202007081208/tools/bin/../lib/gcc/arm-none-eabi/7.3.1/thumb/v6-m/crti.o
LOAD c:/st/stm32cubeide_1.4.0/stm32cubeide/plugins/com.st.stm32cube.ide.mcu.externaltools.gnu-tools-for-stm32.7-2018-q2-update.win32_1.4.0.202007081208/tools/bin/../lib/gcc/arm-none-eabi/7.3.1/thumb/v6-m/crtbegin.o
LOAD c:/st/stm32cubeide_1.4.0/stm32cubeide/plugins/com.st.stm32cube.ide.mcu.externaltools.gnu-tools-for-stm32.7-2018-q2-update.win32_1.4.0.202007081208/tools/bin/../lib/gcc/arm-none-eabi/7.3.1/../../../../arm-none-eabi/lib/thumb/v6-m/crt0.o
LOAD Core/Src/main.o
LOAD Core/Src/stm32f0xx_hal_msp.o
LOAD Core/Src/stm32f0xx_it.o
LOAD Core/Src/syscalls.o
LOAD Core/Src/sysmem.o
LOAD Core/Src/system_stm32f0xx.o
LOAD Core/Startup/startup_stm32f042k6ux.o
LOAD Drivers/STM32F0xx_HAL_Driver/Src/stm32f0xx_hal.o
LOAD Drivers/STM32F0xx_HAL_Driver/Src/stm32f0xx_hal_cortex.o
LOAD Drivers/STM32F0xx_HAL_Driver/Src/stm32f0xx_hal_dma.o
LOAD Drivers/STM32F0xx_HAL_Driver/Src/stm32f0xx_hal_exti.o
LOAD Drivers/STM32F0xx_HAL_Driver/Src/stm32f0xx_hal_flash.o
LOAD Drivers/STM32F0xx_HAL_Driver/Src/stm32f0xx_hal_flash_ex.o
LOAD Drivers/STM32F0xx_HAL_Driver/Src/stm32f0xx_hal_gpio.o
LOAD Drivers/STM32F0xx_HAL_Driver/Src/stm32f0xx_hal_i2c.o
LOAD Drivers/STM32F0xx_HAL_Driver/Src/stm32f0xx_hal_i2c_ex.o
LOAD Drivers/STM32F0xx_HAL_Driver/Src/stm32f0xx_hal_pwr.o
LOAD Drivers/STM32F0xx_HAL_Driver/Src/stm32f0xx_hal_pwr_ex.o
LOAD Drivers/STM32F0xx_HAL_Driver/Src/stm32f0xx_hal_rcc.o
LOAD Drivers/STM32F0xx_HAL_Driver/Src/stm32f0xx_hal_rcc_ex.o
LOAD Drivers/STM32F0xx_HAL_Driver/Src/stm32f0xx_hal_spi.o
LOAD Drivers/STM32F0xx_HAL_Driver/Src/stm32f0xx_hal_spi_ex.o
LOAD Drivers/STM32F0xx_HAL_Driver/Src/stm32f0xx_hal_tim.o
LOAD Drivers/STM32F0xx_HAL_Driver/Src/stm32f0xx_hal_tim_ex.o
LOAD Drivers/STM32F0xx_HAL_Driver/Src/stm32f0xx_hal_uart.o
LOAD Drivers/STM32F0xx_HAL_Driver/Src/stm32f0xx_hal_uart_ex.o
LOAD FATFS/App/fatfs.o
LOAD FATFS/Target/user_diskio.o
LOAD FATFS/Target/user_diskio_spi.o
LOAD Middlewares/Third_Party/FatFs/src/diskio.o
LOAD Middlewares/Third_Party/FatFs/src/ff.o
LOAD Middlewares/Third_Party/FatFs/src/ff_gen_drv.o
LOAD Middlewares/Third_Party/FatFs/src/option/syscall.o
START GROUP
LOAD c:/st/stm32cubeide_1.4.0/stm32cubeide/plugins/com.st.stm32cube.ide.mcu.externaltools.gnu-tools-for-stm32.7-2018-q2-update.win32_1.4.0.202007081208/tools/bin/../lib/gcc/arm-none-eabi/7.3.1/../../../../arm-none-eabi/lib/thumb/v6-m\libc_nano.a
LOAD c:/st/stm32cubeide_1.4.0/stm32cubeide/plugins/com.st.stm32cube.ide.mcu.externaltools.gnu-tools-for-stm32.7-2018-q2-update.win32_1.4.0.202007081208/tools/bin/../lib/gcc/arm-none-eabi/7.3.1/../../../../arm-none-eabi/lib/thumb/v6-m\libm.a
END GROUP
START GROUP
LOAD c:/st/stm32cubeide_1.4.0/stm32cubeide/plugins/com.st.stm32cube.ide.mcu.externaltools.gnu-tools-for-stm32.7-2018-q2-update.win32_1.4.0.202007081208/tools/bin/../lib/gcc/arm-none-eabi/7.3.1/thumb/v6-m\libgcc.a
LOAD c:/st/stm32cubeide_1.4.0/stm32cubeide/plugins/com.st.stm32cube.ide.mcu.externaltools.gnu-tools-for-stm32.7-2018-q2-update.win32_1.4.0.202007081208/tools/bin/../lib/gcc/arm-none-eabi/7.3.1/../../../../arm-none-eabi/lib/thumb/v6-m\libc_nano.a
END GROUP
START GROUP
LOAD c:/st/stm32cubeide_1.4.0/stm32cubeide/plugins/com.st.stm32cube.ide.mcu.externaltools.gnu-tools-for-stm32.7-2018-q2-update.win32_1.4.0.202007081208/tools/bin/../lib/gcc/arm-none-eabi/7.3.1/thumb/v6-m\libgcc.a
LOAD c:/st/stm32cubeide_1.4.0/stm32cubeide/plugins/com.st.stm32cube.ide.mcu.externaltools.gnu-tools-for-stm32.7-2018-q2-update.win32_1.4.0.202007081208/tools/bin/../lib/gcc/arm-none-eabi/7.3.1/../../../../arm-none-eabi/lib/thumb/v6-m\libc_nano.a
LOAD c:/st/stm32cubeide_1.4.0/stm32cubeide/plugins/com.st.stm32cube.ide.mcu.externaltools.gnu-tools-for-stm32.7-2018-q2-update.win32_1.4.0.202007081208/tools/bin/../lib/gcc/arm-none-eabi/7.3.1/../../../../arm-none-eabi/lib/thumb/v6-m\libnosys.a
END GROUP
START GROUP
LOAD c:/st/stm32cubeide_1.4.0/stm32cubeide/plugins/com.st.stm32cube.ide.mcu.externaltools.gnu-tools-for-stm32.7-2018-q2-update.win32_1.4.0.202007081208/tools/bin/../lib/gcc/arm-none-eabi/7.3.1/thumb/v6-m\libgcc.a
LOAD c:/st/stm32cubeide_1.4.0/stm32cubeide/plugins/com.st.stm32cube.ide.mcu.externaltools.gnu-tools-for-stm32.7-2018-q2-update.win32_1.4.0.202007081208/tools/bin/../lib/gcc/arm-none-eabi/7.3.1/../../../../arm-none-eabi/lib/thumb/v6-m\libc_nano.a
LOAD c:/st/stm32cubeide_1.4.0/stm32cubeide/plugins/com.st.stm32cube.ide.mcu.externaltools.gnu-tools-for-stm32.7-2018-q2-update.win32_1.4.0.202007081208/tools/bin/../lib/gcc/arm-none-eabi/7.3.1/../../../../arm-none-eabi/lib/thumb/v6-m\libnosys.a
END GROUP
LOAD c:/st/stm32cubeide_1.4.0/stm32cubeide/plugins/com.st.stm32cube.ide.mcu.externaltools.gnu-tools-for-stm32.7-2018-q2-update.win32_1.4.0.202007081208/tools/bin/../lib/gcc/arm-none-eabi/7.3.1/thumb/v6-m/crtend.o
LOAD c:/st/stm32cubeide_1.4.0/stm32cubeide/plugins/com.st.stm32cube.ide.mcu.externaltools.gnu-tools-for-stm32.7-2018-q2-update.win32_1.4.0.202007081208/tools/bin/../lib/gcc/arm-none-eabi/7.3.1/thumb/v6-m/crtn.o
                0x0000000020001800                _estack = (ORIGIN (RAM) + LENGTH (RAM))
                0x0000000000000200                _Min_Heap_Size = 0x200
                0x0000000000000400                _Min_Stack_Size = 0x400

.isr_vector     0x0000000008000000       0xc0
                0x0000000008000000                . = ALIGN (0x4)
 *(.isr_vector)
 .isr_vector    0x0000000008000000       0xc0 Core/Startup/startup_stm32f042k6ux.o
                0x0000000008000000                g_pfnVectors
                0x00000000080000c0                . = ALIGN (0x4)

.text           0x00000000080000c0     0x80cc
                0x00000000080000c0                . = ALIGN (0x4)
 *(.text)
 .text          0x00000000080000c0       0x48 c:/st/stm32cubeide_1.4.0/stm32cubeide/plugins/com.st.stm32cube.ide.mcu.externaltools.gnu-tools-for-stm32.7-2018-q2-update.win32_1.4.0.202007081208/tools/bin/../lib/gcc/arm-none-eabi/7.3.1/thumb/v6-m/crtbegin.o
 .text          0x0000000008000108        0xe c:/st/stm32cubeide_1.4.0/stm32cubeide/plugins/com.st.stm32cube.ide.mcu.externaltools.gnu-tools-for-stm32.7-2018-q2-update.win32_1.4.0.202007081208/tools/bin/../lib/gcc/arm-none-eabi/7.3.1/../../../../arm-none-eabi/lib/thumb/v6-m\libc_nano.a(lib_a-strlen.o)
                0x0000000008000108                strlen
 *fill*         0x0000000008000116        0x2 
 .text          0x0000000008000118      0x114 c:/st/stm32cubeide_1.4.0/stm32cubeide/plugins/com.st.stm32cube.ide.mcu.externaltools.gnu-tools-for-stm32.7-2018-q2-update.win32_1.4.0.202007081208/tools/bin/../lib/gcc/arm-none-eabi/7.3.1/thumb/v6-m\libgcc.a(_udivsi3.o)
                0x0000000008000118                __aeabi_uidiv
                0x0000000008000118                __udivsi3
                0x0000000008000224                __aeabi_uidivmod
 .text          0x000000000800022c        0x4 c:/st/stm32cubeide_1.4.0/stm32cubeide/plugins/com.st.stm32cube.ide.mcu.externaltools.gnu-tools-for-stm32.7-2018-q2-update.win32_1.4.0.202007081208/tools/bin/../lib/gcc/arm-none-eabi/7.3.1/thumb/v6-m\libgcc.a(_dvmd_tls.o)
                0x000000000800022c                __aeabi_idiv0
                0x000000000800022c                __aeabi_ldiv0
 *(.text*)
 .text.main     0x0000000008000230      0x1b8 Core/Src/main.o
                0x0000000008000230                main
 .text.SystemClock_Config
                0x00000000080003e8       0xae Core/Src/main.o
                0x00000000080003e8                SystemClock_Config
 *fill*         0x0000000008000496        0x2 
 .text.MX_SPI1_Init
                0x0000000008000498       0x7c Core/Src/main.o
 .text.MX_USART1_UART_Init
                0x0000000008000514       0x64 Core/Src/main.o
 .text.MX_GPIO_Init
                0x0000000008000578      0x100 Core/Src/main.o
 .text.mainCheck
                0x0000000008000678       0x76 Core/Src/main.o
                0x0000000008000678                mainCheck
 .text.checkState
                0x00000000080006ee      0x11e Core/Src/main.o
                0x00000000080006ee                checkState
 .text.errorFound
                0x000000000800080c       0xa0 Core/Src/main.o
                0x000000000800080c                errorFound
 .text.isError  0x00000000080008ac       0x9a Core/Src/main.o
                0x00000000080008ac                isError
 *fill*         0x0000000008000946        0x2 
 .text.buzzOn   0x0000000008000948       0x1c Core/Src/main.o
                0x0000000008000948                buzzOn
 .text.buzzOff  0x0000000008000964       0x1c Core/Src/main.o
                0x0000000008000964                buzzOff
 .text.ledOn    0x0000000008000980       0xf4 Core/Src/main.o
                0x0000000008000980                ledOn
 .text.ledOff   0x0000000008000a74       0x34 Core/Src/main.o
                0x0000000008000a74                ledOff
 .text.powerFailureState
                0x0000000008000aa8       0x42 Core/Src/main.o
                0x0000000008000aa8                powerFailureState
 *fill*         0x0000000008000aea        0x2 
 .text.SizeOfFile
                0x0000000008000aec       0x48 Core/Src/main.o
                0x0000000008000aec                SizeOfFile
 .text.WriteFile
                0x0000000008000b34      0x108 Core/Src/main.o
                0x0000000008000b34                WriteFile
 .text.Error_Handler
                0x0000000008000c3c        0xa Core/Src/main.o
                0x0000000008000c3c                Error_Handler
 *fill*         0x0000000008000c46        0x2 
 .text.HAL_MspInit
                0x0000000008000c48       0x48 Core/Src/stm32f0xx_hal_msp.o
                0x0000000008000c48                HAL_MspInit
 .text.HAL_SPI_MspInit
                0x0000000008000c90       0x98 Core/Src/stm32f0xx_hal_msp.o
                0x0000000008000c90                HAL_SPI_MspInit
 .text.HAL_UART_MspInit
                0x0000000008000d28       0x9c Core/Src/stm32f0xx_hal_msp.o
                0x0000000008000d28                HAL_UART_MspInit
 .text.NMI_Handler
                0x0000000008000dc4        0xa Core/Src/stm32f0xx_it.o
                0x0000000008000dc4                NMI_Handler
 .text.HardFault_Handler
                0x0000000008000dce        0x6 Core/Src/stm32f0xx_it.o
                0x0000000008000dce                HardFault_Handler
 .text.SVC_Handler
                0x0000000008000dd4        0xa Core/Src/stm32f0xx_it.o
                0x0000000008000dd4                SVC_Handler
 .text.PendSV_Handler
                0x0000000008000dde        0xa Core/Src/stm32f0xx_it.o
                0x0000000008000dde                PendSV_Handler
 .text.SysTick_Handler
                0x0000000008000de8        0xe Core/Src/stm32f0xx_it.o
                0x0000000008000de8                SysTick_Handler
 .text._read    0x0000000008000df6       0x3a Core/Src/syscalls.o
                0x0000000008000df6                _read
 .text._write   0x0000000008000e30       0x38 Core/Src/syscalls.o
                0x0000000008000e30                _write
 .text._close   0x0000000008000e68       0x14 Core/Src/syscalls.o
                0x0000000008000e68                _close
 .text._fstat   0x0000000008000e7c       0x1c Core/Src/syscalls.o
                0x0000000008000e7c                _fstat
 .text._isatty  0x0000000008000e98       0x12 Core/Src/syscalls.o
                0x0000000008000e98                _isatty
 .text._lseek   0x0000000008000eaa       0x16 Core/Src/syscalls.o
                0x0000000008000eaa                _lseek
 .text._open    0x0000000008000ec0       0x1c Core/Src/syscalls.o
                0x0000000008000ec0                _open
 .text._sbrk    0x0000000008000edc       0x6c Core/Src/sysmem.o
                0x0000000008000edc                _sbrk
 .text.SystemInit
                0x0000000008000f48        0xa Core/Src/system_stm32f0xx.o
                0x0000000008000f48                SystemInit
 *fill*         0x0000000008000f52        0x2 
 .text.Reset_Handler
                0x0000000008000f54       0x80 Core/Startup/startup_stm32f042k6ux.o
                0x0000000008000f54                Reset_Handler
 .text.Default_Handler
                0x0000000008000fd4        0x2 Core/Startup/startup_stm32f042k6ux.o
                0x0000000008000fd4                TIM1_CC_IRQHandler
                0x0000000008000fd4                TSC_IRQHandler
                0x0000000008000fd4                I2C1_IRQHandler
                0x0000000008000fd4                RCC_CRS_IRQHandler
                0x0000000008000fd4                SPI1_IRQHandler
                0x0000000008000fd4                EXTI2_3_IRQHandler
                0x0000000008000fd4                ADC1_IRQHandler
                0x0000000008000fd4                TIM17_IRQHandler
                0x0000000008000fd4                CEC_CAN_IRQHandler
                0x0000000008000fd4                RTC_IRQHandler
                0x0000000008000fd4                PVD_VDDIO2_IRQHandler
                0x0000000008000fd4                TIM16_IRQHandler
                0x0000000008000fd4                TIM3_IRQHandler
                0x0000000008000fd4                EXTI4_15_IRQHandler
                0x0000000008000fd4                DMA1_Channel1_IRQHandler
                0x0000000008000fd4                Default_Handler
                0x0000000008000fd4                TIM14_IRQHandler
                0x0000000008000fd4                DMA1_Channel4_5_IRQHandler
                0x0000000008000fd4                EXTI0_1_IRQHandler
                0x0000000008000fd4                USB_IRQHandler
                0x0000000008000fd4                SPI2_IRQHandler
                0x0000000008000fd4                WWDG_IRQHandler
                0x0000000008000fd4                TIM2_IRQHandler
                0x0000000008000fd4                DMA1_Channel2_3_IRQHandler
                0x0000000008000fd4                USART2_IRQHandler
                0x0000000008000fd4                FLASH_IRQHandler
                0x0000000008000fd4                USART1_IRQHandler
                0x0000000008000fd4                TIM1_BRK_UP_TRG_COM_IRQHandler
 *fill*         0x0000000008000fd6        0x2 
 .text.HAL_Init
                0x0000000008000fd8       0x28 Drivers/STM32F0xx_HAL_Driver/Src/stm32f0xx_hal.o
                0x0000000008000fd8                HAL_Init
 .text.HAL_InitTick
                0x0000000008001000       0x68 Drivers/STM32F0xx_HAL_Driver/Src/stm32f0xx_hal.o
                0x0000000008001000                HAL_InitTick
 .text.HAL_IncTick
                0x0000000008001068       0x24 Drivers/STM32F0xx_HAL_Driver/Src/stm32f0xx_hal.o
                0x0000000008001068                HAL_IncTick
 .text.HAL_GetTick
                0x000000000800108c       0x14 Drivers/STM32F0xx_HAL_Driver/Src/stm32f0xx_hal.o
                0x000000000800108c                HAL_GetTick
 .text.HAL_Delay
                0x00000000080010a0       0x44 Drivers/STM32F0xx_HAL_Driver/Src/stm32f0xx_hal.o
                0x00000000080010a0                HAL_Delay
 .text.__NVIC_SetPriority
                0x00000000080010e4       0xdc Drivers/STM32F0xx_HAL_Driver/Src/stm32f0xx_hal_cortex.o
 .text.SysTick_Config
                0x00000000080011c0       0x48 Drivers/STM32F0xx_HAL_Driver/Src/stm32f0xx_hal_cortex.o
 .text.HAL_NVIC_SetPriority
                0x0000000008001208       0x2a Drivers/STM32F0xx_HAL_Driver/Src/stm32f0xx_hal_cortex.o
                0x0000000008001208                HAL_NVIC_SetPriority
 .text.HAL_SYSTICK_Config
                0x0000000008001232       0x1a Drivers/STM32F0xx_HAL_Driver/Src/stm32f0xx_hal_cortex.o
                0x0000000008001232                HAL_SYSTICK_Config
 .text.HAL_GPIO_Init
                0x000000000800124c      0x2d0 Drivers/STM32F0xx_HAL_Driver/Src/stm32f0xx_hal_gpio.o
                0x000000000800124c                HAL_GPIO_Init
 .text.HAL_GPIO_ReadPin
                0x000000000800151c       0x3a Drivers/STM32F0xx_HAL_Driver/Src/stm32f0xx_hal_gpio.o
                0x000000000800151c                HAL_GPIO_ReadPin
 .text.HAL_GPIO_WritePin
                0x0000000008001556       0x3a Drivers/STM32F0xx_HAL_Driver/Src/stm32f0xx_hal_gpio.o
                0x0000000008001556                HAL_GPIO_WritePin
 .text.HAL_RCC_OscConfig
                0x0000000008001590      0x70c Drivers/STM32F0xx_HAL_Driver/Src/stm32f0xx_hal_rcc.o
                0x0000000008001590                HAL_RCC_OscConfig
 .text.HAL_RCC_ClockConfig
                0x0000000008001c9c      0x1b4 Drivers/STM32F0xx_HAL_Driver/Src/stm32f0xx_hal_rcc.o
                0x0000000008001c9c                HAL_RCC_ClockConfig
 .text.HAL_RCC_GetSysClockFreq
                0x0000000008001e50       0xfc Drivers/STM32F0xx_HAL_Driver/Src/stm32f0xx_hal_rcc.o
                0x0000000008001e50                HAL_RCC_GetSysClockFreq
 .text.HAL_RCC_GetHCLKFreq
                0x0000000008001f4c       0x14 Drivers/STM32F0xx_HAL_Driver/Src/stm32f0xx_hal_rcc.o
                0x0000000008001f4c                HAL_RCC_GetHCLKFreq
 .text.HAL_RCC_GetPCLK1Freq
                0x0000000008001f60       0x2c Drivers/STM32F0xx_HAL_Driver/Src/stm32f0xx_hal_rcc.o
                0x0000000008001f60                HAL_RCC_GetPCLK1Freq
 .text.HAL_RCCEx_PeriphCLKConfig
                0x0000000008001f8c      0x1dc Drivers/STM32F0xx_HAL_Driver/Src/stm32f0xx_hal_rcc_ex.o
                0x0000000008001f8c                HAL_RCCEx_PeriphCLKConfig
 .text.HAL_SPI_Init
                0x0000000008002168      0x170 Drivers/STM32F0xx_HAL_Driver/Src/stm32f0xx_hal_spi.o
                0x0000000008002168                HAL_SPI_Init
 .text.HAL_SPI_TransmitReceive
                0x00000000080022d8      0x3a8 Drivers/STM32F0xx_HAL_Driver/Src/stm32f0xx_hal_spi.o
                0x00000000080022d8                HAL_SPI_TransmitReceive
 .text.SPI_WaitFlagStateUntilTimeout
                0x0000000008002680      0x11c Drivers/STM32F0xx_HAL_Driver/Src/stm32f0xx_hal_spi.o
 .text.SPI_WaitFifoStateUntilTimeout
                0x000000000800279c      0x12c Drivers/STM32F0xx_HAL_Driver/Src/stm32f0xx_hal_spi.o
 .text.SPI_EndRxTxTransaction
                0x00000000080028c8       0x8c Drivers/STM32F0xx_HAL_Driver/Src/stm32f0xx_hal_spi.o
 .text.HAL_UART_Init
                0x0000000008002954       0xa8 Drivers/STM32F0xx_HAL_Driver/Src/stm32f0xx_hal_uart.o
                0x0000000008002954                HAL_UART_Init
 .text.UART_SetConfig
                0x00000000080029fc      0x27c Drivers/STM32F0xx_HAL_Driver/Src/stm32f0xx_hal_uart.o
                0x00000000080029fc                UART_SetConfig
 .text.UART_AdvFeatureConfig
                0x0000000008002c78      0x168 Drivers/STM32F0xx_HAL_Driver/Src/stm32f0xx_hal_uart.o
                0x0000000008002c78                UART_AdvFeatureConfig
 .text.UART_CheckIdleState
                0x0000000008002de0       0x94 Drivers/STM32F0xx_HAL_Driver/Src/stm32f0xx_hal_uart.o
                0x0000000008002de0                UART_CheckIdleState
 .text.UART_WaitOnFlagUntilTimeout
                0x0000000008002e74       0xfc Drivers/STM32F0xx_HAL_Driver/Src/stm32f0xx_hal_uart.o
                0x0000000008002e74                UART_WaitOnFlagUntilTimeout
 .text.MX_FATFS_Init
                0x0000000008002f70       0x2c FATFS/App/fatfs.o
                0x0000000008002f70                MX_FATFS_Init
 .text.get_fattime
                0x0000000008002f9c        0xc FATFS/App/fatfs.o
                0x0000000008002f9c                get_fattime
 .text.USER_initialize
                0x0000000008002fa8       0x20 FATFS/Target/user_diskio.o
                0x0000000008002fa8                USER_initialize
 .text.USER_status
                0x0000000008002fc8       0x20 FATFS/Target/user_diskio.o
                0x0000000008002fc8                USER_status
 .text.USER_read
                0x0000000008002fe8       0x2e FATFS/Target/user_diskio.o
                0x0000000008002fe8                USER_read
 .text.USER_write
                0x0000000008003016       0x2e FATFS/Target/user_diskio.o
                0x0000000008003016                USER_write
 .text.USER_ioctl
                0x0000000008003044       0x2e FATFS/Target/user_diskio.o
                0x0000000008003044                USER_ioctl
 *fill*         0x0000000008003072        0x2 
 .text.SPI_Timer_On
                0x0000000008003074       0x28 FATFS/Target/user_diskio_spi.o
                0x0000000008003074                SPI_Timer_On
 .text.SPI_Timer_Status
                0x000000000800309c       0x2c FATFS/Target/user_diskio_spi.o
                0x000000000800309c                SPI_Timer_Status
 .text.xchg_spi
                0x00000000080030c8       0x30 FATFS/Target/user_diskio_spi.o
 .text.rcvr_spi_multi
                0x00000000080030f8       0x36 FATFS/Target/user_diskio_spi.o
 .text.xmit_spi_multi
                0x000000000800312e       0x34 FATFS/Target/user_diskio_spi.o
 .text.wait_ready
                0x0000000008003162       0x50 FATFS/Target/user_diskio_spi.o
 *fill*         0x00000000080031b2        0x2 
 .text.despiselect
                0x00000000080031b4       0x20 FATFS/Target/user_diskio_spi.o
 .text.spiselect
                0x00000000080031d4       0x38 FATFS/Target/user_diskio_spi.o
 .text.rcvr_datablock
                0x000000000800320c       0x5e FATFS/Target/user_diskio_spi.o
 .text.xmit_datablock
                0x000000000800326a       0x74 FATFS/Target/user_diskio_spi.o
 .text.send_cmd
                0x00000000080032de      0x11e FATFS/Target/user_diskio_spi.o
 .text.USER_SPI_initialize
                0x00000000080033fc      0x218 FATFS/Target/user_diskio_spi.o
                0x00000000080033fc                USER_SPI_initialize
 .text.USER_SPI_status
                0x0000000008003614       0x2c FATFS/Target/user_diskio_spi.o
                0x0000000008003614                USER_SPI_status
 .text.USER_SPI_read
                0x0000000008003640       0xd8 FATFS/Target/user_diskio_spi.o
                0x0000000008003640                USER_SPI_read
 .text.USER_SPI_write
                0x0000000008003718      0x100 FATFS/Target/user_diskio_spi.o
                0x0000000008003718                USER_SPI_write
 .text.USER_SPI_ioctl
                0x0000000008003818      0x328 FATFS/Target/user_diskio_spi.o
                0x0000000008003818                USER_SPI_ioctl
 .text.disk_status
                0x0000000008003b40       0x44 Middlewares/Third_Party/FatFs/src/diskio.o
                0x0000000008003b40                disk_status
 .text.disk_initialize
                0x0000000008003b84       0x64 Middlewares/Third_Party/FatFs/src/diskio.o
                0x0000000008003b84                disk_initialize
 .text.disk_read
                0x0000000008003be8       0x50 Middlewares/Third_Party/FatFs/src/diskio.o
                0x0000000008003be8                disk_read
 .text.disk_write
                0x0000000008003c38       0x50 Middlewares/Third_Party/FatFs/src/diskio.o
                0x0000000008003c38                disk_write
 .text.disk_ioctl
                0x0000000008003c88       0x50 Middlewares/Third_Party/FatFs/src/diskio.o
                0x0000000008003c88                disk_ioctl
 .text.mem_cpy  0x0000000008003cd8       0x38 Middlewares/Third_Party/FatFs/src/ff.o
 .text.mem_set  0x0000000008003d10       0x30 Middlewares/Third_Party/FatFs/src/ff.o
 .text.mem_cmp  0x0000000008003d40       0x4a Middlewares/Third_Party/FatFs/src/ff.o
 .text.chk_chr  0x0000000008003d8a       0x32 Middlewares/Third_Party/FatFs/src/ff.o
 .text.chk_lock
                0x0000000008003dbc       0xdc Middlewares/Third_Party/FatFs/src/ff.o
 .text.enq_lock
                0x0000000008003e98       0x40 Middlewares/Third_Party/FatFs/src/ff.o
 .text.inc_lock
                0x0000000008003ed8      0x170 Middlewares/Third_Party/FatFs/src/ff.o
 .text.dec_lock
                0x0000000008004048       0xac Middlewares/Third_Party/FatFs/src/ff.o
 .text.clear_lock
                0x00000000080040f4       0x4c Middlewares/Third_Party/FatFs/src/ff.o
 .text.sync_window
                0x0000000008004140       0xb0 Middlewares/Third_Party/FatFs/src/ff.o
 .text.move_window
                0x00000000080041f0       0x78 Middlewares/Third_Party/FatFs/src/ff.o
 .text.sync_fs  0x0000000008004268      0x1a8 Middlewares/Third_Party/FatFs/src/ff.o
 .text.clust2sect
                0x0000000008004410       0x48 Middlewares/Third_Party/FatFs/src/ff.o
                0x0000000008004410                clust2sect
 .text.get_fat  0x0000000008004458      0x17e Middlewares/Third_Party/FatFs/src/ff.o
                0x0000000008004458                get_fat
 .text.put_fat  0x00000000080045d6      0x258 Middlewares/Third_Party/FatFs/src/ff.o
                0x00000000080045d6                put_fat
 *fill*         0x000000000800482e        0x2 
 .text.remove_chain
                0x0000000008004830       0xe0 Middlewares/Third_Party/FatFs/src/ff.o
 .text.create_chain
                0x0000000008004910      0x16c Middlewares/Third_Party/FatFs/src/ff.o
 .text.clmt_clust
                0x0000000008004a7c       0x74 Middlewares/Third_Party/FatFs/src/ff.o
 .text.dir_sdi  0x0000000008004af0      0x160 Middlewares/Third_Party/FatFs/src/ff.o
 .text.dir_next
                0x0000000008004c50      0x234 Middlewares/Third_Party/FatFs/src/ff.o
 .text.dir_alloc
                0x0000000008004e84       0xbc Middlewares/Third_Party/FatFs/src/ff.o
 .text.ld_clust
                0x0000000008004f40       0x5a Middlewares/Third_Party/FatFs/src/ff.o
 .text.st_clust
                0x0000000008004f9a       0x4a Middlewares/Third_Party/FatFs/src/ff.o
 .text.dir_find
                0x0000000008004fe4       0xca Middlewares/Third_Party/FatFs/src/ff.o
 .text.dir_register
                0x00000000080050ae       0x90 Middlewares/Third_Party/FatFs/src/ff.o
 *fill*         0x000000000800513e        0x2 
 .text.create_name
                0x0000000008005140      0x20c Middlewares/Third_Party/FatFs/src/ff.o
 .text.follow_path
                0x000000000800534c      0x118 Middlewares/Third_Party/FatFs/src/ff.o
 .text.get_ldnumber
                0x0000000008005464       0x84 Middlewares/Third_Party/FatFs/src/ff.o
 .text.check_fs
                0x00000000080054e8       0xdc Middlewares/Third_Party/FatFs/src/ff.o
 .text.find_volume
                0x00000000080055c4      0x63c Middlewares/Third_Party/FatFs/src/ff.o
 .text.validate
                0x0000000008005c00       0x7c Middlewares/Third_Party/FatFs/src/ff.o
 .text.f_mount  0x0000000008005c7c       0xa0 Middlewares/Third_Party/FatFs/src/ff.o
                0x0000000008005c7c                f_mount
 .text.f_open   0x0000000008005d1c      0x570 Middlewares/Third_Party/FatFs/src/ff.o
                0x0000000008005d1c                f_open
 .text.f_write  0x000000000800628c      0x3d8 Middlewares/Third_Party/FatFs/src/ff.o
                0x000000000800628c                f_write
 .text.f_sync   0x0000000008006664      0x1ac Middlewares/Third_Party/FatFs/src/ff.o
                0x0000000008006664                f_sync
 .text.f_close  0x0000000008006810       0x6e Middlewares/Third_Party/FatFs/src/ff.o
                0x0000000008006810                f_close
 *fill*         0x000000000800687e        0x2 
 .text.f_lseek  0x0000000008006880      0x558 Middlewares/Third_Party/FatFs/src/ff.o
                0x0000000008006880                f_lseek
 .text.FATFS_LinkDriverEx
                0x0000000008006dd8       0xac Middlewares/Third_Party/FatFs/src/ff_gen_drv.o
                0x0000000008006dd8                FATFS_LinkDriverEx
 .text.FATFS_LinkDriver
                0x0000000008006e84       0x20 Middlewares/Third_Party/FatFs/src/ff_gen_drv.o
                0x0000000008006e84                FATFS_LinkDriver
 .text.__errno  0x0000000008006ea4        0xc c:/st/stm32cubeide_1.4.0/stm32cubeide/plugins/com.st.stm32cube.ide.mcu.externaltools.gnu-tools-for-stm32.7-2018-q2-update.win32_1.4.0.202007081208/tools/bin/../lib/gcc/arm-none-eabi/7.3.1/../../../../arm-none-eabi/lib/thumb/v6-m\libc_nano.a(lib_a-errno.o)
                0x0000000008006ea4                __errno
 .text._fclose_r
                0x0000000008006eb0       0xb0 c:/st/stm32cubeide_1.4.0/stm32cubeide/plugins/com.st.stm32cube.ide.mcu.externaltools.gnu-tools-for-stm32.7-2018-q2-update.win32_1.4.0.202007081208/tools/bin/../lib/gcc/arm-none-eabi/7.3.1/../../../../arm-none-eabi/lib/thumb/v6-m\libc_nano.a(lib_a-fclose.o)
                0x0000000008006eb0                _fclose_r
 .text.fclose   0x0000000008006f60       0x14 c:/st/stm32cubeide_1.4.0/stm32cubeide/plugins/com.st.stm32cube.ide.mcu.externaltools.gnu-tools-for-stm32.7-2018-q2-update.win32_1.4.0.202007081208/tools/bin/../lib/gcc/arm-none-eabi/7.3.1/../../../../arm-none-eabi/lib/thumb/v6-m\libc_nano.a(lib_a-fclose.o)
                0x0000000008006f60                fclose
 .text.__sflush_r
                0x0000000008006f74      0x114 c:/st/stm32cubeide_1.4.0/stm32cubeide/plugins/com.st.stm32cube.ide.mcu.externaltools.gnu-tools-for-stm32.7-2018-q2-update.win32_1.4.0.202007081208/tools/bin/../lib/gcc/arm-none-eabi/7.3.1/../../../../arm-none-eabi/lib/thumb/v6-m\libc_nano.a(lib_a-fflush.o)
                0x0000000008006f74                __sflush_r
 .text._fflush_r
                0x0000000008007088       0x58 c:/st/stm32cubeide_1.4.0/stm32cubeide/plugins/com.st.stm32cube.ide.mcu.externaltools.gnu-tools-for-stm32.7-2018-q2-update.win32_1.4.0.202007081208/tools/bin/../lib/gcc/arm-none-eabi/7.3.1/../../../../arm-none-eabi/lib/thumb/v6-m\libc_nano.a(lib_a-fflush.o)
                0x0000000008007088                _fflush_r
 .text.std      0x00000000080070e0       0x48 c:/st/stm32cubeide_1.4.0/stm32cubeide/plugins/com.st.stm32cube.ide.mcu.externaltools.gnu-tools-for-stm32.7-2018-q2-update.win32_1.4.0.202007081208/tools/bin/../lib/gcc/arm-none-eabi/7.3.1/../../../../arm-none-eabi/lib/thumb/v6-m\libc_nano.a(lib_a-findfp.o)
 .text._cleanup_r
                0x0000000008007128       0x10 c:/st/stm32cubeide_1.4.0/stm32cubeide/plugins/com.st.stm32cube.ide.mcu.externaltools.gnu-tools-for-stm32.7-2018-q2-update.win32_1.4.0.202007081208/tools/bin/../lib/gcc/arm-none-eabi/7.3.1/../../../../arm-none-eabi/lib/thumb/v6-m\libc_nano.a(lib_a-findfp.o)
                0x0000000008007128                _cleanup_r
 .text.__sfmoreglue
                0x0000000008007138       0x2c c:/st/stm32cubeide_1.4.0/stm32cubeide/plugins/com.st.stm32cube.ide.mcu.externaltools.gnu-tools-for-stm32.7-2018-q2-update.win32_1.4.0.202007081208/tools/bin/../lib/gcc/arm-none-eabi/7.3.1/../../../../arm-none-eabi/lib/thumb/v6-m\libc_nano.a(lib_a-findfp.o)
                0x0000000008007138                __sfmoreglue
 .text.__sinit  0x0000000008007164       0x68 c:/st/stm32cubeide_1.4.0/stm32cubeide/plugins/com.st.stm32cube.ide.mcu.externaltools.gnu-tools-for-stm32.7-2018-q2-update.win32_1.4.0.202007081208/tools/bin/../lib/gcc/arm-none-eabi/7.3.1/../../../../arm-none-eabi/lib/thumb/v6-m\libc_nano.a(lib_a-findfp.o)
                0x0000000008007164                __sinit
 .text.__sfp    0x00000000080071cc       0x7c c:/st/stm32cubeide_1.4.0/stm32cubeide/plugins/com.st.stm32cube.ide.mcu.externaltools.gnu-tools-for-stm32.7-2018-q2-update.win32_1.4.0.202007081208/tools/bin/../lib/gcc/arm-none-eabi/7.3.1/../../../../arm-none-eabi/lib/thumb/v6-m\libc_nano.a(lib_a-findfp.o)
                0x00000000080071cc                __sfp
 .text.__sfp_lock_acquire
                0x0000000008007248        0x2 c:/st/stm32cubeide_1.4.0/stm32cubeide/plugins/com.st.stm32cube.ide.mcu.externaltools.gnu-tools-for-stm32.7-2018-q2-update.win32_1.4.0.202007081208/tools/bin/../lib/gcc/arm-none-eabi/7.3.1/../../../../arm-none-eabi/lib/thumb/v6-m\libc_nano.a(lib_a-findfp.o)
                0x0000000008007248                __sfp_lock_acquire
 .text.__sfp_lock_release
                0x000000000800724a        0x2 c:/st/stm32cubeide_1.4.0/stm32cubeide/plugins/com.st.stm32cube.ide.mcu.externaltools.gnu-tools-for-stm32.7-2018-q2-update.win32_1.4.0.202007081208/tools/bin/../lib/gcc/arm-none-eabi/7.3.1/../../../../arm-none-eabi/lib/thumb/v6-m\libc_nano.a(lib_a-findfp.o)
                0x000000000800724a                __sfp_lock_release
 .text._fopen_r
                0x000000000800724c       0x7c c:/st/stm32cubeide_1.4.0/stm32cubeide/plugins/com.st.stm32cube.ide.mcu.externaltools.gnu-tools-for-stm32.7-2018-q2-update.win32_1.4.0.202007081208/tools/bin/../lib/gcc/arm-none-eabi/7.3.1/../../../../arm-none-eabi/lib/thumb/v6-m\libc_nano.a(lib_a-fopen.o)
                0x000000000800724c                _fopen_r
 .text.fopen    0x00000000080072c8       0x14 c:/st/stm32cubeide_1.4.0/stm32cubeide/plugins/com.st.stm32cube.ide.mcu.externaltools.gnu-tools-for-stm32.7-2018-q2-update.win32_1.4.0.202007081208/tools/bin/../lib/gcc/arm-none-eabi/7.3.1/../../../../arm-none-eabi/lib/thumb/v6-m\libc_nano.a(lib_a-fopen.o)
                0x00000000080072c8                fopen
 .text._fseek_r
                0x00000000080072dc        0x8 c:/st/stm32cubeide_1.4.0/stm32cubeide/plugins/com.st.stm32cube.ide.mcu.externaltools.gnu-tools-for-stm32.7-2018-q2-update.win32_1.4.0.202007081208/tools/bin/../lib/gcc/arm-none-eabi/7.3.1/../../../../arm-none-eabi/lib/thumb/v6-m\libc_nano.a(lib_a-fseek.o)
                0x00000000080072dc                _fseek_r
 .text.fseek    0x00000000080072e4       0x18 c:/st/stm32cubeide_1.4.0/stm32cubeide/plugins/com.st.stm32cube.ide.mcu.externaltools.gnu-tools-for-stm32.7-2018-q2-update.win32_1.4.0.202007081208/tools/bin/../lib/gcc/arm-none-eabi/7.3.1/../../../../arm-none-eabi/lib/thumb/v6-m\libc_nano.a(lib_a-fseek.o)
                0x00000000080072e4                fseek
 .text._fseeko_r
                0x00000000080072fc      0x12c c:/st/stm32cubeide_1.4.0/stm32cubeide/plugins/com.st.stm32cube.ide.mcu.externaltools.gnu-tools-for-stm32.7-2018-q2-update.win32_1.4.0.202007081208/tools/bin/../lib/gcc/arm-none-eabi/7.3.1/../../../../arm-none-eabi/lib/thumb/v6-m\libc_nano.a(lib_a-fseeko.o)
                0x00000000080072fc                _fseeko_r
 .text.ftell    0x0000000008007428       0x14 c:/st/stm32cubeide_1.4.0/stm32cubeide/plugins/com.st.stm32cube.ide.mcu.externaltools.gnu-tools-for-stm32.7-2018-q2-update.win32_1.4.0.202007081208/tools/bin/../lib/gcc/arm-none-eabi/7.3.1/../../../../arm-none-eabi/lib/thumb/v6-m\libc_nano.a(lib_a-ftell.o)
                0x0000000008007428                ftell
 .text._ftello_r
                0x000000000800743c       0xb0 c:/st/stm32cubeide_1.4.0/stm32cubeide/plugins/com.st.stm32cube.ide.mcu.externaltools.gnu-tools-for-stm32.7-2018-q2-update.win32_1.4.0.202007081208/tools/bin/../lib/gcc/arm-none-eabi/7.3.1/../../../../arm-none-eabi/lib/thumb/v6-m\libc_nano.a(lib_a-ftello.o)
                0x000000000800743c                _ftello_r
 .text._fwalk_reent
                0x00000000080074ec       0x42 c:/st/stm32cubeide_1.4.0/stm32cubeide/plugins/com.st.stm32cube.ide.mcu.externaltools.gnu-tools-for-stm32.7-2018-q2-update.win32_1.4.0.202007081208/tools/bin/../lib/gcc/arm-none-eabi/7.3.1/../../../../arm-none-eabi/lib/thumb/v6-m\libc_nano.a(lib_a-fwalk.o)
                0x00000000080074ec                _fwalk_reent
 *fill*         0x000000000800752e        0x2 
 .text.__libc_init_array
                0x0000000008007530       0x48 c:/st/stm32cubeide_1.4.0/stm32cubeide/plugins/com.st.stm32cube.ide.mcu.externaltools.gnu-tools-for-stm32.7-2018-q2-update.win32_1.4.0.202007081208/tools/bin/../lib/gcc/arm-none-eabi/7.3.1/../../../../arm-none-eabi/lib/thumb/v6-m\libc_nano.a(lib_a-init.o)
                0x0000000008007530                __libc_init_array
 .text.__swhatbuf_r
                0x0000000008007578       0x50 c:/st/stm32cubeide_1.4.0/stm32cubeide/plugins/com.st.stm32cube.ide.mcu.externaltools.gnu-tools-for-stm32.7-2018-q2-update.win32_1.4.0.202007081208/tools/bin/../lib/gcc/arm-none-eabi/7.3.1/../../../../arm-none-eabi/lib/thumb/v6-m\libc_nano.a(lib_a-makebuf.o)
                0x0000000008007578                __swhatbuf_r
 .text.__smakebuf_r
                0x00000000080075c8       0x88 c:/st/stm32cubeide_1.4.0/stm32cubeide/plugins/com.st.stm32cube.ide.mcu.externaltools.gnu-tools-for-stm32.7-2018-q2-update.win32_1.4.0.202007081208/tools/bin/../lib/gcc/arm-none-eabi/7.3.1/../../../../arm-none-eabi/lib/thumb/v6-m\libc_nano.a(lib_a-makebuf.o)
                0x00000000080075c8                __smakebuf_r
 .text.free     0x0000000008007650       0x14 c:/st/stm32cubeide_1.4.0/stm32cubeide/plugins/com.st.stm32cube.ide.mcu.externaltools.gnu-tools-for-stm32.7-2018-q2-update.win32_1.4.0.202007081208/tools/bin/../lib/gcc/arm-none-eabi/7.3.1/../../../../arm-none-eabi/lib/thumb/v6-m\libc_nano.a(lib_a-malloc.o)
                0x0000000008007650                free
 .text.memcpy   0x0000000008007664       0x12 c:/st/stm32cubeide_1.4.0/stm32cubeide/plugins/com.st.stm32cube.ide.mcu.externaltools.gnu-tools-for-stm32.7-2018-q2-update.win32_1.4.0.202007081208/tools/bin/../lib/gcc/arm-none-eabi/7.3.1/../../../../arm-none-eabi/lib/thumb/v6-m\libc_nano.a(lib_a-memcpy-stub.o)
                0x0000000008007664                memcpy
 .text.memset   0x0000000008007676       0x10 c:/st/stm32cubeide_1.4.0/stm32cubeide/plugins/com.st.stm32cube.ide.mcu.externaltools.gnu-tools-for-stm32.7-2018-q2-update.win32_1.4.0.202007081208/tools/bin/../lib/gcc/arm-none-eabi/7.3.1/../../../../arm-none-eabi/lib/thumb/v6-m\libc_nano.a(lib_a-memset.o)
                0x0000000008007676                memset
 *fill*         0x0000000008007686        0x2 
 .text._free_r  0x0000000008007688       0x94 c:/st/stm32cubeide_1.4.0/stm32cubeide/plugins/com.st.stm32cube.ide.mcu.externaltools.gnu-tools-for-stm32.7-2018-q2-update.win32_1.4.0.202007081208/tools/bin/../lib/gcc/arm-none-eabi/7.3.1/../../../../arm-none-eabi/lib/thumb/v6-m\libc_nano.a(lib_a-nano-freer.o)
                0x0000000008007688                _free_r
 .text._malloc_r
                0x000000000800771c       0xbc c:/st/stm32cubeide_1.4.0/stm32cubeide/plugins/com.st.stm32cube.ide.mcu.externaltools.gnu-tools-for-stm32.7-2018-q2-update.win32_1.4.0.202007081208/tools/bin/../lib/gcc/arm-none-eabi/7.3.1/../../../../arm-none-eabi/lib/thumb/v6-m\libc_nano.a(lib_a-nano-mallocr.o)
                0x000000000800771c                _malloc_r
 .text._open_r  0x00000000080077d8       0x28 c:/st/stm32cubeide_1.4.0/stm32cubeide/plugins/com.st.stm32cube.ide.mcu.externaltools.gnu-tools-for-stm32.7-2018-q2-update.win32_1.4.0.202007081208/tools/bin/../lib/gcc/arm-none-eabi/7.3.1/../../../../arm-none-eabi/lib/thumb/v6-m\libc_nano.a(lib_a-openr.o)
                0x00000000080077d8                _open_r
 .text.printf   0x0000000008007800       0x34 c:/st/stm32cubeide_1.4.0/stm32cubeide/plugins/com.st.stm32cube.ide.mcu.externaltools.gnu-tools-for-stm32.7-2018-q2-update.win32_1.4.0.202007081208/tools/bin/../lib/gcc/arm-none-eabi/7.3.1/../../../../arm-none-eabi/lib/thumb/v6-m\libc_nano.a(lib_a-printf.o)
                0x0000000008007800                iprintf
                0x0000000008007800                printf
 .text._sbrk_r  0x0000000008007834       0x24 c:/st/stm32cubeide_1.4.0/stm32cubeide/plugins/com.st.stm32cube.ide.mcu.externaltools.gnu-tools-for-stm32.7-2018-q2-update.win32_1.4.0.202007081208/tools/bin/../lib/gcc/arm-none-eabi/7.3.1/../../../../arm-none-eabi/lib/thumb/v6-m\libc_nano.a(lib_a-sbrkr.o)
                0x0000000008007834                _sbrk_r
 .text.__sread  0x0000000008007858       0x28 c:/st/stm32cubeide_1.4.0/stm32cubeide/plugins/com.st.stm32cube.ide.mcu.externaltools.gnu-tools-for-stm32.7-2018-q2-update.win32_1.4.0.202007081208/tools/bin/../lib/gcc/arm-none-eabi/7.3.1/../../../../arm-none-eabi/lib/thumb/v6-m\libc_nano.a(lib_a-stdio.o)
                0x0000000008007858                __sread
 .text.__swrite
                0x0000000008007880       0x38 c:/st/stm32cubeide_1.4.0/stm32cubeide/plugins/com.st.stm32cube.ide.mcu.externaltools.gnu-tools-for-stm32.7-2018-q2-update.win32_1.4.0.202007081208/tools/bin/../lib/gcc/arm-none-eabi/7.3.1/../../../../arm-none-eabi/lib/thumb/v6-m\libc_nano.a(lib_a-stdio.o)
                0x0000000008007880                __swrite
 .text.__sseek  0x00000000080078b8       0x2c c:/st/stm32cubeide_1.4.0/stm32cubeide/plugins/com.st.stm32cube.ide.mcu.externaltools.gnu-tools-for-stm32.7-2018-q2-update.win32_1.4.0.202007081208/tools/bin/../lib/gcc/arm-none-eabi/7.3.1/../../../../arm-none-eabi/lib/thumb/v6-m\libc_nano.a(lib_a-stdio.o)
                0x00000000080078b8                __sseek
 .text.__sclose
                0x00000000080078e4        0xc c:/st/stm32cubeide_1.4.0/stm32cubeide/plugins/com.st.stm32cube.ide.mcu.externaltools.gnu-tools-for-stm32.7-2018-q2-update.win32_1.4.0.202007081208/tools/bin/../lib/gcc/arm-none-eabi/7.3.1/../../../../arm-none-eabi/lib/thumb/v6-m\libc_nano.a(lib_a-stdio.o)
                0x00000000080078e4                __sclose
 .text.strcpy   0x00000000080078f0       0x10 c:/st/stm32cubeide_1.4.0/stm32cubeide/plugins/com.st.stm32cube.ide.mcu.externaltools.gnu-tools-for-stm32.7-2018-q2-update.win32_1.4.0.202007081208/tools/bin/../lib/gcc/arm-none-eabi/7.3.1/../../../../arm-none-eabi/lib/thumb/v6-m\libc_nano.a(lib_a-strcpy.o)
                0x00000000080078f0                strcpy
 .text._write_r
                0x0000000008007900       0x28 c:/st/stm32cubeide_1.4.0/stm32cubeide/plugins/com.st.stm32cube.ide.mcu.externaltools.gnu-tools-for-stm32.7-2018-q2-update.win32_1.4.0.202007081208/tools/bin/../lib/gcc/arm-none-eabi/7.3.1/../../../../arm-none-eabi/lib/thumb/v6-m\libc_nano.a(lib_a-writer.o)
                0x0000000008007900                _write_r
 .text._close_r
                0x0000000008007928       0x24 c:/st/stm32cubeide_1.4.0/stm32cubeide/plugins/com.st.stm32cube.ide.mcu.externaltools.gnu-tools-for-stm32.7-2018-q2-update.win32_1.4.0.202007081208/tools/bin/../lib/gcc/arm-none-eabi/7.3.1/../../../../arm-none-eabi/lib/thumb/v6-m\libc_nano.a(lib_a-closer.o)
                0x0000000008007928                _close_r
 .text.__sflags
                0x000000000800794c       0x72 c:/st/stm32cubeide_1.4.0/stm32cubeide/plugins/com.st.stm32cube.ide.mcu.externaltools.gnu-tools-for-stm32.7-2018-q2-update.win32_1.4.0.202007081208/tools/bin/../lib/gcc/arm-none-eabi/7.3.1/../../../../arm-none-eabi/lib/thumb/v6-m\libc_nano.a(lib_a-flags.o)
                0x000000000800794c                __sflags
 *fill*         0x00000000080079be        0x2 
 .text._fstat_r
                0x00000000080079c0       0x24 c:/st/stm32cubeide_1.4.0/stm32cubeide/plugins/com.st.stm32cube.ide.mcu.externaltools.gnu-tools-for-stm32.7-2018-q2-update.win32_1.4.0.202007081208/tools/bin/../lib/gcc/arm-none-eabi/7.3.1/../../../../arm-none-eabi/lib/thumb/v6-m\libc_nano.a(lib_a-fstatr.o)
                0x00000000080079c0                _fstat_r
 .text._isatty_r
                0x00000000080079e4       0x24 c:/st/stm32cubeide_1.4.0/stm32cubeide/plugins/com.st.stm32cube.ide.mcu.externaltools.gnu-tools-for-stm32.7-2018-q2-update.win32_1.4.0.202007081208/tools/bin/../lib/gcc/arm-none-eabi/7.3.1/../../../../arm-none-eabi/lib/thumb/v6-m\libc_nano.a(lib_a-isattyr.o)
                0x00000000080079e4                _isatty_r
 .text._lseek_r
                0x0000000008007a08       0x28 c:/st/stm32cubeide_1.4.0/stm32cubeide/plugins/com.st.stm32cube.ide.mcu.externaltools.gnu-tools-for-stm32.7-2018-q2-update.win32_1.4.0.202007081208/tools/bin/../lib/gcc/arm-none-eabi/7.3.1/../../../../arm-none-eabi/lib/thumb/v6-m\libc_nano.a(lib_a-lseekr.o)
                0x0000000008007a08                _lseek_r
 .text.__malloc_lock
                0x0000000008007a30        0x2 c:/st/stm32cubeide_1.4.0/stm32cubeide/plugins/com.st.stm32cube.ide.mcu.externaltools.gnu-tools-for-stm32.7-2018-q2-update.win32_1.4.0.202007081208/tools/bin/../lib/gcc/arm-none-eabi/7.3.1/../../../../arm-none-eabi/lib/thumb/v6-m\libc_nano.a(lib_a-mlock.o)
                0x0000000008007a30                __malloc_lock
 .text.__malloc_unlock
                0x0000000008007a32        0x2 c:/st/stm32cubeide_1.4.0/stm32cubeide/plugins/com.st.stm32cube.ide.mcu.externaltools.gnu-tools-for-stm32.7-2018-q2-update.win32_1.4.0.202007081208/tools/bin/../lib/gcc/arm-none-eabi/7.3.1/../../../../arm-none-eabi/lib/thumb/v6-m\libc_nano.a(lib_a-mlock.o)
                0x0000000008007a32                __malloc_unlock
 .text.__sfputc_r
                0x0000000008007a34       0x2a c:/st/stm32cubeide_1.4.0/stm32cubeide/plugins/com.st.stm32cube.ide.mcu.externaltools.gnu-tools-for-stm32.7-2018-q2-update.win32_1.4.0.202007081208/tools/bin/../lib/gcc/arm-none-eabi/7.3.1/../../../../arm-none-eabi/lib/thumb/v6-m\libc_nano.a(lib_a-nano-vfprintf.o)
 .text.__sfputs_r
                0x0000000008007a5e       0x24 c:/st/stm32cubeide_1.4.0/stm32cubeide/plugins/com.st.stm32cube.ide.mcu.externaltools.gnu-tools-for-stm32.7-2018-q2-update.win32_1.4.0.202007081208/tools/bin/../lib/gcc/arm-none-eabi/7.3.1/../../../../arm-none-eabi/lib/thumb/v6-m\libc_nano.a(lib_a-nano-vfprintf.o)
                0x0000000008007a5e                __sfputs_r
 *fill*         0x0000000008007a82        0x2 
 .text._vfprintf_r
                0x0000000008007a84      0x22c c:/st/stm32cubeide_1.4.0/stm32cubeide/plugins/com.st.stm32cube.ide.mcu.externaltools.gnu-tools-for-stm32.7-2018-q2-update.win32_1.4.0.202007081208/tools/bin/../lib/gcc/arm-none-eabi/7.3.1/../../../../arm-none-eabi/lib/thumb/v6-m\libc_nano.a(lib_a-nano-vfprintf.o)
                0x0000000008007a84                _vfprintf_r
                0x0000000008007a84                _vfiprintf_r
 .text._printf_common
                0x0000000008007cb0       0xda c:/st/stm32cubeide_1.4.0/stm32cubeide/plugins/com.st.stm32cube.ide.mcu.externaltools.gnu-tools-for-stm32.7-2018-q2-update.win32_1.4.0.202007081208/tools/bin/../lib/gcc/arm-none-eabi/7.3.1/../../../../arm-none-eabi/lib/thumb/v6-m\libc_nano.a(lib_a-nano-vfprintf_i.o)
                0x0000000008007cb0                _printf_common
 *fill*         0x0000000008007d8a        0x2 
 .text._printf_i
                0x0000000008007d8c      0x210 c:/st/stm32cubeide_1.4.0/stm32cubeide/plugins/com.st.stm32cube.ide.mcu.externaltools.gnu-tools-for-stm32.7-2018-q2-update.win32_1.4.0.202007081208/tools/bin/../lib/gcc/arm-none-eabi/7.3.1/../../../../arm-none-eabi/lib/thumb/v6-m\libc_nano.a(lib_a-nano-vfprintf_i.o)
                0x0000000008007d8c                _printf_i
 .text._read_r  0x0000000008007f9c       0x28 c:/st/stm32cubeide_1.4.0/stm32cubeide/plugins/com.st.stm32cube.ide.mcu.externaltools.gnu-tools-for-stm32.7-2018-q2-update.win32_1.4.0.202007081208/tools/bin/../lib/gcc/arm-none-eabi/7.3.1/../../../../arm-none-eabi/lib/thumb/v6-m\libc_nano.a(lib_a-readr.o)
                0x0000000008007f9c                _read_r
 .text.__swbuf_r
                0x0000000008007fc4       0xac c:/st/stm32cubeide_1.4.0/stm32cubeide/plugins/com.st.stm32cube.ide.mcu.externaltools.gnu-tools-for-stm32.7-2018-q2-update.win32_1.4.0.202007081208/tools/bin/../lib/gcc/arm-none-eabi/7.3.1/../../../../arm-none-eabi/lib/thumb/v6-m\libc_nano.a(lib_a-wbuf.o)
                0x0000000008007fc4                __swbuf_r
 .text.__swsetup_r
                0x0000000008008070       0xec c:/st/stm32cubeide_1.4.0/stm32cubeide/plugins/com.st.stm32cube.ide.mcu.externaltools.gnu-tools-for-stm32.7-2018-q2-update.win32_1.4.0.202007081208/tools/bin/../lib/gcc/arm-none-eabi/7.3.1/../../../../arm-none-eabi/lib/thumb/v6-m\libc_nano.a(lib_a-wsetup.o)
                0x0000000008008070                __swsetup_r
 .text.memchr   0x000000000800815c       0x16 c:/st/stm32cubeide_1.4.0/stm32cubeide/plugins/com.st.stm32cube.ide.mcu.externaltools.gnu-tools-for-stm32.7-2018-q2-update.win32_1.4.0.202007081208/tools/bin/../lib/gcc/arm-none-eabi/7.3.1/../../../../arm-none-eabi/lib/thumb/v6-m\libc_nano.a(lib_a-memchr-stub.o)
                0x000000000800815c                memchr
 *(.glue_7)
 .glue_7        0x0000000008008172        0x0 linker stubs
 *(.glue_7t)
 .glue_7t       0x0000000008008172        0x0 linker stubs
 *(.eh_frame)
 *fill*         0x0000000008008172        0x2 
 .eh_frame      0x0000000008008174        0x0 c:/st/stm32cubeide_1.4.0/stm32cubeide/plugins/com.st.stm32cube.ide.mcu.externaltools.gnu-tools-for-stm32.7-2018-q2-update.win32_1.4.0.202007081208/tools/bin/../lib/gcc/arm-none-eabi/7.3.1/thumb/v6-m/crtbegin.o
 *(.init)
 .init          0x0000000008008174        0x4 c:/st/stm32cubeide_1.4.0/stm32cubeide/plugins/com.st.stm32cube.ide.mcu.externaltools.gnu-tools-for-stm32.7-2018-q2-update.win32_1.4.0.202007081208/tools/bin/../lib/gcc/arm-none-eabi/7.3.1/thumb/v6-m/crti.o
                0x0000000008008174                _init
 .init          0x0000000008008178        0x8 c:/st/stm32cubeide_1.4.0/stm32cubeide/plugins/com.st.stm32cube.ide.mcu.externaltools.gnu-tools-for-stm32.7-2018-q2-update.win32_1.4.0.202007081208/tools/bin/../lib/gcc/arm-none-eabi/7.3.1/thumb/v6-m/crtn.o
 *(.fini)
 .fini          0x0000000008008180        0x4 c:/st/stm32cubeide_1.4.0/stm32cubeide/plugins/com.st.stm32cube.ide.mcu.externaltools.gnu-tools-for-stm32.7-2018-q2-update.win32_1.4.0.202007081208/tools/bin/../lib/gcc/arm-none-eabi/7.3.1/thumb/v6-m/crti.o
                0x0000000008008180                _fini
 .fini          0x0000000008008184        0x8 c:/st/stm32cubeide_1.4.0/stm32cubeide/plugins/com.st.stm32cube.ide.mcu.externaltools.gnu-tools-for-stm32.7-2018-q2-update.win32_1.4.0.202007081208/tools/bin/../lib/gcc/arm-none-eabi/7.3.1/thumb/v6-m/crtn.o
                0x000000000800818c                . = ALIGN (0x4)
                0x000000000800818c                _etext = .

.vfp11_veneer   0x000000000800818c        0x0
 .vfp11_veneer  0x000000000800818c        0x0 linker stubs

.v4_bx          0x000000000800818c        0x0
 .v4_bx         0x000000000800818c        0x0 linker stubs

.iplt           0x000000000800818c        0x0
 .iplt          0x000000000800818c        0x0 c:/st/stm32cubeide_1.4.0/stm32cubeide/plugins/com.st.stm32cube.ide.mcu.externaltools.gnu-tools-for-stm32.7-2018-q2-update.win32_1.4.0.202007081208/tools/bin/../lib/gcc/arm-none-eabi/7.3.1/thumb/v6-m/crtbegin.o

.rodata         0x000000000800818c      0x1e0
                0x000000000800818c                . = ALIGN (0x4)
 *(.rodata)
 .rodata        0x000000000800818c       0x4a Core/Src/main.o
 *fill*         0x00000000080081d6        0x2 
 .rodata        0x00000000080081d8       0x20 Drivers/STM32F0xx_HAL_Driver/Src/stm32f0xx_hal_rcc.o
 .rodata        0x00000000080081f8       0x44 Middlewares/Third_Party/FatFs/src/ff.o
 *(.rodata*)
 .rodata.AHBPrescTable
                0x000000000800823c       0x10 Core/Src/system_stm32f0xx.o
                0x000000000800823c                AHBPrescTable
 .rodata.APBPrescTable
                0x000000000800824c        0x8 Core/Src/system_stm32f0xx.o
                0x000000000800824c                APBPrescTable
 .rodata.ExCvt  0x0000000008008254       0x80 Middlewares/Third_Party/FatFs/src/ff.o
 .rodata.__sf_fake_stderr
                0x00000000080082d4       0x20 c:/st/stm32cubeide_1.4.0/stm32cubeide/plugins/com.st.stm32cube.ide.mcu.externaltools.gnu-tools-for-stm32.7-2018-q2-update.win32_1.4.0.202007081208/tools/bin/../lib/gcc/arm-none-eabi/7.3.1/../../../../arm-none-eabi/lib/thumb/v6-m\libc_nano.a(lib_a-findfp.o)
                0x00000000080082d4                __sf_fake_stderr
 .rodata.__sf_fake_stdin
                0x00000000080082f4       0x20 c:/st/stm32cubeide_1.4.0/stm32cubeide/plugins/com.st.stm32cube.ide.mcu.externaltools.gnu-tools-for-stm32.7-2018-q2-update.win32_1.4.0.202007081208/tools/bin/../lib/gcc/arm-none-eabi/7.3.1/../../../../arm-none-eabi/lib/thumb/v6-m\libc_nano.a(lib_a-findfp.o)
                0x00000000080082f4                __sf_fake_stdin
 .rodata.__sf_fake_stdout
                0x0000000008008314       0x20 c:/st/stm32cubeide_1.4.0/stm32cubeide/plugins/com.st.stm32cube.ide.mcu.externaltools.gnu-tools-for-stm32.7-2018-q2-update.win32_1.4.0.202007081208/tools/bin/../lib/gcc/arm-none-eabi/7.3.1/../../../../arm-none-eabi/lib/thumb/v6-m\libc_nano.a(lib_a-findfp.o)
                0x0000000008008314                __sf_fake_stdout
 .rodata._global_impure_ptr
                0x0000000008008334        0x4 c:/st/stm32cubeide_1.4.0/stm32cubeide/plugins/com.st.stm32cube.ide.mcu.externaltools.gnu-tools-for-stm32.7-2018-q2-update.win32_1.4.0.202007081208/tools/bin/../lib/gcc/arm-none-eabi/7.3.1/../../../../arm-none-eabi/lib/thumb/v6-m\libc_nano.a(lib_a-impure.o)
                0x0000000008008334                _global_impure_ptr
 .rodata._vfprintf_r.str1.1
                0x0000000008008338       0x11 c:/st/stm32cubeide_1.4.0/stm32cubeide/plugins/com.st.stm32cube.ide.mcu.externaltools.gnu-tools-for-stm32.7-2018-q2-update.win32_1.4.0.202007081208/tools/bin/../lib/gcc/arm-none-eabi/7.3.1/../../../../arm-none-eabi/lib/thumb/v6-m\libc_nano.a(lib_a-nano-vfprintf.o)
 .rodata._printf_i.str1.1
                0x0000000008008349       0x22 c:/st/stm32cubeide_1.4.0/stm32cubeide/plugins/com.st.stm32cube.ide.mcu.externaltools.gnu-tools-for-stm32.7-2018-q2-update.win32_1.4.0.202007081208/tools/bin/../lib/gcc/arm-none-eabi/7.3.1/../../../../arm-none-eabi/lib/thumb/v6-m\libc_nano.a(lib_a-nano-vfprintf_i.o)
                0x000000000800836c                . = ALIGN (0x4)
 *fill*         0x000000000800836b        0x1 

.rel.dyn        0x000000000800836c        0x0
 .rel.iplt      0x000000000800836c        0x0 c:/st/stm32cubeide_1.4.0/stm32cubeide/plugins/com.st.stm32cube.ide.mcu.externaltools.gnu-tools-for-stm32.7-2018-q2-update.win32_1.4.0.202007081208/tools/bin/../lib/gcc/arm-none-eabi/7.3.1/thumb/v6-m/crtbegin.o

.ARM.extab      0x000000000800836c        0x0
                0x000000000800836c                . = ALIGN (0x4)
 *(.ARM.extab* .gnu.linkonce.armextab.*)
                0x000000000800836c                . = ALIGN (0x4)

.ARM            0x000000000800836c        0x0
                0x000000000800836c                . = ALIGN (0x4)
                0x000000000800836c                __exidx_start = .
 *(.ARM.exidx*)
                0x000000000800836c                __exidx_end = .
                0x000000000800836c                . = ALIGN (0x4)

.preinit_array  0x000000000800836c        0x0
                0x000000000800836c                . = ALIGN (0x4)
                0x000000000800836c                PROVIDE (__preinit_array_start = .)
 *(.preinit_array*)
                0x000000000800836c                PROVIDE (__preinit_array_end = .)
                0x000000000800836c                . = ALIGN (0x4)

.init_array     0x000000000800836c        0x4
                0x000000000800836c                . = ALIGN (0x4)
                0x000000000800836c                PROVIDE (__init_array_start = .)
 *(SORT_BY_NAME(.init_array.*))
 *(.init_array*)
 .init_array    0x000000000800836c        0x4 c:/st/stm32cubeide_1.4.0/stm32cubeide/plugins/com.st.stm32cube.ide.mcu.externaltools.gnu-tools-for-stm32.7-2018-q2-update.win32_1.4.0.202007081208/tools/bin/../lib/gcc/arm-none-eabi/7.3.1/thumb/v6-m/crtbegin.o
                0x0000000008008370                PROVIDE (__init_array_end = .)
                0x0000000008008370                . = ALIGN (0x4)

.fini_array     0x0000000008008370        0x4
                0x0000000008008370                . = ALIGN (0x4)
                [!provide]                        PROVIDE (__fini_array_start = .)
 *(SORT_BY_NAME(.fini_array.*))
 *(.fini_array*)
 .fini_array    0x0000000008008370        0x4 c:/st/stm32cubeide_1.4.0/stm32cubeide/plugins/com.st.stm32cube.ide.mcu.externaltools.gnu-tools-for-stm32.7-2018-q2-update.win32_1.4.0.202007081208/tools/bin/../lib/gcc/arm-none-eabi/7.3.1/thumb/v6-m/crtbegin.o
                [!provide]                        PROVIDE (__fini_array_end = .)
                0x0000000008008374                . = ALIGN (0x4)
                0x0000000008008374                _sidata = LOADADDR (.data)

.data           0x0000000020000000       0x88 load address 0x0000000008008374
                0x0000000020000000                . = ALIGN (0x4)
                0x0000000020000000                _sdata = .
 *(.data)
 *(.data*)
 .data.SystemCoreClock
                0x0000000020000000        0x4 Core/Src/system_stm32f0xx.o
                0x0000000020000000                SystemCoreClock
 .data.uwTickPrio
                0x0000000020000004        0x4 Drivers/STM32F0xx_HAL_Driver/Src/stm32f0xx_hal.o
                0x0000000020000004                uwTickPrio
 .data.uwTickFreq
                0x0000000020000008        0x1 Drivers/STM32F0xx_HAL_Driver/Src/stm32f0xx_hal.o
                0x0000000020000008                uwTickFreq
 *fill*         0x0000000020000009        0x3 
 .data.USER_Driver
                0x000000002000000c       0x14 FATFS/Target/user_diskio.o
                0x000000002000000c                USER_Driver
 .data.Stat     0x0000000020000020        0x1 FATFS/Target/user_diskio_spi.o
 *fill*         0x0000000020000021        0x3 
 .data._impure_ptr
                0x0000000020000024        0x4 c:/st/stm32cubeide_1.4.0/stm32cubeide/plugins/com.st.stm32cube.ide.mcu.externaltools.gnu-tools-for-stm32.7-2018-q2-update.win32_1.4.0.202007081208/tools/bin/../lib/gcc/arm-none-eabi/7.3.1/../../../../arm-none-eabi/lib/thumb/v6-m\libc_nano.a(lib_a-impure.o)
                0x0000000020000024                _impure_ptr
 .data.impure_data
                0x0000000020000028       0x60 c:/st/stm32cubeide_1.4.0/stm32cubeide/plugins/com.st.stm32cube.ide.mcu.externaltools.gnu-tools-for-stm32.7-2018-q2-update.win32_1.4.0.202007081208/tools/bin/../lib/gcc/arm-none-eabi/7.3.1/../../../../arm-none-eabi/lib/thumb/v6-m\libc_nano.a(lib_a-impure.o)
                0x0000000020000088                . = ALIGN (0x4)
                0x0000000020000088                _edata = .

.igot.plt       0x0000000020000088        0x0 load address 0x00000000080083fc
 .igot.plt      0x0000000020000088        0x0 c:/st/stm32cubeide_1.4.0/stm32cubeide/plugins/com.st.stm32cube.ide.mcu.externaltools.gnu-tools-for-stm32.7-2018-q2-update.win32_1.4.0.202007081208/tools/bin/../lib/gcc/arm-none-eabi/7.3.1/thumb/v6-m/crtbegin.o
                0x0000000020000088                . = ALIGN (0x4)

.bss            0x0000000020000088      0x5b4 load address 0x00000000080083fc
                0x0000000020000088                _sbss = .
                0x0000000020000088                __bss_start__ = _sbss
 *(.bss)
 .bss           0x0000000020000088       0x1c c:/st/stm32cubeide_1.4.0/stm32cubeide/plugins/com.st.stm32cube.ide.mcu.externaltools.gnu-tools-for-stm32.7-2018-q2-update.win32_1.4.0.202007081208/tools/bin/../lib/gcc/arm-none-eabi/7.3.1/thumb/v6-m/crtbegin.o
 *(.bss*)
 .bss.__sbrk_heap_end
                0x00000000200000a4        0x4 Core/Src/sysmem.o
 .bss.CardType  0x00000000200000a8        0x1 FATFS/Target/user_diskio_spi.o
 *fill*         0x00000000200000a9        0x3 
 .bss.FatFs     0x00000000200000ac        0x4 Middlewares/Third_Party/FatFs/src/ff.o
 .bss.Fsid      0x00000000200000b0        0x2 Middlewares/Third_Party/FatFs/src/ff.o
 *fill*         0x00000000200000b2        0x2 
 .bss.Files     0x00000000200000b4       0x18 Middlewares/Third_Party/FatFs/src/ff.o
 .bss.disk      0x00000000200000cc        0xc Middlewares/Third_Party/FatFs/src/ff_gen_drv.o
                0x00000000200000cc                disk
 .bss.__malloc_free_list
                0x00000000200000d8        0x4 c:/st/stm32cubeide_1.4.0/stm32cubeide/plugins/com.st.stm32cube.ide.mcu.externaltools.gnu-tools-for-stm32.7-2018-q2-update.win32_1.4.0.202007081208/tools/bin/../lib/gcc/arm-none-eabi/7.3.1/../../../../arm-none-eabi/lib/thumb/v6-m\libc_nano.a(lib_a-nano-mallocr.o)
                0x00000000200000d8                __malloc_free_list
 .bss.__malloc_sbrk_start
                0x00000000200000dc        0x4 c:/st/stm32cubeide_1.4.0/stm32cubeide/plugins/com.st.stm32cube.ide.mcu.externaltools.gnu-tools-for-stm32.7-2018-q2-update.win32_1.4.0.202007081208/tools/bin/../lib/gcc/arm-none-eabi/7.3.1/../../../../arm-none-eabi/lib/thumb/v6-m\libc_nano.a(lib_a-nano-mallocr.o)
                0x00000000200000dc                __malloc_sbrk_start
 *(COMMON)
 COMMON         0x00000000200000e0       0xe8 Core/Src/main.o
                0x00000000200000e0                huart1
                0x0000000020000164                hspi1
 COMMON         0x00000000200001c8        0x4 Drivers/STM32F0xx_HAL_Driver/Src/stm32f0xx_hal.o
                0x00000000200001c8                uwTick
 COMMON         0x00000000200001cc      0x464 FATFS/App/fatfs.o
                0x00000000200001cc                USERPath
                0x00000000200001d0                retUSER
                0x00000000200001d4                USERFile
                0x0000000020000400                USERFatFS
 COMMON         0x0000000020000630        0x8 FATFS/Target/user_diskio_spi.o
                0x0000000020000630                spiTimerTickStart
                0x0000000020000634                spiTimerTickDelay
 COMMON         0x0000000020000638        0x4 c:/st/stm32cubeide_1.4.0/stm32cubeide/plugins/com.st.stm32cube.ide.mcu.externaltools.gnu-tools-for-stm32.7-2018-q2-update.win32_1.4.0.202007081208/tools/bin/../lib/gcc/arm-none-eabi/7.3.1/../../../../arm-none-eabi/lib/thumb/v6-m\libc_nano.a(lib_a-reent.o)
                0x0000000020000638                errno
                0x000000002000063c                . = ALIGN (0x4)
                0x000000002000063c                _ebss = .
                0x000000002000063c                __bss_end__ = _ebss

._user_heap_stack
                0x000000002000063c      0x604 load address 0x00000000080083fc
                0x0000000020000640                . = ALIGN (0x8)
 *fill*         0x000000002000063c        0x4 
                [!provide]                        PROVIDE (end = .)
                0x0000000020000640                PROVIDE (_end = .)
                0x0000000020000840                . = (. + _Min_Heap_Size)
 *fill*         0x0000000020000640      0x200 
                0x0000000020000c40                . = (. + _Min_Stack_Size)
 *fill*         0x0000000020000840      0x400 
                0x0000000020000c40                . = ALIGN (0x8)

/DISCARD/
 libc.a(*)
 libm.a(*)
 libgcc.a(*)

.ARM.attributes
                0x0000000000000000       0x28
 *(.ARM.attributes)
 .ARM.attributes
                0x0000000000000000       0x1e c:/st/stm32cubeide_1.4.0/stm32cubeide/plugins/com.st.stm32cube.ide.mcu.externaltools.gnu-tools-for-stm32.7-2018-q2-update.win32_1.4.0.202007081208/tools/bin/../lib/gcc/arm-none-eabi/7.3.1/thumb/v6-m/crti.o
 .ARM.attributes
                0x000000000000001e       0x2c c:/st/stm32cubeide_1.4.0/stm32cubeide/plugins/com.st.stm32cube.ide.mcu.externaltools.gnu-tools-for-stm32.7-2018-q2-update.win32_1.4.0.202007081208/tools/bin/../lib/gcc/arm-none-eabi/7.3.1/thumb/v6-m/crtbegin.o
 .ARM.attributes
                0x000000000000004a       0x31 Core/Src/main.o
 .ARM.attributes
                0x000000000000007b       0x31 Core/Src/stm32f0xx_hal_msp.o
 .ARM.attributes
                0x00000000000000ac       0x31 Core/Src/stm32f0xx_it.o
 .ARM.attributes
                0x00000000000000dd       0x31 Core/Src/syscalls.o
 .ARM.attributes
                0x000000000000010e       0x31 Core/Src/sysmem.o
 .ARM.attributes
                0x000000000000013f       0x31 Core/Src/system_stm32f0xx.o
 .ARM.attributes
                0x0000000000000170       0x21 Core/Startup/startup_stm32f042k6ux.o
 .ARM.attributes
                0x0000000000000191       0x31 Drivers/STM32F0xx_HAL_Driver/Src/stm32f0xx_hal.o
 .ARM.attributes
                0x00000000000001c2       0x31 Drivers/STM32F0xx_HAL_Driver/Src/stm32f0xx_hal_cortex.o
 .ARM.attributes
                0x00000000000001f3       0x31 Drivers/STM32F0xx_HAL_Driver/Src/stm32f0xx_hal_gpio.o
 .ARM.attributes
                0x0000000000000224       0x31 Drivers/STM32F0xx_HAL_Driver/Src/stm32f0xx_hal_rcc.o
 .ARM.attributes
                0x0000000000000255       0x31 Drivers/STM32F0xx_HAL_Driver/Src/stm32f0xx_hal_rcc_ex.o
 .ARM.attributes
                0x0000000000000286       0x31 Drivers/STM32F0xx_HAL_Driver/Src/stm32f0xx_hal_spi.o
 .ARM.attributes
                0x00000000000002b7       0x31 Drivers/STM32F0xx_HAL_Driver/Src/stm32f0xx_hal_uart.o
 .ARM.attributes
                0x00000000000002e8       0x31 FATFS/App/fatfs.o
 .ARM.attributes
                0x0000000000000319       0x31 FATFS/Target/user_diskio.o
 .ARM.attributes
                0x000000000000034a       0x31 FATFS/Target/user_diskio_spi.o
 .ARM.attributes
                0x000000000000037b       0x31 Middlewares/Third_Party/FatFs/src/diskio.o
 .ARM.attributes
                0x00000000000003ac       0x31 Middlewares/Third_Party/FatFs/src/ff.o
 .ARM.attributes
                0x00000000000003dd       0x31 Middlewares/Third_Party/FatFs/src/ff_gen_drv.o
 .ARM.attributes
                0x000000000000040e       0x2c c:/st/stm32cubeide_1.4.0/stm32cubeide/plugins/com.st.stm32cube.ide.mcu.externaltools.gnu-tools-for-stm32.7-2018-q2-update.win32_1.4.0.202007081208/tools/bin/../lib/gcc/arm-none-eabi/7.3.1/../../../../arm-none-eabi/lib/thumb/v6-m\libc_nano.a(lib_a-errno.o)
 .ARM.attributes
                0x000000000000043a       0x2c c:/st/stm32cubeide_1.4.0/stm32cubeide/plugins/com.st.stm32cube.ide.mcu.externaltools.gnu-tools-for-stm32.7-2018-q2-update.win32_1.4.0.202007081208/tools/bin/../lib/gcc/arm-none-eabi/7.3.1/../../../../arm-none-eabi/lib/thumb/v6-m\libc_nano.a(lib_a-fclose.o)
 .ARM.attributes
                0x0000000000000466       0x2c c:/st/stm32cubeide_1.4.0/stm32cubeide/plugins/com.st.stm32cube.ide.mcu.externaltools.gnu-tools-for-stm32.7-2018-q2-update.win32_1.4.0.202007081208/tools/bin/../lib/gcc/arm-none-eabi/7.3.1/../../../../arm-none-eabi/lib/thumb/v6-m\libc_nano.a(lib_a-fflush.o)
 .ARM.attributes
                0x0000000000000492       0x2c c:/st/stm32cubeide_1.4.0/stm32cubeide/plugins/com.st.stm32cube.ide.mcu.externaltools.gnu-tools-for-stm32.7-2018-q2-update.win32_1.4.0.202007081208/tools/bin/../lib/gcc/arm-none-eabi/7.3.1/../../../../arm-none-eabi/lib/thumb/v6-m\libc_nano.a(lib_a-findfp.o)
 .ARM.attributes
                0x00000000000004be       0x2c c:/st/stm32cubeide_1.4.0/stm32cubeide/plugins/com.st.stm32cube.ide.mcu.externaltools.gnu-tools-for-stm32.7-2018-q2-update.win32_1.4.0.202007081208/tools/bin/../lib/gcc/arm-none-eabi/7.3.1/../../../../arm-none-eabi/lib/thumb/v6-m\libc_nano.a(lib_a-fopen.o)
 .ARM.attributes
                0x00000000000004ea       0x2c c:/st/stm32cubeide_1.4.0/stm32cubeide/plugins/com.st.stm32cube.ide.mcu.externaltools.gnu-tools-for-stm32.7-2018-q2-update.win32_1.4.0.202007081208/tools/bin/../lib/gcc/arm-none-eabi/7.3.1/../../../../arm-none-eabi/lib/thumb/v6-m\libc_nano.a(lib_a-fseek.o)
 .ARM.attributes
                0x0000000000000516       0x2c c:/st/stm32cubeide_1.4.0/stm32cubeide/plugins/com.st.stm32cube.ide.mcu.externaltools.gnu-tools-for-stm32.7-2018-q2-update.win32_1.4.0.202007081208/tools/bin/../lib/gcc/arm-none-eabi/7.3.1/../../../../arm-none-eabi/lib/thumb/v6-m\libc_nano.a(lib_a-fseeko.o)
 .ARM.attributes
                0x0000000000000542       0x2c c:/st/stm32cubeide_1.4.0/stm32cubeide/plugins/com.st.stm32cube.ide.mcu.externaltools.gnu-tools-for-stm32.7-2018-q2-update.win32_1.4.0.202007081208/tools/bin/../lib/gcc/arm-none-eabi/7.3.1/../../../../arm-none-eabi/lib/thumb/v6-m\libc_nano.a(lib_a-ftell.o)
 .ARM.attributes
                0x000000000000056e       0x2c c:/st/stm32cubeide_1.4.0/stm32cubeide/plugins/com.st.stm32cube.ide.mcu.externaltools.gnu-tools-for-stm32.7-2018-q2-update.win32_1.4.0.202007081208/tools/bin/../lib/gcc/arm-none-eabi/7.3.1/../../../../arm-none-eabi/lib/thumb/v6-m\libc_nano.a(lib_a-ftello.o)
 .ARM.attributes
                0x000000000000059a       0x2c c:/st/stm32cubeide_1.4.0/stm32cubeide/plugins/com.st.stm32cube.ide.mcu.externaltools.gnu-tools-for-stm32.7-2018-q2-update.win32_1.4.0.202007081208/tools/bin/../lib/gcc/arm-none-eabi/7.3.1/../../../../arm-none-eabi/lib/thumb/v6-m\libc_nano.a(lib_a-fwalk.o)
 .ARM.attributes
                0x00000000000005c6       0x2c c:/st/stm32cubeide_1.4.0/stm32cubeide/plugins/com.st.stm32cube.ide.mcu.externaltools.gnu-tools-for-stm32.7-2018-q2-update.win32_1.4.0.202007081208/tools/bin/../lib/gcc/arm-none-eabi/7.3.1/../../../../arm-none-eabi/lib/thumb/v6-m\libc_nano.a(lib_a-impure.o)
 .ARM.attributes
                0x00000000000005f2       0x2c c:/st/stm32cubeide_1.4.0/stm32cubeide/plugins/com.st.stm32cube.ide.mcu.externaltools.gnu-tools-for-stm32.7-2018-q2-update.win32_1.4.0.202007081208/tools/bin/../lib/gcc/arm-none-eabi/7.3.1/../../../../arm-none-eabi/lib/thumb/v6-m\libc_nano.a(lib_a-init.o)
 .ARM.attributes
                0x000000000000061e       0x2c c:/st/stm32cubeide_1.4.0/stm32cubeide/plugins/com.st.stm32cube.ide.mcu.externaltools.gnu-tools-for-stm32.7-2018-q2-update.win32_1.4.0.202007081208/tools/bin/../lib/gcc/arm-none-eabi/7.3.1/../../../../arm-none-eabi/lib/thumb/v6-m\libc_nano.a(lib_a-makebuf.o)
 .ARM.attributes
                0x000000000000064a       0x2c c:/st/stm32cubeide_1.4.0/stm32cubeide/plugins/com.st.stm32cube.ide.mcu.externaltools.gnu-tools-for-stm32.7-2018-q2-update.win32_1.4.0.202007081208/tools/bin/../lib/gcc/arm-none-eabi/7.3.1/../../../../arm-none-eabi/lib/thumb/v6-m\libc_nano.a(lib_a-malloc.o)
 .ARM.attributes
                0x0000000000000676       0x2c c:/st/stm32cubeide_1.4.0/stm32cubeide/plugins/com.st.stm32cube.ide.mcu.externaltools.gnu-tools-for-stm32.7-2018-q2-update.win32_1.4.0.202007081208/tools/bin/../lib/gcc/arm-none-eabi/7.3.1/../../../../arm-none-eabi/lib/thumb/v6-m\libc_nano.a(lib_a-memcpy-stub.o)
 .ARM.attributes
                0x00000000000006a2       0x2c c:/st/stm32cubeide_1.4.0/stm32cubeide/plugins/com.st.stm32cube.ide.mcu.externaltools.gnu-tools-for-stm32.7-2018-q2-update.win32_1.4.0.202007081208/tools/bin/../lib/gcc/arm-none-eabi/7.3.1/../../../../arm-none-eabi/lib/thumb/v6-m\libc_nano.a(lib_a-memset.o)
 .ARM.attributes
                0x00000000000006ce       0x2c c:/st/stm32cubeide_1.4.0/stm32cubeide/plugins/com.st.stm32cube.ide.mcu.externaltools.gnu-tools-for-stm32.7-2018-q2-update.win32_1.4.0.202007081208/tools/bin/../lib/gcc/arm-none-eabi/7.3.1/../../../../arm-none-eabi/lib/thumb/v6-m\libc_nano.a(lib_a-nano-freer.o)
 .ARM.attributes
                0x00000000000006fa       0x2c c:/st/stm32cubeide_1.4.0/stm32cubeide/plugins/com.st.stm32cube.ide.mcu.externaltools.gnu-tools-for-stm32.7-2018-q2-update.win32_1.4.0.202007081208/tools/bin/../lib/gcc/arm-none-eabi/7.3.1/../../../../arm-none-eabi/lib/thumb/v6-m\libc_nano.a(lib_a-nano-mallocr.o)
 .ARM.attributes
                0x0000000000000726       0x2c c:/st/stm32cubeide_1.4.0/stm32cubeide/plugins/com.st.stm32cube.ide.mcu.externaltools.gnu-tools-for-stm32.7-2018-q2-update.win32_1.4.0.202007081208/tools/bin/../lib/gcc/arm-none-eabi/7.3.1/../../../../arm-none-eabi/lib/thumb/v6-m\libc_nano.a(lib_a-openr.o)
 .ARM.attributes
                0x0000000000000752       0x2c c:/st/stm32cubeide_1.4.0/stm32cubeide/plugins/com.st.stm32cube.ide.mcu.externaltools.gnu-tools-for-stm32.7-2018-q2-update.win32_1.4.0.202007081208/tools/bin/../lib/gcc/arm-none-eabi/7.3.1/../../../../arm-none-eabi/lib/thumb/v6-m\libc_nano.a(lib_a-printf.o)
 .ARM.attributes
                0x000000000000077e       0x2c c:/st/stm32cubeide_1.4.0/stm32cubeide/plugins/com.st.stm32cube.ide.mcu.externaltools.gnu-tools-for-stm32.7-2018-q2-update.win32_1.4.0.202007081208/tools/bin/../lib/gcc/arm-none-eabi/7.3.1/../../../../arm-none-eabi/lib/thumb/v6-m\libc_nano.a(lib_a-reent.o)
 .ARM.attributes
                0x00000000000007aa       0x2c c:/st/stm32cubeide_1.4.0/stm32cubeide/plugins/com.st.stm32cube.ide.mcu.externaltools.gnu-tools-for-stm32.7-2018-q2-update.win32_1.4.0.202007081208/tools/bin/../lib/gcc/arm-none-eabi/7.3.1/../../../../arm-none-eabi/lib/thumb/v6-m\libc_nano.a(lib_a-sbrkr.o)
 .ARM.attributes
                0x00000000000007d6       0x2c c:/st/stm32cubeide_1.4.0/stm32cubeide/plugins/com.st.stm32cube.ide.mcu.externaltools.gnu-tools-for-stm32.7-2018-q2-update.win32_1.4.0.202007081208/tools/bin/../lib/gcc/arm-none-eabi/7.3.1/../../../../arm-none-eabi/lib/thumb/v6-m\libc_nano.a(lib_a-stdio.o)
 .ARM.attributes
                0x0000000000000802       0x2c c:/st/stm32cubeide_1.4.0/stm32cubeide/plugins/com.st.stm32cube.ide.mcu.externaltools.gnu-tools-for-stm32.7-2018-q2-update.win32_1.4.0.202007081208/tools/bin/../lib/gcc/arm-none-eabi/7.3.1/../../../../arm-none-eabi/lib/thumb/v6-m\libc_nano.a(lib_a-strcpy.o)
 .ARM.attributes
                0x000000000000082e       0x1c c:/st/stm32cubeide_1.4.0/stm32cubeide/plugins/com.st.stm32cube.ide.mcu.externaltools.gnu-tools-for-stm32.7-2018-q2-update.win32_1.4.0.202007081208/tools/bin/../lib/gcc/arm-none-eabi/7.3.1/../../../../arm-none-eabi/lib/thumb/v6-m\libc_nano.a(lib_a-strlen.o)
 .ARM.attributes
                0x000000000000084a       0x2c c:/st/stm32cubeide_1.4.0/stm32cubeide/plugins/com.st.stm32cube.ide.mcu.externaltools.gnu-tools-for-stm32.7-2018-q2-update.win32_1.4.0.202007081208/tools/bin/../lib/gcc/arm-none-eabi/7.3.1/../../../../arm-none-eabi/lib/thumb/v6-m\libc_nano.a(lib_a-writer.o)
 .ARM.attributes
                0x0000000000000876       0x2c c:/st/stm32cubeide_1.4.0/stm32cubeide/plugins/com.st.stm32cube.ide.mcu.externaltools.gnu-tools-for-stm32.7-2018-q2-update.win32_1.4.0.202007081208/tools/bin/../lib/gcc/arm-none-eabi/7.3.1/../../../../arm-none-eabi/lib/thumb/v6-m\libc_nano.a(lib_a-closer.o)
 .ARM.attributes
                0x00000000000008a2       0x2c c:/st/stm32cubeide_1.4.0/stm32cubeide/plugins/com.st.stm32cube.ide.mcu.externaltools.gnu-tools-for-stm32.7-2018-q2-update.win32_1.4.0.202007081208/tools/bin/../lib/gcc/arm-none-eabi/7.3.1/../../../../arm-none-eabi/lib/thumb/v6-m\libc_nano.a(lib_a-flags.o)
 .ARM.attributes
                0x00000000000008ce       0x2c c:/st/stm32cubeide_1.4.0/stm32cubeide/plugins/com.st.stm32cube.ide.mcu.externaltools.gnu-tools-for-stm32.7-2018-q2-update.win32_1.4.0.202007081208/tools/bin/../lib/gcc/arm-none-eabi/7.3.1/../../../../arm-none-eabi/lib/thumb/v6-m\libc_nano.a(lib_a-fstatr.o)
 .ARM.attributes
                0x00000000000008fa       0x2c c:/st/stm32cubeide_1.4.0/stm32cubeide/plugins/com.st.stm32cube.ide.mcu.externaltools.gnu-tools-for-stm32.7-2018-q2-update.win32_1.4.0.202007081208/tools/bin/../lib/gcc/arm-none-eabi/7.3.1/../../../../arm-none-eabi/lib/thumb/v6-m\libc_nano.a(lib_a-isattyr.o)
 .ARM.attributes
                0x0000000000000926       0x2c c:/st/stm32cubeide_1.4.0/stm32cubeide/plugins/com.st.stm32cube.ide.mcu.externaltools.gnu-tools-for-stm32.7-2018-q2-update.win32_1.4.0.202007081208/tools/bin/../lib/gcc/arm-none-eabi/7.3.1/../../../../arm-none-eabi/lib/thumb/v6-m\libc_nano.a(lib_a-lseekr.o)
 .ARM.attributes
                0x0000000000000952       0x2c c:/st/stm32cubeide_1.4.0/stm32cubeide/plugins/com.st.stm32cube.ide.mcu.externaltools.gnu-tools-for-stm32.7-2018-q2-update.win32_1.4.0.202007081208/tools/bin/../lib/gcc/arm-none-eabi/7.3.1/../../../../arm-none-eabi/lib/thumb/v6-m\libc_nano.a(lib_a-mlock.o)
 .ARM.attributes
                0x000000000000097e       0x2c c:/st/stm32cubeide_1.4.0/stm32cubeide/plugins/com.st.stm32cube.ide.mcu.externaltools.gnu-tools-for-stm32.7-2018-q2-update.win32_1.4.0.202007081208/tools/bin/../lib/gcc/arm-none-eabi/7.3.1/../../../../arm-none-eabi/lib/thumb/v6-m\libc_nano.a(lib_a-nano-vfprintf.o)
 .ARM.attributes
                0x00000000000009aa       0x2c c:/st/stm32cubeide_1.4.0/stm32cubeide/plugins/com.st.stm32cube.ide.mcu.externaltools.gnu-tools-for-stm32.7-2018-q2-update.win32_1.4.0.202007081208/tools/bin/../lib/gcc/arm-none-eabi/7.3.1/../../../../arm-none-eabi/lib/thumb/v6-m\libc_nano.a(lib_a-nano-vfprintf_i.o)
 .ARM.attributes
                0x00000000000009d6       0x2c c:/st/stm32cubeide_1.4.0/stm32cubeide/plugins/com.st.stm32cube.ide.mcu.externaltools.gnu-tools-for-stm32.7-2018-q2-update.win32_1.4.0.202007081208/tools/bin/../lib/gcc/arm-none-eabi/7.3.1/../../../../arm-none-eabi/lib/thumb/v6-m\libc_nano.a(lib_a-readr.o)
 .ARM.attributes
                0x0000000000000a02       0x2c c:/st/stm32cubeide_1.4.0/stm32cubeide/plugins/com.st.stm32cube.ide.mcu.externaltools.gnu-tools-for-stm32.7-2018-q2-update.win32_1.4.0.202007081208/tools/bin/../lib/gcc/arm-none-eabi/7.3.1/../../../../arm-none-eabi/lib/thumb/v6-m\libc_nano.a(lib_a-wbuf.o)
 .ARM.attributes
                0x0000000000000a2e       0x2c c:/st/stm32cubeide_1.4.0/stm32cubeide/plugins/com.st.stm32cube.ide.mcu.externaltools.gnu-tools-for-stm32.7-2018-q2-update.win32_1.4.0.202007081208/tools/bin/../lib/gcc/arm-none-eabi/7.3.1/../../../../arm-none-eabi/lib/thumb/v6-m\libc_nano.a(lib_a-wsetup.o)
 .ARM.attributes
                0x0000000000000a5a       0x2c c:/st/stm32cubeide_1.4.0/stm32cubeide/plugins/com.st.stm32cube.ide.mcu.externaltools.gnu-tools-for-stm32.7-2018-q2-update.win32_1.4.0.202007081208/tools/bin/../lib/gcc/arm-none-eabi/7.3.1/../../../../arm-none-eabi/lib/thumb/v6-m\libc_nano.a(lib_a-memchr-stub.o)
 .ARM.attributes
                0x0000000000000a86       0x1e c:/st/stm32cubeide_1.4.0/stm32cubeide/plugins/com.st.stm32cube.ide.mcu.externaltools.gnu-tools-for-stm32.7-2018-q2-update.win32_1.4.0.202007081208/tools/bin/../lib/gcc/arm-none-eabi/7.3.1/thumb/v6-m\libgcc.a(_udivsi3.o)
 .ARM.attributes
                0x0000000000000aa4       0x1e c:/st/stm32cubeide_1.4.0/stm32cubeide/plugins/com.st.stm32cube.ide.mcu.externaltools.gnu-tools-for-stm32.7-2018-q2-update.win32_1.4.0.202007081208/tools/bin/../lib/gcc/arm-none-eabi/7.3.1/thumb/v6-m\libgcc.a(_dvmd_tls.o)
 .ARM.attributes
                0x0000000000000ac2       0x1e c:/st/stm32cubeide_1.4.0/stm32cubeide/plugins/com.st.stm32cube.ide.mcu.externaltools.gnu-tools-for-stm32.7-2018-q2-update.win32_1.4.0.202007081208/tools/bin/../lib/gcc/arm-none-eabi/7.3.1/thumb/v6-m/crtn.o
OUTPUT(TSAR2.0.elf elf32-littlearm)

.debug_info     0x0000000000000000     0xdd32
 .debug_info    0x0000000000000000     0x1d19 Core/Src/main.o
 .debug_info    0x0000000000001d19      0xc21 Core/Src/stm32f0xx_hal_msp.o
 .debug_info    0x000000000000293a      0x1a2 Core/Src/stm32f0xx_it.o
 .debug_info    0x0000000000002adc      0xebd Core/Src/syscalls.o
 .debug_info    0x0000000000003999      0x985 Core/Src/sysmem.o
 .debug_info    0x000000000000431e      0x29e Core/Src/system_stm32f0xx.o
 .debug_info    0x00000000000045bc       0x22 Core/Startup/startup_stm32f042k6ux.o
 .debug_info    0x00000000000045de      0x69d Drivers/STM32F0xx_HAL_Driver/Src/stm32f0xx_hal.o
 .debug_info    0x0000000000004c7b      0x76e Drivers/STM32F0xx_HAL_Driver/Src/stm32f0xx_hal_cortex.o
 .debug_info    0x00000000000053e9      0x689 Drivers/STM32F0xx_HAL_Driver/Src/stm32f0xx_hal_gpio.o
 .debug_info    0x0000000000005a72      0x82d Drivers/STM32F0xx_HAL_Driver/Src/stm32f0xx_hal_rcc.o
 .debug_info    0x000000000000629f      0x664 Drivers/STM32F0xx_HAL_Driver/Src/stm32f0xx_hal_rcc_ex.o
 .debug_info    0x0000000000006903     0x164e Drivers/STM32F0xx_HAL_Driver/Src/stm32f0xx_hal_spi.o
 .debug_info    0x0000000000007f51     0x1687 Drivers/STM32F0xx_HAL_Driver/Src/stm32f0xx_hal_uart.o
 .debug_info    0x00000000000095d8      0x572 FATFS/App/fatfs.o
 .debug_info    0x0000000000009b4a      0xbfa FATFS/Target/user_diskio.o
 .debug_info    0x000000000000a744      0xbf5 FATFS/Target/user_diskio_spi.o
 .debug_info    0x000000000000b339      0x49f Middlewares/Third_Party/FatFs/src/diskio.o
 .debug_info    0x000000000000b7d8     0x211d Middlewares/Third_Party/FatFs/src/ff.o
 .debug_info    0x000000000000d8f5      0x43d Middlewares/Third_Party/FatFs/src/ff_gen_drv.o

.debug_abbrev   0x0000000000000000     0x24a6
 .debug_abbrev  0x0000000000000000      0x33e Core/Src/main.o
 .debug_abbrev  0x000000000000033e      0x18c Core/Src/stm32f0xx_hal_msp.o
 .debug_abbrev  0x00000000000004ca       0xc6 Core/Src/stm32f0xx_it.o
 .debug_abbrev  0x0000000000000590      0x261 Core/Src/syscalls.o
 .debug_abbrev  0x00000000000007f1      0x19b Core/Src/sysmem.o
 .debug_abbrev  0x000000000000098c      0x12b Core/Src/system_stm32f0xx.o
 .debug_abbrev  0x0000000000000ab7       0x12 Core/Startup/startup_stm32f042k6ux.o
 .debug_abbrev  0x0000000000000ac9      0x1f2 Drivers/STM32F0xx_HAL_Driver/Src/stm32f0xx_hal.o
 .debug_abbrev  0x0000000000000cbb      0x273 Drivers/STM32F0xx_HAL_Driver/Src/stm32f0xx_hal_cortex.o
 .debug_abbrev  0x0000000000000f2e      0x1c0 Drivers/STM32F0xx_HAL_Driver/Src/stm32f0xx_hal_gpio.o
 .debug_abbrev  0x00000000000010ee      0x20f Drivers/STM32F0xx_HAL_Driver/Src/stm32f0xx_hal_rcc.o
 .debug_abbrev  0x00000000000012fd      0x1d2 Drivers/STM32F0xx_HAL_Driver/Src/stm32f0xx_hal_rcc_ex.o
 .debug_abbrev  0x00000000000014cf      0x228 Drivers/STM32F0xx_HAL_Driver/Src/stm32f0xx_hal_spi.o
 .debug_abbrev  0x00000000000016f7      0x215 Drivers/STM32F0xx_HAL_Driver/Src/stm32f0xx_hal_uart.o
 .debug_abbrev  0x000000000000190c      0x17d FATFS/App/fatfs.o
 .debug_abbrev  0x0000000000001a89      0x1f1 FATFS/Target/user_diskio.o
 .debug_abbrev  0x0000000000001c7a      0x29c FATFS/Target/user_diskio_spi.o
 .debug_abbrev  0x0000000000001f16      0x16f Middlewares/Third_Party/FatFs/src/diskio.o
 .debug_abbrev  0x0000000000002085      0x285 Middlewares/Third_Party/FatFs/src/ff.o
 .debug_abbrev  0x000000000000230a      0x19c Middlewares/Third_Party/FatFs/src/ff_gen_drv.o

.debug_aranges  0x0000000000000000      0xc88
 .debug_aranges
                0x0000000000000000       0xa0 Core/Src/main.o
 .debug_aranges
                0x00000000000000a0       0x40 Core/Src/stm32f0xx_hal_msp.o
 .debug_aranges
                0x00000000000000e0       0x40 Core/Src/stm32f0xx_it.o
 .debug_aranges
                0x0000000000000120       0xa8 Core/Src/syscalls.o
 .debug_aranges
                0x00000000000001c8       0x20 Core/Src/sysmem.o
 .debug_aranges
                0x00000000000001e8       0x28 Core/Src/system_stm32f0xx.o
 .debug_aranges
                0x0000000000000210       0x28 Core/Startup/startup_stm32f042k6ux.o
 .debug_aranges
                0x0000000000000238       0xd0 Drivers/STM32F0xx_HAL_Driver/Src/stm32f0xx_hal.o
 .debug_aranges
                0x0000000000000308       0xc0 Drivers/STM32F0xx_HAL_Driver/Src/stm32f0xx_hal_cortex.o
 .debug_aranges
                0x00000000000003c8       0x58 Drivers/STM32F0xx_HAL_Driver/Src/stm32f0xx_hal_gpio.o
 .debug_aranges
                0x0000000000000420       0x80 Drivers/STM32F0xx_HAL_Driver/Src/stm32f0xx_hal_rcc.o
 .debug_aranges
                0x00000000000004a0       0x78 Drivers/STM32F0xx_HAL_Driver/Src/stm32f0xx_hal_rcc_ex.o
 .debug_aranges
                0x0000000000000518      0x1d8 Drivers/STM32F0xx_HAL_Driver/Src/stm32f0xx_hal_spi.o
 .debug_aranges
                0x00000000000006f0      0x228 Drivers/STM32F0xx_HAL_Driver/Src/stm32f0xx_hal_uart.o
 .debug_aranges
                0x0000000000000918       0x28 FATFS/App/fatfs.o
 .debug_aranges
                0x0000000000000940       0x40 FATFS/Target/user_diskio.o
 .debug_aranges
                0x0000000000000980       0x98 FATFS/Target/user_diskio_spi.o
 .debug_aranges
                0x0000000000000a18       0x48 Middlewares/Third_Party/FatFs/src/diskio.o
 .debug_aranges
                0x0000000000000a60      0x1e8 Middlewares/Third_Party/FatFs/src/ff.o
 .debug_aranges
                0x0000000000000c48       0x40 Middlewares/Third_Party/FatFs/src/ff_gen_drv.o

.debug_ranges   0x0000000000000000      0xb80
 .debug_ranges  0x0000000000000000       0x90 Core/Src/main.o
 .debug_ranges  0x0000000000000090       0x30 Core/Src/stm32f0xx_hal_msp.o
 .debug_ranges  0x00000000000000c0       0x30 Core/Src/stm32f0xx_it.o
 .debug_ranges  0x00000000000000f0       0x98 Core/Src/syscalls.o
 .debug_ranges  0x0000000000000188       0x10 Core/Src/sysmem.o
 .debug_ranges  0x0000000000000198       0x18 Core/Src/system_stm32f0xx.o
 .debug_ranges  0x00000000000001b0       0x20 Core/Startup/startup_stm32f042k6ux.o
 .debug_ranges  0x00000000000001d0       0xc0 Drivers/STM32F0xx_HAL_Driver/Src/stm32f0xx_hal.o
 .debug_ranges  0x0000000000000290       0xb0 Drivers/STM32F0xx_HAL_Driver/Src/stm32f0xx_hal_cortex.o
 .debug_ranges  0x0000000000000340       0x48 Drivers/STM32F0xx_HAL_Driver/Src/stm32f0xx_hal_gpio.o
 .debug_ranges  0x0000000000000388       0x70 Drivers/STM32F0xx_HAL_Driver/Src/stm32f0xx_hal_rcc.o
 .debug_ranges  0x00000000000003f8       0x68 Drivers/STM32F0xx_HAL_Driver/Src/stm32f0xx_hal_rcc_ex.o
 .debug_ranges  0x0000000000000460      0x1c8 Drivers/STM32F0xx_HAL_Driver/Src/stm32f0xx_hal_spi.o
 .debug_ranges  0x0000000000000628      0x248 Drivers/STM32F0xx_HAL_Driver/Src/stm32f0xx_hal_uart.o
 .debug_ranges  0x0000000000000870       0x18 FATFS/App/fatfs.o
 .debug_ranges  0x0000000000000888       0x30 FATFS/Target/user_diskio.o
 .debug_ranges  0x00000000000008b8       0x88 FATFS/Target/user_diskio_spi.o
 .debug_ranges  0x0000000000000940       0x38 Middlewares/Third_Party/FatFs/src/diskio.o
 .debug_ranges  0x0000000000000978      0x1d8 Middlewares/Third_Party/FatFs/src/ff.o
 .debug_ranges  0x0000000000000b50       0x30 Middlewares/Third_Party/FatFs/src/ff_gen_drv.o

.debug_macro    0x0000000000000000    0x1af85
 .debug_macro   0x0000000000000000      0x3fa Core/Src/main.o
 .debug_macro   0x00000000000003fa      0xa48 Core/Src/main.o
 .debug_macro   0x0000000000000e42      0x133 Core/Src/main.o
 .debug_macro   0x0000000000000f75       0x2e Core/Src/main.o
 .debug_macro   0x0000000000000fa3       0x22 Core/Src/main.o
 .debug_macro   0x0000000000000fc5       0x22 Core/Src/main.o
 .debug_macro   0x0000000000000fe7       0x8e Core/Src/main.o
 .debug_macro   0x0000000000001075       0x51 Core/Src/main.o
 .debug_macro   0x00000000000010c6       0xef Core/Src/main.o
 .debug_macro   0x00000000000011b5       0x6a Core/Src/main.o
 .debug_macro   0x000000000000121f      0x1df Core/Src/main.o
 .debug_macro   0x00000000000013fe       0x1c Core/Src/main.o
 .debug_macro   0x000000000000141a       0x22 Core/Src/main.o
 .debug_macro   0x000000000000143c       0xb5 Core/Src/main.o
 .debug_macro   0x00000000000014f1      0x391 Core/Src/main.o
 .debug_macro   0x0000000000001882     0xf1e6 Core/Src/main.o
 .debug_macro   0x0000000000010a68       0x3c Core/Src/main.o
 .debug_macro   0x0000000000010aa4     0x3461 Core/Src/main.o
 .debug_macro   0x0000000000013f05      0x174 Core/Src/main.o
 .debug_macro   0x0000000000014079       0x55 Core/Src/main.o
 .debug_macro   0x00000000000140ce      0x946 Core/Src/main.o
 .debug_macro   0x0000000000014a14      0x46b Core/Src/main.o
 .debug_macro   0x0000000000014e7f      0x12f Core/Src/main.o
 .debug_macro   0x0000000000014fae      0x130 Core/Src/main.o
 .debug_macro   0x00000000000150de      0x199 Core/Src/main.o
 .debug_macro   0x0000000000015277      0x1ed Core/Src/main.o
 .debug_macro   0x0000000000015464       0x34 Core/Src/main.o
 .debug_macro   0x0000000000015498       0x43 Core/Src/main.o
 .debug_macro   0x00000000000154db       0x28 Core/Src/main.o
 .debug_macro   0x0000000000015503       0xb0 Core/Src/main.o
 .debug_macro   0x00000000000155b3      0x182 Core/Src/main.o
 .debug_macro   0x0000000000015735      0x22c Core/Src/main.o
 .debug_macro   0x0000000000015961       0x60 Core/Src/main.o
 .debug_macro   0x00000000000159c1       0xa5 Core/Src/main.o
 .debug_macro   0x0000000000015a66       0x4c Core/Src/main.o
 .debug_macro   0x0000000000015ab2      0x15b Core/Src/main.o
 .debug_macro   0x0000000000015c0d      0x2fe Core/Src/main.o
 .debug_macro   0x0000000000015f0b      0x5a5 Core/Src/main.o
 .debug_macro   0x00000000000164b0       0x44 Core/Src/main.o
 .debug_macro   0x00000000000164f4      0x12e Core/Src/main.o
 .debug_macro   0x0000000000016622       0xb2 Core/Src/main.o
 .debug_macro   0x00000000000166d4       0xde Core/Src/main.o
 .debug_macro   0x00000000000167b2       0xf5 Core/Src/main.o
 .debug_macro   0x00000000000168a7       0x8e Core/Src/main.o
 .debug_macro   0x0000000000016935       0x46 Core/Src/main.o
 .debug_macro   0x000000000001697b       0x18 Core/Src/main.o
 .debug_macro   0x0000000000016993       0x3c Core/Src/main.o
 .debug_macro   0x00000000000169cf       0x34 Core/Src/main.o
 .debug_macro   0x0000000000016a03       0x16 Core/Src/main.o
 .debug_macro   0x0000000000016a19       0x35 Core/Src/main.o
 .debug_macro   0x0000000000016a4e      0x32a Core/Src/main.o
 .debug_macro   0x0000000000016d78       0x10 Core/Src/main.o
 .debug_macro   0x0000000000016d88       0x52 Core/Src/main.o
 .debug_macro   0x0000000000016dda       0x1f Core/Src/main.o
 .debug_macro   0x0000000000016df9       0x43 Core/Src/main.o
 .debug_macro   0x0000000000016e3c       0x20 Core/Src/main.o
 .debug_macro   0x0000000000016e5c      0x1a3 Core/Src/main.o
 .debug_macro   0x0000000000016fff       0x10 Core/Src/main.o
 .debug_macro   0x000000000001700f       0x1c Core/Src/main.o
 .debug_macro   0x000000000001702b       0x52 Core/Src/main.o
 .debug_macro   0x000000000001707d       0x40 Core/Src/main.o
 .debug_macro   0x00000000000170bd       0x10 Core/Src/main.o
 .debug_macro   0x00000000000170cd       0x40 Core/Src/main.o
 .debug_macro   0x000000000001710d       0xd7 Core/Src/main.o
 .debug_macro   0x00000000000171e4       0x1c Core/Src/main.o
 .debug_macro   0x0000000000017200       0x3d Core/Src/main.o
 .debug_macro   0x000000000001723d       0x16 Core/Src/main.o
 .debug_macro   0x0000000000017253      0x145 Core/Src/main.o
 .debug_macro   0x0000000000017398       0x16 Core/Src/main.o
 .debug_macro   0x00000000000173ae       0x20 Core/Src/main.o
 .debug_macro   0x00000000000173ce       0x16 Core/Src/main.o
 .debug_macro   0x00000000000173e4      0x51a Core/Src/main.o
 .debug_macro   0x00000000000178fe       0x16 Core/Src/main.o
 .debug_macro   0x0000000000017914       0x16 Core/Src/main.o
 .debug_macro   0x000000000001792a       0x29 Core/Src/main.o
 .debug_macro   0x0000000000017953      0x1d2 Core/Src/stm32f0xx_hal_msp.o
 .debug_macro   0x0000000000017b25      0x1dc Core/Src/stm32f0xx_it.o
 .debug_macro   0x0000000000017d01      0x243 Core/Src/syscalls.o
 .debug_macro   0x0000000000017f44       0x40 Core/Src/syscalls.o
 .debug_macro   0x0000000000017f84       0x94 Core/Src/syscalls.o
 .debug_macro   0x0000000000018018       0x57 Core/Src/syscalls.o
 .debug_macro   0x000000000001806f      0x330 Core/Src/syscalls.o
 .debug_macro   0x000000000001839f       0x10 Core/Src/syscalls.o
 .debug_macro   0x00000000000183af       0x10 Core/Src/syscalls.o
 .debug_macro   0x00000000000183bf       0x10 Core/Src/syscalls.o
 .debug_macro   0x00000000000183cf       0x35 Core/Src/syscalls.o
 .debug_macro   0x0000000000018404      0x122 Core/Src/syscalls.o
 .debug_macro   0x0000000000018526       0x10 Core/Src/syscalls.o
 .debug_macro   0x0000000000018536      0x241 Core/Src/syscalls.o
 .debug_macro   0x0000000000018777       0x1c Core/Src/syscalls.o
 .debug_macro   0x0000000000018793       0x10 Core/Src/syscalls.o
 .debug_macro   0x00000000000187a3      0x189 Core/Src/syscalls.o
 .debug_macro   0x000000000001892c       0x16 Core/Src/syscalls.o
 .debug_macro   0x0000000000018942       0x88 Core/Src/syscalls.o
 .debug_macro   0x00000000000189ca       0xee Core/Src/sysmem.o
 .debug_macro   0x0000000000018ab8      0x23b Core/Src/sysmem.o
 .debug_macro   0x0000000000018cf3      0x1c3 Core/Src/system_stm32f0xx.o
 .debug_macro   0x0000000000018eb6      0x1e7 Drivers/STM32F0xx_HAL_Driver/Src/stm32f0xx_hal.o
 .debug_macro   0x000000000001909d      0x1c3 Drivers/STM32F0xx_HAL_Driver/Src/stm32f0xx_hal_cortex.o
 .debug_macro   0x0000000000019260      0x1fb Drivers/STM32F0xx_HAL_Driver/Src/stm32f0xx_hal_gpio.o
 .debug_macro   0x000000000001945b      0x1d5 Drivers/STM32F0xx_HAL_Driver/Src/stm32f0xx_hal_rcc.o
 .debug_macro   0x0000000000019630      0x1d5 Drivers/STM32F0xx_HAL_Driver/Src/stm32f0xx_hal_rcc_ex.o
 .debug_macro   0x0000000000019805      0x1cb Drivers/STM32F0xx_HAL_Driver/Src/stm32f0xx_hal_spi.o
 .debug_macro   0x00000000000199d0      0x1e0 Drivers/STM32F0xx_HAL_Driver/Src/stm32f0xx_hal_uart.o
 .debug_macro   0x0000000000019bb0      0x225 FATFS/App/fatfs.o
 .debug_macro   0x0000000000019dd5       0xd8 FATFS/App/fatfs.o
 .debug_macro   0x0000000000019ead      0x2df FATFS/Target/user_diskio.o
 .debug_macro   0x000000000001a18c       0x10 FATFS/Target/user_diskio.o
 .debug_macro   0x000000000001a19c       0x16 FATFS/Target/user_diskio.o
 .debug_macro   0x000000000001a1b2       0x7c FATFS/Target/user_diskio.o
 .debug_macro   0x000000000001a22e       0xaf FATFS/Target/user_diskio.o
 .debug_macro   0x000000000001a2dd       0x4f FATFS/Target/user_diskio.o
 .debug_macro   0x000000000001a32c      0x2cc FATFS/Target/user_diskio_spi.o
 .debug_macro   0x000000000001a5f8       0xb8 FATFS/Target/user_diskio_spi.o
 .debug_macro   0x000000000001a6b0      0x212 Middlewares/Third_Party/FatFs/src/diskio.o
 .debug_macro   0x000000000001a8c2      0x459 Middlewares/Third_Party/FatFs/src/ff.o
 .debug_macro   0x000000000001ad1b       0x58 Middlewares/Third_Party/FatFs/src/ff.o
 .debug_macro   0x000000000001ad73      0x212 Middlewares/Third_Party/FatFs/src/ff_gen_drv.o

.debug_line     0x0000000000000000     0xc12c
 .debug_line    0x0000000000000000      0xc20 Core/Src/main.o
 .debug_line    0x0000000000000c20      0x73b Core/Src/stm32f0xx_hal_msp.o
 .debug_line    0x000000000000135b      0x731 Core/Src/stm32f0xx_it.o
 .debug_line    0x0000000000001a8c      0x73e Core/Src/syscalls.o
 .debug_line    0x00000000000021ca      0x4c7 Core/Src/sysmem.o
 .debug_line    0x0000000000002691      0x700 Core/Src/system_stm32f0xx.o
 .debug_line    0x0000000000002d91       0x9b Core/Startup/startup_stm32f042k6ux.o
 .debug_line    0x0000000000002e2c      0x893 Drivers/STM32F0xx_HAL_Driver/Src/stm32f0xx_hal.o
 .debug_line    0x00000000000036bf      0x8ab Drivers/STM32F0xx_HAL_Driver/Src/stm32f0xx_hal_cortex.o
 .debug_line    0x0000000000003f6a      0x843 Drivers/STM32F0xx_HAL_Driver/Src/stm32f0xx_hal_gpio.o
 .debug_line    0x00000000000047ad      0x980 Drivers/STM32F0xx_HAL_Driver/Src/stm32f0xx_hal_rcc.o
 .debug_line    0x000000000000512d      0x903 Drivers/STM32F0xx_HAL_Driver/Src/stm32f0xx_hal_rcc_ex.o
 .debug_line    0x0000000000005a30     0x1159 Drivers/STM32F0xx_HAL_Driver/Src/stm32f0xx_hal_spi.o
 .debug_line    0x0000000000006b89     0x1232 Drivers/STM32F0xx_HAL_Driver/Src/stm32f0xx_hal_uart.o