Archive member included to satisfy reference by file (symbol)

c:/st/stm32cubeide_1.4.0/stm32cubeide/plugins/com.st.stm32cube.ide.mcu.externaltools.gnu-tools-for-stm32.7-2018-q2-update.win32_1.4.0.202007081208/tools/bin/../lib/gcc/arm-none-eabi/7.3.1/../../../../arm-none-eabi/lib/thumb/v6-m\libc_nano.a(lib_a-errno.o)
                              Core/Src/syscalls.o (__errno)
c:/st/stm32cubeide_1.4.0/stm32cubeide/plugins/com.st.stm32cube.ide.mcu.externaltools.gnu-tools-for-stm32.7-2018-q2-update.win32_1.4.0.202007081208/tools/bin/../lib/gcc/arm-none-eabi/7.3.1/../../../../arm-none-eabi/lib/thumb/v6-m\libc_nano.a(lib_a-exit.o)
                              c:/st/stm32cubeide_1.4.0/stm32cubeide/plugins/com.st.stm32cube.ide.mcu.externaltools.gnu-tools-for-stm32.7-2018-q2-update.win32_1.4.0.202007081208/tools/bin/../lib/gcc/arm-none-eabi/7.3.1/../../../../arm-none-eabi/lib/thumb/v6-m/crt0.o (exit)
c:/st/stm32cubeide_1.4.0/stm32cubeide/plugins/com.st.stm32cube.ide.mcu.externaltools.gnu-tools-for-stm32.7-2018-q2-update.win32_1.4.0.202007081208/tools/bin/../lib/gcc/arm-none-eabi/7.3.1/../../../../arm-none-eabi/lib/thumb/v6-m\libc_nano.a(lib_a-impure.o)
                              c:/st/stm32cubeide_1.4.0/stm32cubeide/plugins/com.st.stm32cube.ide.mcu.externaltools.gnu-tools-for-stm32.7-2018-q2-update.win32_1.4.0.202007081208/tools/bin/../lib/gcc/arm-none-eabi/7.3.1/../../../../arm-none-eabi/lib/thumb/v6-m\libc_nano.a(lib_a-exit.o) (_global_impure_ptr)
c:/st/stm32cubeide_1.4.0/stm32cubeide/plugins/com.st.stm32cube.ide.mcu.externaltools.gnu-tools-for-stm32.7-2018-q2-update.win32_1.4.0.202007081208/tools/bin/../lib/gcc/arm-none-eabi/7.3.1/../../../../arm-none-eabi/lib/thumb/v6-m\libc_nano.a(lib_a-init.o)
                              c:/st/stm32cubeide_1.4.0/stm32cubeide/plugins/com.st.stm32cube.ide.mcu.externaltools.gnu-tools-for-stm32.7-2018-q2-update.win32_1.4.0.202007081208/tools/bin/../lib/gcc/arm-none-eabi/7.3.1/../../../../arm-none-eabi/lib/thumb/v6-m/crt0.o (__libc_init_array)
c:/st/stm32cubeide_1.4.0/stm32cubeide/plugins/com.st.stm32cube.ide.mcu.externaltools.gnu-tools-for-stm32.7-2018-q2-update.win32_1.4.0.202007081208/tools/bin/../lib/gcc/arm-none-eabi/7.3.1/../../../../arm-none-eabi/lib/thumb/v6-m\libc_nano.a(lib_a-memset.o)
                              c:/st/stm32cubeide_1.4.0/stm32cubeide/plugins/com.st.stm32cube.ide.mcu.externaltools.gnu-tools-for-stm32.7-2018-q2-update.win32_1.4.0.202007081208/tools/bin/../lib/gcc/arm-none-eabi/7.3.1/../../../../arm-none-eabi/lib/thumb/v6-m/crt0.o (memset)
c:/st/stm32cubeide_1.4.0/stm32cubeide/plugins/com.st.stm32cube.ide.mcu.externaltools.gnu-tools-for-stm32.7-2018-q2-update.win32_1.4.0.202007081208/tools/bin/../lib/gcc/arm-none-eabi/7.3.1/thumb/v6-m\libgcc.a(_udivsi3.o)
                              Core/Src/system_stm32f0xx.o (__aeabi_uidiv)
c:/st/stm32cubeide_1.4.0/stm32cubeide/plugins/com.st.stm32cube.ide.mcu.externaltools.gnu-tools-for-stm32.7-2018-q2-update.win32_1.4.0.202007081208/tools/bin/../lib/gcc/arm-none-eabi/7.3.1/thumb/v6-m\libgcc.a(_dvmd_tls.o)
                              c:/st/stm32cubeide_1.4.0/stm32cubeide/plugins/com.st.stm32cube.ide.mcu.externaltools.gnu-tools-for-stm32.7-2018-q2-update.win32_1.4.0.202007081208/tools/bin/../lib/gcc/arm-none-eabi/7.3.1/thumb/v6-m\libgcc.a(_udivsi3.o) (__aeabi_idiv0)

Allocating common symbols
Common symbol       size              file

USERPath            0x4               FATFS/App/fatfs.o
spiTimerTickStart   0x4               FATFS/Target/user_diskio_spi.o
uwTick              0x4               Drivers/STM32F0xx_HAL_Driver/Src/stm32f0xx_hal.o
pFlash              0x20              Drivers/STM32F0xx_HAL_Driver/Src/stm32f0xx_hal_flash.o
huart1              0x84              Core/Src/main.o
spiTimerTickDelay   0x4               FATFS/Target/user_diskio_spi.o
retUSER             0x1               FATFS/App/fatfs.o
hspi1               0x64              Core/Src/main.o
USERFile            0x22c             FATFS/App/fatfs.o
USERFatFS           0x230             FATFS/App/fatfs.o

Discarded input sections

 .text          0x0000000000000000        0x0 c:/st/stm32cubeide_1.4.0/stm32cubeide/plugins/com.st.stm32cube.ide.mcu.externaltools.gnu-tools-for-stm32.7-2018-q2-update.win32_1.4.0.202007081208/tools/bin/../lib/gcc/arm-none-eabi/7.3.1/thumb/v6-m/crti.o
 .data          0x0000000000000000        0x0 c:/st/stm32cubeide_1.4.0/stm32cubeide/plugins/com.st.stm32cube.ide.mcu.externaltools.gnu-tools-for-stm32.7-2018-q2-update.win32_1.4.0.202007081208/tools/bin/../lib/gcc/arm-none-eabi/7.3.1/thumb/v6-m/crti.o
 .bss           0x0000000000000000        0x0 c:/st/stm32cubeide_1.4.0/stm32cubeide/plugins/com.st.stm32cube.ide.mcu.externaltools.gnu-tools-for-stm32.7-2018-q2-update.win32_1.4.0.202007081208/tools/bin/../lib/gcc/arm-none-eabi/7.3.1/thumb/v6-m/crti.o
[...]
Memory Configuration

Name             Origin             Length             Attributes
RAM              0x0000000020000000 0x0000000000001800 xrw
FLASH            0x0000000008000000 0x0000000000008000 xr
*default*        0x0000000000000000 0xffffffffffffffff

Linker script and memory map

LOAD c:/st/stm32cubeide_1.4.0/stm32cubeide/plugins/com.st.stm32cube.ide.mcu.externaltools.gnu-tools-for-stm32.7-2018-q2-update.win32_1.4.0.202007081208/tools/bin/../lib/gcc/arm-none-eabi/7.3.1/thumb/v6-m/crti.o
LOAD c:/st/stm32cubeide_1.4.0/stm32cubeide/plugins/com.st.stm32cube.ide.mcu.externaltools.gnu-tools-for-stm32.7-2018-q2-update.win32_1.4.0.202007081208/tools/bin/../lib/gcc/arm-none-eabi/7.3.1/thumb/v6-m/crtbegin.o
LOAD c:/st/stm32cubeide_1.4.0/stm32cubeide/plugins/com.st.stm32cube.ide.mcu.externaltools.gnu-tools-for-stm32.7-2018-q2-update.win32_1.4.0.202007081208/tools/bin/../lib/gcc/arm-none-eabi/7.3.1/../../../../arm-none-eabi/lib/thumb/v6-m/crt0.o
LOAD Core/Src/main.o
LOAD Core/Src/stm32f0xx_hal_msp.o
LOAD Core/Src/stm32f0xx_it.o
LOAD Core/Src/syscalls.o
LOAD Core/Src/sysmem.o
LOAD Core/Src/system_stm32f0xx.o
LOAD Core/Startup/startup_stm32f042k6ux.o
LOAD Drivers/STM32F0xx_HAL_Driver/Src/stm32f0xx_hal.o
LOAD Drivers/STM32F0xx_HAL_Driver/Src/stm32f0xx_hal_cortex.o
LOAD Drivers/STM32F0xx_HAL_Driver/Src/stm32f0xx_hal_dma.o
LOAD Drivers/STM32F0xx_HAL_Driver/Src/stm32f0xx_hal_exti.o
LOAD Drivers/STM32F0xx_HAL_Driver/Src/stm32f0xx_hal_flash.o
LOAD Drivers/STM32F0xx_HAL_Driver/Src/stm32f0xx_hal_flash_ex.o
LOAD Drivers/STM32F0xx_HAL_Driver/Src/stm32f0xx_hal_gpio.o
LOAD Drivers/STM32F0xx_HAL_Driver/Src/stm32f0xx_hal_i2c.o
LOAD Drivers/STM32F0xx_HAL_Driver/Src/stm32f0xx_hal_i2c_ex.o
LOAD Drivers/STM32F0xx_HAL_Driver/Src/stm32f0xx_hal_pwr.o
LOAD Drivers/STM32F0xx_HAL_Driver/Src/stm32f0xx_hal_pwr_ex.o
LOAD Drivers/STM32F0xx_HAL_Driver/Src/stm32f0xx_hal_rcc.o
LOAD Drivers/STM32F0xx_HAL_Driver/Src/stm32f0xx_hal_rcc_ex.o
LOAD Drivers/STM32F0xx_HAL_Driver/Src/stm32f0xx_hal_spi.o
LOAD Drivers/STM32F0xx_HAL_Driver/Src/stm32f0xx_hal_spi_ex.o
LOAD Drivers/STM32F0xx_HAL_Driver/Src/stm32f0xx_hal_tim.o
LOAD Drivers/STM32F0xx_HAL_Driver/Src/stm32f0xx_hal_tim_ex.o
LOAD Drivers/STM32F0xx_HAL_Driver/Src/stm32f0xx_hal_uart.o
LOAD Drivers/STM32F0xx_HAL_Driver/Src/stm32f0xx_hal_uart_ex.o
LOAD FATFS/App/fatfs.o
LOAD FATFS/Target/user_diskio.o
LOAD FATFS/Target/user_diskio_spi.o
LOAD Middlewares/Third_Party/FatFs/src/diskio.o
LOAD Middlewares/Third_Party/FatFs/src/ff.o
LOAD Middlewares/Third_Party/FatFs/src/ff_gen_drv.o
LOAD Middlewares/Third_Party/FatFs/src/option/syscall.o
START GROUP
LOAD c:/st/stm32cubeide_1.4.0/stm32cubeide/plugins/com.st.stm32cube.ide.mcu.externaltools.gnu-tools-for-stm32.7-2018-q2-update.win32_1.4.0.202007081208/tools/bin/../lib/gcc/arm-none-eabi/7.3.1/../../../../arm-none-eabi/lib/thumb/v6-m\libc_nano.a
LOAD c:/st/stm32cubeide_1.4.0/stm32cubeide/plugins/com.st.stm32cube.ide.mcu.externaltools.gnu-tools-for-stm32.7-2018-q2-update.win32_1.4.0.202007081208/tools/bin/../lib/gcc/arm-none-eabi/7.3.1/../../../../arm-none-eabi/lib/thumb/v6-m\libm.a
END GROUP
START GROUP
LOAD c:/st/stm32cubeide_1.4.0/stm32cubeide/plugins/com.st.stm32cube.ide.mcu.externaltools.gnu-tools-for-stm32.7-2018-q2-update.win32_1.4.0.202007081208/tools/bin/../lib/gcc/arm-none-eabi/7.3.1/thumb/v6-m\libgcc.a
LOAD c:/st/stm32cubeide_1.4.0/stm32cubeide/plugins/com.st.stm32cube.ide.mcu.externaltools.gnu-tools-for-stm32.7-2018-q2-update.win32_1.4.0.202007081208/tools/bin/../lib/gcc/arm-none-eabi/7.3.1/../../../../arm-none-eabi/lib/thumb/v6-m\libc_nano.a
END GROUP
START GROUP
LOAD c:/st/stm32cubeide_1.4.0/stm32cubeide/plugins/com.st.stm32cube.ide.mcu.externaltools.gnu-tools-for-stm32.7-2018-q2-update.win32_1.4.0.202007081208/tools/bin/../lib/gcc/arm-none-eabi/7.3.1/thumb/v6-m\libgcc.a
LOAD c:/st/stm32cubeide_1.4.0/stm32cubeide/plugins/com.st.stm32cube.ide.mcu.externaltools.gnu-tools-for-stm32.7-2018-q2-update.win32_1.4.0.202007081208/tools/bin/../lib/gcc/arm-none-eabi/7.3.1/../../../../arm-none-eabi/lib/thumb/v6-m\libc_nano.a
LOAD c:/st/stm32cubeide_1.4.0/stm32cubeide/plugins/com.st.stm32cube.ide.mcu.externaltools.gnu-tools-for-stm32.7-2018-q2-update.win32_1.4.0.202007081208/tools/bin/../lib/gcc/arm-none-eabi/7.3.1/../../../../arm-none-eabi/lib/thumb/v6-m\libnosys.a
END GROUP
START GROUP
LOAD c:/st/stm32cubeide_1.4.0/stm32cubeide/plugins/com.st.stm32cube.ide.mcu.externaltools.gnu-tools-for-stm32.7-2018-q2-update.win32_1.4.0.202007081208/tools/bin/../lib/gcc/arm-none-eabi/7.3.1/thumb/v6-m\libgcc.a
LOAD c:/st/stm32cubeide_1.4.0/stm32cubeide/plugins/com.st.stm32cube.ide.mcu.externaltools.gnu-tools-for-stm32.7-2018-q2-update.win32_1.4.0.202007081208/tools/bin/../lib/gcc/arm-none-eabi/7.3.1/../../../../arm-none-eabi/lib/thumb/v6-m\libc_nano.a
LOAD c:/st/stm32cubeide_1.4.0/stm32cubeide/plugins/com.st.stm32cube.ide.mcu.externaltools.gnu-tools-for-stm32.7-2018-q2-update.win32_1.4.0.202007081208/tools/bin/../lib/gcc/arm-none-eabi/7.3.1/../../../../arm-none-eabi/lib/thumb/v6-m\libnosys.a
END GROUP
LOAD c:/st/stm32cubeide_1.4.0/stm32cubeide/plugins/com.st.stm32cube.ide.mcu.externaltools.gnu-tools-for-stm32.7-2018-q2-update.win32_1.4.0.202007081208/tools/bin/../lib/gcc/arm-none-eabi/7.3.1/thumb/v6-m/crtend.o
LOAD c:/st/stm32cubeide_1.4.0/stm32cubeide/plugins/com.st.stm32cube.ide.mcu.externaltools.gnu-tools-for-stm32.7-2018-q2-update.win32_1.4.0.202007081208/tools/bin/../lib/gcc/arm-none-eabi/7.3.1/thumb/v6-m/crtn.o
                0x0000000020001800                _estack = (ORIGIN (RAM) + LENGTH (RAM))
                0x0000000000000200                _Min_Heap_Size = 0x200
                0x0000000000000400                _Min_Stack_Size = 0x400

.isr_vector     0x0000000008000000       0xc0
                0x0000000008000000                . = ALIGN (0x4)
 *(.isr_vector)
 .isr_vector    0x0000000008000000       0xc0 Core/Startup/startup_stm32f042k6ux.o
                0x0000000008000000                g_pfnVectors
                0x00000000080000c0                . = ALIGN (0x4)

.text           0x00000000080000c0     0x607c
                0x00000000080000c0                . = ALIGN (0x4)
 *(.text)
 .text          0x00000000080000c0       0x48 c:/st/stm32cubeide_1.4.0/stm32cubeide/plugins/com.st.stm32cube.ide.mcu.externaltools.gnu-tools-for-stm32.7-2018-q2-update.win32_1.4.0.202007081208/tools/bin/../lib/gcc/arm-none-eabi/7.3.1/thumb/v6-m/crtbegin.o
 .text          0x0000000008000108      0x114 c:/st/stm32cubeide_1.4.0/stm32cubeide/plugins/com.st.stm32cube.ide.mcu.externaltools.gnu-tools-for-stm32.7-2018-q2-update.win32_1.4.0.202007081208/tools/bin/../lib/gcc/arm-none-eabi/7.3.1/thumb/v6-m\libgcc.a(_udivsi3.o)
                0x0000000008000108                __aeabi_uidiv
                0x0000000008000108                __udivsi3
                0x0000000008000214                __aeabi_uidivmod
 .text          0x000000000800021c        0x4 c:/st/stm32cubeide_1.4.0/stm32cubeide/plugins/com.st.stm32cube.ide.mcu.externaltools.gnu-tools-for-stm32.7-2018-q2-update.win32_1.4.0.202007081208/tools/bin/../lib/gcc/arm-none-eabi/7.3.1/thumb/v6-m\libgcc.a(_dvmd_tls.o)
                0x000000000800021c                __aeabi_idiv0
                0x000000000800021c                __aeabi_ldiv0
 *(.text*)
 .text.main     0x0000000008000220       0x98 Core/Src/main.o
                0x0000000008000220                main
 .text.SystemClock_Config
                0x00000000080002b8       0xae Core/Src/main.o
                0x00000000080002b8                SystemClock_Config
 *fill*         0x0000000008000366        0x2 
 .text.MX_SPI1_Init
                0x0000000008000368       0x7c Core/Src/main.o
 .text.MX_USART1_UART_Init
                0x00000000080003e4       0x64 Core/Src/main.o
 .text.MX_GPIO_Init
                0x0000000008000448      0x100 Core/Src/main.o
 .text.Error_Handler
                0x0000000008000548        0xa Core/Src/main.o
                0x0000000008000548                Error_Handler
 *fill*         0x0000000008000552        0x2 
 .text.HAL_MspInit
                0x0000000008000554       0x48 Core/Src/stm32f0xx_hal_msp.o
                0x0000000008000554                HAL_MspInit
 .text.HAL_SPI_MspInit
                0x000000000800059c       0x98 Core/Src/stm32f0xx_hal_msp.o
                0x000000000800059c                HAL_SPI_MspInit
 .text.HAL_UART_MspInit
                0x0000000008000634       0x9c Core/Src/stm32f0xx_hal_msp.o
                0x0000000008000634                HAL_UART_MspInit
 .text.NMI_Handler
                0x00000000080006d0        0xa Core/Src/stm32f0xx_it.o
                0x00000000080006d0                NMI_Handler
 .text.HardFault_Handler
                0x00000000080006da        0x6 Core/Src/stm32f0xx_it.o
                0x00000000080006da                HardFault_Handler
 .text.SVC_Handler
                0x00000000080006e0        0xa Core/Src/stm32f0xx_it.o
                0x00000000080006e0                SVC_Handler
 .text.PendSV_Handler
                0x00000000080006ea        0xa Core/Src/stm32f0xx_it.o
                0x00000000080006ea                PendSV_Handler
 .text.SysTick_Handler
                0x00000000080006f4        0xe Core/Src/stm32f0xx_it.o
                0x00000000080006f4                SysTick_Handler
 .text.SystemInit
                0x0000000008000702        0xa Core/Src/system_stm32f0xx.o
                0x0000000008000702                SystemInit
 .text.Reset_Handler
                0x000000000800070c       0x80 Core/Startup/startup_stm32f042k6ux.o
                0x000000000800070c                Reset_Handler
 .text.Default_Handler
                0x000000000800078c        0x2 Core/Startup/startup_stm32f042k6ux.o
                0x000000000800078c                TIM1_CC_IRQHandler
                0x000000000800078c                TSC_IRQHandler
                0x000000000800078c                I2C1_IRQHandler
                0x000000000800078c                RCC_CRS_IRQHandler
                0x000000000800078c                SPI1_IRQHandler
                0x000000000800078c                EXTI2_3_IRQHandler
                0x000000000800078c                ADC1_IRQHandler
                0x000000000800078c                TIM17_IRQHandler
                0x000000000800078c                CEC_CAN_IRQHandler
                0x000000000800078c                RTC_IRQHandler
                0x000000000800078c                PVD_VDDIO2_IRQHandler
                0x000000000800078c                TIM16_IRQHandler
                0x000000000800078c                TIM3_IRQHandler
                0x000000000800078c                EXTI4_15_IRQHandler
                0x000000000800078c                DMA1_Channel1_IRQHandler
                0x000000000800078c                Default_Handler
                0x000000000800078c                TIM14_IRQHandler
                0x000000000800078c                DMA1_Channel4_5_IRQHandler
                0x000000000800078c                EXTI0_1_IRQHandler
                0x000000000800078c                USB_IRQHandler
                0x000000000800078c                SPI2_IRQHandler
                0x000000000800078c                WWDG_IRQHandler
                0x000000000800078c                TIM2_IRQHandler
                0x000000000800078c                DMA1_Channel2_3_IRQHandler
                0x000000000800078c                USART2_IRQHandler
                0x000000000800078c                FLASH_IRQHandler
                0x000000000800078c                USART1_IRQHandler
                0x000000000800078c                TIM1_BRK_UP_TRG_COM_IRQHandler
 *fill*         0x000000000800078e        0x2 
 .text.HAL_Init
                0x0000000008000790       0x28 Drivers/STM32F0xx_HAL_Driver/Src/stm32f0xx_hal.o
                0x0000000008000790                HAL_Init
 .text.HAL_InitTick
                0x00000000080007b8       0x68 Drivers/STM32F0xx_HAL_Driver/Src/stm32f0xx_hal.o
                0x00000000080007b8                HAL_InitTick
 .text.HAL_IncTick
                0x0000000008000820       0x24 Drivers/STM32F0xx_HAL_Driver/Src/stm32f0xx_hal.o
                0x0000000008000820                HAL_IncTick
 .text.HAL_GetTick
                0x0000000008000844       0x14 Drivers/STM32F0xx_HAL_Driver/Src/stm32f0xx_hal.o
                0x0000000008000844                HAL_GetTick
 .text.HAL_Delay
                0x0000000008000858       0x44 Drivers/STM32F0xx_HAL_Driver/Src/stm32f0xx_hal.o
                0x0000000008000858                HAL_Delay
 .text.__NVIC_SetPriority
                0x000000000800089c       0xdc Drivers/STM32F0xx_HAL_Driver/Src/stm32f0xx_hal_cortex.o
 .text.SysTick_Config
                0x0000000008000978       0x48 Drivers/STM32F0xx_HAL_Driver/Src/stm32f0xx_hal_cortex.o
 .text.HAL_NVIC_SetPriority
                0x00000000080009c0       0x2a Drivers/STM32F0xx_HAL_Driver/Src/stm32f0xx_hal_cortex.o
                0x00000000080009c0                HAL_NVIC_SetPriority
 .text.HAL_SYSTICK_Config
                0x00000000080009ea       0x1a Drivers/STM32F0xx_HAL_Driver/Src/stm32f0xx_hal_cortex.o
                0x00000000080009ea                HAL_SYSTICK_Config
 .text.HAL_GPIO_Init
                0x0000000008000a04      0x2d0 Drivers/STM32F0xx_HAL_Driver/Src/stm32f0xx_hal_gpio.o
                0x0000000008000a04                HAL_GPIO_Init
 .text.HAL_GPIO_WritePin
                0x0000000008000cd4       0x3a Drivers/STM32F0xx_HAL_Driver/Src/stm32f0xx_hal_gpio.o
                0x0000000008000cd4                HAL_GPIO_WritePin
 *fill*         0x0000000008000d0e        0x2 
 .text.HAL_RCC_OscConfig
                0x0000000008000d10      0x70c Drivers/STM32F0xx_HAL_Driver/Src/stm32f0xx_hal_rcc.o
                0x0000000008000d10                HAL_RCC_OscConfig
 .text.HAL_RCC_ClockConfig
                0x000000000800141c      0x1b4 Drivers/STM32F0xx_HAL_Driver/Src/stm32f0xx_hal_rcc.o
                0x000000000800141c                HAL_RCC_ClockConfig
 .text.HAL_RCC_GetSysClockFreq
                0x00000000080015d0       0xfc Drivers/STM32F0xx_HAL_Driver/Src/stm32f0xx_hal_rcc.o
                0x00000000080015d0                HAL_RCC_GetSysClockFreq
 .text.HAL_RCC_GetHCLKFreq
                0x00000000080016cc       0x14 Drivers/STM32F0xx_HAL_Driver/Src/stm32f0xx_hal_rcc.o
                0x00000000080016cc                HAL_RCC_GetHCLKFreq
 .text.HAL_RCC_GetPCLK1Freq
                0x00000000080016e0       0x2c Drivers/STM32F0xx_HAL_Driver/Src/stm32f0xx_hal_rcc.o
                0x00000000080016e0                HAL_RCC_GetPCLK1Freq
 .text.HAL_RCCEx_PeriphCLKConfig
                0x000000000800170c      0x1dc Drivers/STM32F0xx_HAL_Driver/Src/stm32f0xx_hal_rcc_ex.o
                0x000000000800170c                HAL_RCCEx_PeriphCLKConfig
 .text.HAL_SPI_Init
                0x00000000080018e8      0x170 Drivers/STM32F0xx_HAL_Driver/Src/stm32f0xx_hal_spi.o
                0x00000000080018e8                HAL_SPI_Init
 .text.HAL_SPI_TransmitReceive
                0x0000000008001a58      0x3a8 Drivers/STM32F0xx_HAL_Driver/Src/stm32f0xx_hal_spi.o
                0x0000000008001a58                HAL_SPI_TransmitReceive
 .text.SPI_WaitFlagStateUntilTimeout
                0x0000000008001e00      0x11c Drivers/STM32F0xx_HAL_Driver/Src/stm32f0xx_hal_spi.o
 .text.SPI_WaitFifoStateUntilTimeout
                0x0000000008001f1c      0x12c Drivers/STM32F0xx_HAL_Driver/Src/stm32f0xx_hal_spi.o
 .text.SPI_EndRxTxTransaction
                0x0000000008002048       0x8c Drivers/STM32F0xx_HAL_Driver/Src/stm32f0xx_hal_spi.o
 .text.HAL_UART_Init
                0x00000000080020d4       0xa8 Drivers/STM32F0xx_HAL_Driver/Src/stm32f0xx_hal_uart.o
                0x00000000080020d4                HAL_UART_Init
 .text.UART_SetConfig
                0x000000000800217c      0x27c Drivers/STM32F0xx_HAL_Driver/Src/stm32f0xx_hal_uart.o
                0x000000000800217c                UART_SetConfig
 .text.UART_AdvFeatureConfig
                0x00000000080023f8      0x168 Drivers/STM32F0xx_HAL_Driver/Src/stm32f0xx_hal_uart.o
                0x00000000080023f8                UART_AdvFeatureConfig
 .text.UART_CheckIdleState
                0x0000000008002560       0x94 Drivers/STM32F0xx_HAL_Driver/Src/stm32f0xx_hal_uart.o
                0x0000000008002560                UART_CheckIdleState
 .text.UART_WaitOnFlagUntilTimeout
                0x00000000080025f4       0xfc Drivers/STM32F0xx_HAL_Driver/Src/stm32f0xx_hal_uart.o
                0x00000000080025f4                UART_WaitOnFlagUntilTimeout
 .text.MX_FATFS_Init
                0x00000000080026f0       0x2c FATFS/App/fatfs.o
                0x00000000080026f0                MX_FATFS_Init
 .text.get_fattime
                0x000000000800271c        0xc FATFS/App/fatfs.o
                0x000000000800271c                get_fattime
 .text.USER_initialize
                0x0000000008002728       0x20 FATFS/Target/user_diskio.o
                0x0000000008002728                USER_initialize
 .text.USER_status
                0x0000000008002748       0x20 FATFS/Target/user_diskio.o
                0x0000000008002748                USER_status
 .text.USER_read
                0x0000000008002768       0x2e FATFS/Target/user_diskio.o
                0x0000000008002768                USER_read
 .text.USER_write
                0x0000000008002796       0x2e FATFS/Target/user_diskio.o
                0x0000000008002796                USER_write
 .text.USER_ioctl
                0x00000000080027c4       0x2e FATFS/Target/user_diskio.o
                0x00000000080027c4                USER_ioctl
 *fill*         0x00000000080027f2        0x2 
 .text.SPI_Timer_On
                0x00000000080027f4       0x28 FATFS/Target/user_diskio_spi.o
                0x00000000080027f4                SPI_Timer_On
 .text.SPI_Timer_Status
                0x000000000800281c       0x2c FATFS/Target/user_diskio_spi.o
                0x000000000800281c                SPI_Timer_Status
 .text.xchg_spi
                0x0000000008002848       0x30 FATFS/Target/user_diskio_spi.o
 .text.rcvr_spi_multi
                0x0000000008002878       0x36 FATFS/Target/user_diskio_spi.o
 .text.xmit_spi_multi
                0x00000000080028ae       0x34 FATFS/Target/user_diskio_spi.o
 .text.wait_ready
                0x00000000080028e2       0x50 FATFS/Target/user_diskio_spi.o
 *fill*         0x0000000008002932        0x2 
 .text.despiselect
                0x0000000008002934       0x20 FATFS/Target/user_diskio_spi.o
 .text.spiselect
                0x0000000008002954       0x38 FATFS/Target/user_diskio_spi.o
 .text.rcvr_datablock
                0x000000000800298c       0x5e FATFS/Target/user_diskio_spi.o
 .text.xmit_datablock
                0x00000000080029ea       0x74 FATFS/Target/user_diskio_spi.o
 .text.send_cmd
                0x0000000008002a5e      0x11e FATFS/Target/user_diskio_spi.o
 .text.USER_SPI_initialize
                0x0000000008002b7c      0x218 FATFS/Target/user_diskio_spi.o
                0x0000000008002b7c                USER_SPI_initialize
 .text.USER_SPI_status
                0x0000000008002d94       0x2c FATFS/Target/user_diskio_spi.o
                0x0000000008002d94                USER_SPI_status
 .text.USER_SPI_read
                0x0000000008002dc0       0xd8 FATFS/Target/user_diskio_spi.o
                0x0000000008002dc0                USER_SPI_read
 .text.USER_SPI_write
                0x0000000008002e98      0x100 FATFS/Target/user_diskio_spi.o
                0x0000000008002e98                USER_SPI_write
 .text.USER_SPI_ioctl
                0x0000000008002f98      0x328 FATFS/Target/user_diskio_spi.o
                0x0000000008002f98                USER_SPI_ioctl
 .text.disk_status
                0x00000000080032c0       0x44 Middlewares/Third_Party/FatFs/src/diskio.o
                0x00000000080032c0                disk_status
 .text.disk_initialize
                0x0000000008003304       0x64 Middlewares/Third_Party/FatFs/src/diskio.o
                0x0000000008003304                disk_initialize
 .text.disk_read
                0x0000000008003368       0x50 Middlewares/Third_Party/FatFs/src/diskio.o
                0x0000000008003368                disk_read
 .text.disk_write
                0x00000000080033b8       0x50 Middlewares/Third_Party/FatFs/src/diskio.o
                0x00000000080033b8                disk_write
 .text.disk_ioctl
                0x0000000008003408       0x50 Middlewares/Third_Party/FatFs/src/diskio.o
                0x0000000008003408                disk_ioctl
 .text.mem_cpy  0x0000000008003458       0x38 Middlewares/Third_Party/FatFs/src/ff.o
 .text.mem_set  0x0000000008003490       0x30 Middlewares/Third_Party/FatFs/src/ff.o
 .text.mem_cmp  0x00000000080034c0       0x4a Middlewares/Third_Party/FatFs/src/ff.o
 .text.chk_chr  0x000000000800350a       0x32 Middlewares/Third_Party/FatFs/src/ff.o
 .text.chk_lock
                0x000000000800353c       0xdc Middlewares/Third_Party/FatFs/src/ff.o
 .text.enq_lock
                0x0000000008003618       0x40 Middlewares/Third_Party/FatFs/src/ff.o
 .text.inc_lock
                0x0000000008003658      0x170 Middlewares/Third_Party/FatFs/src/ff.o
 .text.dec_lock
                0x00000000080037c8       0xac Middlewares/Third_Party/FatFs/src/ff.o
 .text.clear_lock
                0x0000000008003874       0x4c Middlewares/Third_Party/FatFs/src/ff.o
 .text.sync_window
                0x00000000080038c0       0xb0 Middlewares/Third_Party/FatFs/src/ff.o
 .text.move_window
                0x0000000008003970       0x78 Middlewares/Third_Party/FatFs/src/ff.o
 .text.sync_fs  0x00000000080039e8      0x1a8 Middlewares/Third_Party/FatFs/src/ff.o
 .text.clust2sect
                0x0000000008003b90       0x48 Middlewares/Third_Party/FatFs/src/ff.o
                0x0000000008003b90                clust2sect
 .text.get_fat  0x0000000008003bd8      0x17e Middlewares/Third_Party/FatFs/src/ff.o
                0x0000000008003bd8                get_fat
 .text.put_fat  0x0000000008003d56      0x258 Middlewares/Third_Party/FatFs/src/ff.o
                0x0000000008003d56                put_fat
 *fill*         0x0000000008003fae        0x2 
 .text.remove_chain
                0x0000000008003fb0       0xe0 Middlewares/Third_Party/FatFs/src/ff.o
 .text.create_chain
                0x0000000008004090      0x16c Middlewares/Third_Party/FatFs/src/ff.o
 .text.clmt_clust
                0x00000000080041fc       0x74 Middlewares/Third_Party/FatFs/src/ff.o
 .text.dir_sdi  0x0000000008004270      0x160 Middlewares/Third_Party/FatFs/src/ff.o
 .text.dir_next
                0x00000000080043d0      0x234 Middlewares/Third_Party/FatFs/src/ff.o
 .text.dir_alloc
                0x0000000008004604       0xbc Middlewares/Third_Party/FatFs/src/ff.o
 .text.ld_clust
                0x00000000080046c0       0x5a Middlewares/Third_Party/FatFs/src/ff.o
 .text.st_clust
                0x000000000800471a       0x4a Middlewares/Third_Party/FatFs/src/ff.o
 .text.dir_find
                0x0000000008004764       0xca Middlewares/Third_Party/FatFs/src/ff.o
 .text.dir_register
                0x000000000800482e       0x90 Middlewares/Third_Party/FatFs/src/ff.o
 *fill*         0x00000000080048be        0x2 
 .text.create_name
                0x00000000080048c0      0x20c Middlewares/Third_Party/FatFs/src/ff.o
 .text.follow_path
                0x0000000008004acc      0x118 Middlewares/Third_Party/FatFs/src/ff.o
 .text.get_ldnumber
                0x0000000008004be4       0x84 Middlewares/Third_Party/FatFs/src/ff.o
 .text.check_fs
                0x0000000008004c68       0xdc Middlewares/Third_Party/FatFs/src/ff.o
 .text.find_volume
                0x0000000008004d44      0x63c Middlewares/Third_Party/FatFs/src/ff.o
 .text.validate
                0x0000000008005380       0x7c Middlewares/Third_Party/FatFs/src/ff.o
 .text.f_mount  0x00000000080053fc       0xa0 Middlewares/Third_Party/FatFs/src/ff.o
                0x00000000080053fc                f_mount
 .text.f_open   0x000000000800549c      0x570 Middlewares/Third_Party/FatFs/src/ff.o
                0x000000000800549c                f_open
 .text.f_write  0x0000000008005a0c      0x3d8 Middlewares/Third_Party/FatFs/src/ff.o
                0x0000000008005a0c                f_write
 .text.f_sync   0x0000000008005de4      0x1ac Middlewares/Third_Party/FatFs/src/ff.o
                0x0000000008005de4                f_sync
 .text.f_close  0x0000000008005f90       0x6e Middlewares/Third_Party/FatFs/src/ff.o
                0x0000000008005f90                f_close
 *fill*         0x0000000008005ffe        0x2 
 .text.FATFS_LinkDriverEx
                0x0000000008006000       0xac Middlewares/Third_Party/FatFs/src/ff_gen_drv.o
                0x0000000008006000                FATFS_LinkDriverEx
 .text.FATFS_LinkDriver
                0x00000000080060ac       0x20 Middlewares/Third_Party/FatFs/src/ff_gen_drv.o
                0x00000000080060ac                FATFS_LinkDriver
 .text.__libc_init_array
                0x00000000080060cc       0x48 c:/st/stm32cubeide_1.4.0/stm32cubeide/plugins/com.st.stm32cube.ide.mcu.externaltools.gnu-tools-for-stm32.7-2018-q2-update.win32_1.4.0.202007081208/tools/bin/../lib/gcc/arm-none-eabi/7.3.1/../../../../arm-none-eabi/lib/thumb/v6-m\libc_nano.a(lib_a-init.o)
                0x00000000080060cc                __libc_init_array
 .text.memset   0x0000000008006114       0x10 c:/st/stm32cubeide_1.4.0/stm32cubeide/plugins/com.st.stm32cube.ide.mcu.externaltools.gnu-tools-for-stm32.7-2018-q2-update.win32_1.4.0.202007081208/tools/bin/../lib/gcc/arm-none-eabi/7.3.1/../../../../arm-none-eabi/lib/thumb/v6-m\libc_nano.a(lib_a-memset.o)
                0x0000000008006114                memset
 *(.glue_7)
 .glue_7        0x0000000008006124        0x0 linker stubs
 *(.glue_7t)
 .glue_7t       0x0000000008006124        0x0 linker stubs
 *(.eh_frame)
 .eh_frame      0x0000000008006124        0x0 c:/st/stm32cubeide_1.4.0/stm32cubeide/plugins/com.st.stm32cube.ide.mcu.externaltools.gnu-tools-for-stm32.7-2018-q2-update.win32_1.4.0.202007081208/tools/bin/../lib/gcc/arm-none-eabi/7.3.1/thumb/v6-m/crtbegin.o
 *(.init)
 .init          0x0000000008006124        0x4 c:/st/stm32cubeide_1.4.0/stm32cubeide/plugins/com.st.stm32cube.ide.mcu.externaltools.gnu-tools-for-stm32.7-2018-q2-update.win32_1.4.0.202007081208/tools/bin/../lib/gcc/arm-none-eabi/7.3.1/thumb/v6-m/crti.o
                0x0000000008006124                _init
 .init          0x0000000008006128        0x8 c:/st/stm32cubeide_1.4.0/stm32cubeide/plugins/com.st.stm32cube.ide.mcu.externaltools.gnu-tools-for-stm32.7-2018-q2-update.win32_1.4.0.202007081208/tools/bin/../lib/gcc/arm-none-eabi/7.3.1/thumb/v6-m/crtn.o
 *(.fini)
 .fini          0x0000000008006130        0x4 c:/st/stm32cubeide_1.4.0/stm32cubeide/plugins/com.st.stm32cube.ide.mcu.externaltools.gnu-tools-for-stm32.7-2018-q2-update.win32_1.4.0.202007081208/tools/bin/../lib/gcc/arm-none-eabi/7.3.1/thumb/v6-m/crti.o
                0x0000000008006130                _fini
 .fini          0x0000000008006134        0x8 c:/st/stm32cubeide_1.4.0/stm32cubeide/plugins/com.st.stm32cube.ide.mcu.externaltools.gnu-tools-for-stm32.7-2018-q2-update.win32_1.4.0.202007081208/tools/bin/../lib/gcc/arm-none-eabi/7.3.1/thumb/v6-m/crtn.o
                0x000000000800613c                . = ALIGN (0x4)
                0x000000000800613c                _etext = .

.vfp11_veneer   0x000000000800613c        0x0
 .vfp11_veneer  0x000000000800613c        0x0 linker stubs

.v4_bx          0x000000000800613c        0x0
 .v4_bx         0x000000000800613c        0x0 linker stubs

.iplt           0x000000000800613c        0x0
 .iplt          0x000000000800613c        0x0 c:/st/stm32cubeide_1.4.0/stm32cubeide/plugins/com.st.stm32cube.ide.mcu.externaltools.gnu-tools-for-stm32.7-2018-q2-update.win32_1.4.0.202007081208/tools/bin/../lib/gcc/arm-none-eabi/7.3.1/thumb/v6-m/crtbegin.o

.rodata         0x000000000800613c      0x128
                0x000000000800613c                . = ALIGN (0x4)
 *(.rodata)
 .rodata        0x000000000800613c       0x2c Core/Src/main.o
 .rodata        0x0000000008006168       0x20 Drivers/STM32F0xx_HAL_Driver/Src/stm32f0xx_hal_rcc.o
 .rodata        0x0000000008006188       0x44 Middlewares/Third_Party/FatFs/src/ff.o
 *(.rodata*)
 .rodata.AHBPrescTable
                0x00000000080061cc       0x10 Core/Src/system_stm32f0xx.o
                0x00000000080061cc                AHBPrescTable
 .rodata.APBPrescTable
                0x00000000080061dc        0x8 Core/Src/system_stm32f0xx.o
                0x00000000080061dc                APBPrescTable
 .rodata.ExCvt  0x00000000080061e4       0x80 Middlewares/Third_Party/FatFs/src/ff.o
                0x0000000008006264                . = ALIGN (0x4)

.rel.dyn        0x0000000008006264        0x0
 .rel.iplt      0x0000000008006264        0x0 c:/st/stm32cubeide_1.4.0/stm32cubeide/plugins/com.st.stm32cube.ide.mcu.externaltools.gnu-tools-for-stm32.7-2018-q2-update.win32_1.4.0.202007081208/tools/bin/../lib/gcc/arm-none-eabi/7.3.1/thumb/v6-m/crtbegin.o

.ARM.extab      0x0000000008006264        0x0
                0x0000000008006264                . = ALIGN (0x4)
 *(.ARM.extab* .gnu.linkonce.armextab.*)
                0x0000000008006264                . = ALIGN (0x4)

.ARM            0x0000000008006264        0x0
                0x0000000008006264                . = ALIGN (0x4)
                0x0000000008006264                __exidx_start = .
 *(.ARM.exidx*)
                0x0000000008006264                __exidx_end = .
                0x0000000008006264                . = ALIGN (0x4)

.preinit_array  0x0000000008006264        0x0
                0x0000000008006264                . = ALIGN (0x4)
                0x0000000008006264                PROVIDE (__preinit_array_start = .)
 *(.preinit_array*)
                0x0000000008006264                PROVIDE (__preinit_array_end = .)
                0x0000000008006264                . = ALIGN (0x4)

.init_array     0x0000000008006264        0x4
                0x0000000008006264                . = ALIGN (0x4)
                0x0000000008006264                PROVIDE (__init_array_start = .)
 *(SORT_BY_NAME(.init_array.*))
 *(.init_array*)
 .init_array    0x0000000008006264        0x4 c:/st/stm32cubeide_1.4.0/stm32cubeide/plugins/com.st.stm32cube.ide.mcu.externaltools.gnu-tools-for-stm32.7-2018-q2-update.win32_1.4.0.202007081208/tools/bin/../lib/gcc/arm-none-eabi/7.3.1/thumb/v6-m/crtbegin.o
                0x0000000008006268                PROVIDE (__init_array_end = .)
                0x0000000008006268                . = ALIGN (0x4)

.fini_array     0x0000000008006268        0x4
                0x0000000008006268                . = ALIGN (0x4)
                [!provide]                        PROVIDE (__fini_array_start = .)
 *(SORT_BY_NAME(.fini_array.*))
 *(.fini_array*)
 .fini_array    0x0000000008006268        0x4 c:/st/stm32cubeide_1.4.0/stm32cubeide/plugins/com.st.stm32cube.ide.mcu.externaltools.gnu-tools-for-stm32.7-2018-q2-update.win32_1.4.0.202007081208/tools/bin/../lib/gcc/arm-none-eabi/7.3.1/thumb/v6-m/crtbegin.o
                [!provide]                        PROVIDE (__fini_array_end = .)
                0x000000000800626c                . = ALIGN (0x4)
                0x000000000800626c                _sidata = LOADADDR (.data)

.data           0x0000000020000000       0x24 load address 0x000000000800626c
                0x0000000020000000                . = ALIGN (0x4)
                0x0000000020000000                _sdata = .
 *(.data)
 *(.data*)
 .data.SystemCoreClock
                0x0000000020000000        0x4 Core/Src/system_stm32f0xx.o
                0x0000000020000000                SystemCoreClock
 .data.uwTickPrio
                0x0000000020000004        0x4 Drivers/STM32F0xx_HAL_Driver/Src/stm32f0xx_hal.o
                0x0000000020000004                uwTickPrio
 .data.uwTickFreq
                0x0000000020000008        0x1 Drivers/STM32F0xx_HAL_Driver/Src/stm32f0xx_hal.o
                0x0000000020000008                uwTickFreq
 *fill*         0x0000000020000009        0x3 
 .data.USER_Driver
                0x000000002000000c       0x14 FATFS/Target/user_diskio.o
                0x000000002000000c                USER_Driver
 .data.Stat     0x0000000020000020        0x1 FATFS/Target/user_diskio_spi.o
                0x0000000020000024                . = ALIGN (0x4)
 *fill*         0x0000000020000021        0x3 
                0x0000000020000024                _edata = .

.igot.plt       0x0000000020000024        0x0 load address 0x0000000008006290
 .igot.plt      0x0000000020000024        0x0 c:/st/stm32cubeide_1.4.0/stm32cubeide/plugins/com.st.stm32cube.ide.mcu.externaltools.gnu-tools-for-stm32.7-2018-q2-update.win32_1.4.0.202007081208/tools/bin/../lib/gcc/arm-none-eabi/7.3.1/thumb/v6-m/crtbegin.o
                0x0000000020000024                . = ALIGN (0x4)

.bss            0x0000000020000024      0x5a4 load address 0x0000000008006290
                0x0000000020000024                _sbss = .
                0x0000000020000024                __bss_start__ = _sbss
 *(.bss)
 .bss           0x0000000020000024       0x1c c:/st/stm32cubeide_1.4.0/stm32cubeide/plugins/com.st.stm32cube.ide.mcu.externaltools.gnu-tools-for-stm32.7-2018-q2-update.win32_1.4.0.202007081208/tools/bin/../lib/gcc/arm-none-eabi/7.3.1/thumb/v6-m/crtbegin.o
 *(.bss*)
 .bss.CardType  0x0000000020000040        0x1 FATFS/Target/user_diskio_spi.o
 *fill*         0x0000000020000041        0x3 
 .bss.FatFs     0x0000000020000044        0x4 Middlewares/Third_Party/FatFs/src/ff.o
 .bss.Fsid      0x0000000020000048        0x2 Middlewares/Third_Party/FatFs/src/ff.o
 *fill*         0x000000002000004a        0x2 
 .bss.Files     0x000000002000004c       0x18 Middlewares/Third_Party/FatFs/src/ff.o
 .bss.disk      0x0000000020000064        0xc Middlewares/Third_Party/FatFs/src/ff_gen_drv.o
                0x0000000020000064                disk
 *(COMMON)
 COMMON         0x0000000020000070       0xe8 Core/Src/main.o
                0x0000000020000070                huart1
                0x00000000200000f4                hspi1
 COMMON         0x0000000020000158        0x4 Drivers/STM32F0xx_HAL_Driver/Src/stm32f0xx_hal.o
                0x0000000020000158                uwTick
 COMMON         0x000000002000015c      0x464 FATFS/App/fatfs.o
                0x000000002000015c                USERPath
                0x0000000020000160                retUSER
                0x0000000020000164                USERFile
                0x0000000020000390                USERFatFS
 COMMON         0x00000000200005c0        0x8 FATFS/Target/user_diskio_spi.o
                0x00000000200005c0                spiTimerTickStart
                0x00000000200005c4                spiTimerTickDelay
                0x00000000200005c8                . = ALIGN (0x4)
                0x00000000200005c8                _ebss = .
                0x00000000200005c8                __bss_end__ = _ebss

._user_heap_stack
                0x00000000200005c8      0x600 load address 0x0000000008006290
                0x00000000200005c8                . = ALIGN (0x8)
                [!provide]                        PROVIDE (end = .)
                0x00000000200005c8                PROVIDE (_end = .)
                0x00000000200007c8                . = (. + _Min_Heap_Size)
 *fill*         0x00000000200005c8      0x200 
                0x0000000020000bc8                . = (. + _Min_Stack_Size)
 *fill*         0x00000000200007c8      0x400 
                0x0000000020000bc8                . = ALIGN (0x8)

/DISCARD/
 libc.a(*)
 libm.a(*)
 libgcc.a(*)

.ARM.attributes
                0x0000000000000000       0x28
 *(.ARM.attributes)
 .ARM.attributes
                0x0000000000000000       0x1e c:/st/stm32cubeide_1.4.0/stm32cubeide/plugins/com.st.stm32cube.ide.mcu.externaltools.gnu-tools-for-stm32.7-2018-q2-update.win32_1.4.0.202007081208/tools/bin/../lib/gcc/arm-none-eabi/7.3.1/thumb/v6-m/crti.o
 .ARM.attributes
                0x000000000000001e       0x2c c:/st/stm32cubeide_1.4.0/stm32cubeide/plugins/com.st.stm32cube.ide.mcu.externaltools.gnu-tools-for-stm32.7-2018-q2-update.win32_1.4.0.202007081208/tools/bin/../lib/gcc/arm-none-eabi/7.3.1/thumb/v6-m/crtbegin.o
 .ARM.attributes
                0x000000000000004a       0x31 Core/Src/main.o
 .ARM.attributes
                0x000000000000007b       0x31 Core/Src/stm32f0xx_hal_msp.o
 .ARM.attributes
                0x00000000000000ac       0x31 Core/Src/stm32f0xx_it.o
 .ARM.attributes
                0x00000000000000dd       0x31 Core/Src/system_stm32f0xx.o
 .ARM.attributes
                0x000000000000010e       0x21 Core/Startup/startup_stm32f042k6ux.o
 .ARM.attributes
                0x000000000000012f       0x31 Drivers/STM32F0xx_HAL_Driver/Src/stm32f0xx_hal.o
 .ARM.attributes
                0x0000000000000160       0x31 Drivers/STM32F0xx_HAL_Driver/Src/stm32f0xx_hal_cortex.o
 .ARM.attributes
                0x0000000000000191       0x31 Drivers/STM32F0xx_HAL_Driver/Src/stm32f0xx_hal_gpio.o
 .ARM.attributes
                0x00000000000001c2       0x31 Drivers/STM32F0xx_HAL_Driver/Src/stm32f0xx_hal_rcc.o
 .ARM.attributes
                0x00000000000001f3       0x31 Drivers/STM32F0xx_HAL_Driver/Src/stm32f0xx_hal_rcc_ex.o
 .ARM.attributes
                0x0000000000000224       0x31 Drivers/STM32F0xx_HAL_Driver/Src/stm32f0xx_hal_spi.o
 .ARM.attributes
                0x0000000000000255       0x31 Drivers/STM32F0xx_HAL_Driver/Src/stm32f0xx_hal_uart.o
 .ARM.attributes
                0x0000000000000286       0x31 FATFS/App/fatfs.o
 .ARM.attributes
                0x00000000000002b7       0x31 FATFS/Target/user_diskio.o
 .ARM.attributes
                0x00000000000002e8       0x31 FATFS/Target/user_diskio_spi.o
 .ARM.attributes
                0x0000000000000319       0x31 Middlewares/Third_Party/FatFs/src/diskio.o
 .ARM.attributes
                0x000000000000034a       0x31 Middlewares/Third_Party/FatFs/src/ff.o
 .ARM.attributes
                0x000000000000037b       0x31 Middlewares/Third_Party/FatFs/src/ff_gen_drv.o
 .ARM.attributes
                0x00000000000003ac       0x2c c:/st/stm32cubeide_1.4.0/stm32cubeide/plugins/com.st.stm32cube.ide.mcu.externaltools.gnu-tools-for-stm32.7-2018-q2-update.win32_1.4.0.202007081208/tools/bin/../lib/gcc/arm-none-eabi/7.3.1/../../../../arm-none-eabi/lib/thumb/v6-m\libc_nano.a(lib_a-init.o)
 .ARM.attributes
                0x00000000000003d8       0x2c c:/st/stm32cubeide_1.4.0/stm32cubeide/plugins/com.st.stm32cube.ide.mcu.externaltools.gnu-tools-for-stm32.7-2018-q2-update.win32_1.4.0.202007081208/tools/bin/../lib/gcc/arm-none-eabi/7.3.1/../../../../arm-none-eabi/lib/thumb/v6-m\libc_nano.a(lib_a-memset.o)
 .ARM.attributes
                0x0000000000000404       0x1e c:/st/stm32cubeide_1.4.0/stm32cubeide/plugins/com.st.stm32cube.ide.mcu.externaltools.gnu-tools-for-stm32.7-2018-q2-update.win32_1.4.0.202007081208/tools/bin/../lib/gcc/arm-none-eabi/7.3.1/thumb/v6-m\libgcc.a(_udivsi3.o)
 .ARM.attributes
                0x0000000000000422       0x1e c:/st/stm32cubeide_1.4.0/stm32cubeide/plugins/com.st.stm32cube.ide.mcu.externaltools.gnu-tools-for-stm32.7-2018-q2-update.win32_1.4.0.202007081208/tools/bin/../lib/gcc/arm-none-eabi/7.3.1/thumb/v6-m\libgcc.a(_dvmd_tls.o)
 .ARM.attributes
                0x0000000000000440       0x1e c:/st/stm32cubeide_1.4.0/stm32cubeide/plugins/com.st.stm32cube.ide.mcu.externaltools.gnu-tools-for-stm32.7-2018-q2-update.win32_1.4.0.202007081208/tools/bin/../lib/gcc/arm-none-eabi/7.3.1/thumb/v6-m/crtn.o
OUTPUT(TSAR2.0.elf elf32-littlearm)

.debug_info     0x0000000000000000     0xc178
 .debug_info    0x0000000000000000     0x19a1 Core/Src/main.o
 .debug_info    0x00000000000019a1      0xc21 Core/Src/stm32f0xx_hal_msp.o
 .debug_info    0x00000000000025c2      0x1a2 Core/Src/stm32f0xx_it.o
 .debug_info    0x0000000000002764      0x29e Core/Src/system_stm32f0xx.o
 .debug_info    0x0000000000002a02       0x22 Core/Startup/startup_stm32f042k6ux.o
 .debug_info    0x0000000000002a24      0x69d Drivers/STM32F0xx_HAL_Driver/Src/stm32f0xx_hal.o
 .debug_info    0x00000000000030c1      0x76e Drivers/STM32F0xx_HAL_Driver/Src/stm32f0xx_hal_cortex.o
 .debug_info    0x000000000000382f      0x689 Drivers/STM32F0xx_HAL_Driver/Src/stm32f0xx_hal_gpio.o
 .debug_info    0x0000000000003eb8      0x82d Drivers/STM32F0xx_HAL_Driver/Src/stm32f0xx_hal_rcc.o
 .debug_info    0x00000000000046e5      0x664 Drivers/STM32F0xx_HAL_Driver/Src/stm32f0xx_hal_rcc_ex.o
 .debug_info    0x0000000000004d49     0x164e Drivers/STM32F0xx_HAL_Driver/Src/stm32f0xx_hal_spi.o
 .debug_info    0x0000000000006397     0x1687 Drivers/STM32F0xx_HAL_Driver/Src/stm32f0xx_hal_uart.o
 .debug_info    0x0000000000007a1e      0x572 FATFS/App/fatfs.o
 .debug_info    0x0000000000007f90      0xbfa FATFS/Target/user_diskio.o
 .debug_info    0x0000000000008b8a      0xbf5 FATFS/Target/user_diskio_spi.o
 .debug_info    0x000000000000977f      0x49f Middlewares/Third_Party/FatFs/src/diskio.o
 .debug_info    0x0000000000009c1e     0x211d Middlewares/Third_Party/FatFs/src/ff.o
 .debug_info    0x000000000000bd3b      0x43d Middlewares/Third_Party/FatFs/src/ff_gen_drv.o

.debug_abbrev   0x0000000000000000     0x202d
 .debug_abbrev  0x0000000000000000      0x2c1 Core/Src/main.o
 .debug_abbrev  0x00000000000002c1      0x18c Core/Src/stm32f0xx_hal_msp.o
 .debug_abbrev  0x000000000000044d       0xc6 Core/Src/stm32f0xx_it.o
 .debug_abbrev  0x0000000000000513      0x12b Core/Src/system_stm32f0xx.o
 .debug_abbrev  0x000000000000063e       0x12 Core/Startup/startup_stm32f042k6ux.o
 .debug_abbrev  0x0000000000000650      0x1f2 Drivers/STM32F0xx_HAL_Driver/Src/stm32f0xx_hal.o
 .debug_abbrev  0x0000000000000842      0x273 Drivers/STM32F0xx_HAL_Driver/Src/stm32f0xx_hal_cortex.o
 .debug_abbrev  0x0000000000000ab5      0x1c0 Drivers/STM32F0xx_HAL_Driver/Src/stm32f0xx_hal_gpio.o
 .debug_abbrev  0x0000000000000c75      0x20f Drivers/STM32F0xx_HAL_Driver/Src/stm32f0xx_hal_rcc.o
 .debug_abbrev  0x0000000000000e84      0x1d2 Drivers/STM32F0xx_HAL_Driver/Src/stm32f0xx_hal_rcc_ex.o
 .debug_abbrev  0x0000000000001056      0x228 Drivers/STM32F0xx_HAL_Driver/Src/stm32f0xx_hal_spi.o
 .debug_abbrev  0x000000000000127e      0x215 Drivers/STM32F0xx_HAL_Driver/Src/stm32f0xx_hal_uart.o
 .debug_abbrev  0x0000000000001493      0x17d FATFS/App/fatfs.o
 .debug_abbrev  0x0000000000001610      0x1f1 FATFS/Target/user_diskio.o
 .debug_abbrev  0x0000000000001801      0x29c FATFS/Target/user_diskio_spi.o
 .debug_abbrev  0x0000000000001a9d      0x16f Middlewares/Third_Party/FatFs/src/diskio.o
 .debug_abbrev  0x0000000000001c0c      0x285 Middlewares/Third_Party/FatFs/src/ff.o
 .debug_abbrev  0x0000000000001e91      0x19c Middlewares/Third_Party/FatFs/src/ff_gen_drv.o

.debug_aranges  0x0000000000000000      0xb68
 .debug_aranges
                0x0000000000000000       0x48 Core/Src/main.o
 .debug_aranges
                0x0000000000000048       0x40 Core/Src/stm32f0xx_hal_msp.o
 .debug_aranges
                0x0000000000000088       0x40 Core/Src/stm32f0xx_it.o
 .debug_aranges
                0x00000000000000c8       0x28 Core/Src/system_stm32f0xx.o
 .debug_aranges
                0x00000000000000f0       0x28 Core/Startup/startup_stm32f042k6ux.o
 .debug_aranges
                0x0000000000000118       0xd0 Drivers/STM32F0xx_HAL_Driver/Src/stm32f0xx_hal.o
 .debug_aranges
                0x00000000000001e8       0xc0 Drivers/STM32F0xx_HAL_Driver/Src/stm32f0xx_hal_cortex.o
 .debug_aranges
                0x00000000000002a8       0x58 Drivers/STM32F0xx_HAL_Driver/Src/stm32f0xx_hal_gpio.o
 .debug_aranges
                0x0000000000000300       0x80 Drivers/STM32F0xx_HAL_Driver/Src/stm32f0xx_hal_rcc.o
 .debug_aranges
                0x0000000000000380       0x78 Drivers/STM32F0xx_HAL_Driver/Src/stm32f0xx_hal_rcc_ex.o
 .debug_aranges
                0x00000000000003f8      0x1d8 Drivers/STM32F0xx_HAL_Driver/Src/stm32f0xx_hal_spi.o
 .debug_aranges
                0x00000000000005d0      0x228 Drivers/STM32F0xx_HAL_Driver/Src/stm32f0xx_hal_uart.o
 .debug_aranges
                0x00000000000007f8       0x28 FATFS/App/fatfs.o
 .debug_aranges
                0x0000000000000820       0x40 FATFS/Target/user_diskio.o
 .debug_aranges
                0x0000000000000860       0x98 FATFS/Target/user_diskio_spi.o
 .debug_aranges
                0x00000000000008f8       0x48 Middlewares/Third_Party/FatFs/src/diskio.o
 .debug_aranges
                0x0000000000000940      0x1e8 Middlewares/Third_Party/FatFs/src/ff.o
 .debug_aranges
                0x0000000000000b28       0x40 Middlewares/Third_Party/FatFs/src/ff_gen_drv.o

.debug_ranges   0x0000000000000000      0xa80
 .debug_ranges  0x0000000000000000       0x38 Core/Src/main.o
 .debug_ranges  0x0000000000000038       0x30 Core/Src/stm32f0xx_hal_msp.o
 .debug_ranges  0x0000000000000068       0x30 Core/Src/stm32f0xx_it.o
 .debug_ranges  0x0000000000000098       0x18 Core/Src/system_stm32f0xx.o
 .debug_ranges  0x00000000000000b0       0x20 Core/Startup/startup_stm32f042k6ux.o
 .debug_ranges  0x00000000000000d0       0xc0 Drivers/STM32F0xx_HAL_Driver/Src/stm32f0xx_hal.o
 .debug_ranges  0x0000000000000190       0xb0 Drivers/STM32F0xx_HAL_Driver/Src/stm32f0xx_hal_cortex.o
 .debug_ranges  0x0000000000000240       0x48 Drivers/STM32F0xx_HAL_Driver/Src/stm32f0xx_hal_gpio.o
 .debug_ranges  0x0000000000000288       0x70 Drivers/STM32F0xx_HAL_Driver/Src/stm32f0xx_hal_rcc.o
 .debug_ranges  0x00000000000002f8       0x68 Drivers/STM32F0xx_HAL_Driver/Src/stm32f0xx_hal_rcc_ex.o
 .debug_ranges  0x0000000000000360      0x1c8 Drivers/STM32F0xx_HAL_Driver/Src/stm32f0xx_hal_spi.o
 .debug_ranges  0x0000000000000528      0x248 Drivers/STM32F0xx_HAL_Driver/Src/stm32f0xx_hal_uart.o
 .debug_ranges  0x0000000000000770       0x18 FATFS/App/fatfs.o
 .debug_ranges  0x0000000000000788       0x30 FATFS/Target/user_diskio.o
 .debug_ranges  0x00000000000007b8       0x88 FATFS/Target/user_diskio_spi.o
 .debug_ranges  0x0000000000000840       0x38 Middlewares/Third_Party/FatFs/src/diskio.o
 .debug_ranges  0x0000000000000878      0x1d8 Middlewares/Third_Party/FatFs/src/ff.o
 .debug_ranges  0x0000000000000a50       0x30 Middlewares/Third_Party/FatFs/src/ff_gen_drv.o

.debug_macro    0x0000000000000000    0x199b9
 .debug_macro   0x0000000000000000      0x3a5 Core/Src/main.o
 .debug_macro   0x00000000000003a5      0xa48 Core/Src/main.o
 .debug_macro   0x0000000000000ded      0x133 Core/Src/main.o
 .debug_macro   0x0000000000000f20       0x2e Core/Src/main.o
 .debug_macro   0x0000000000000f4e       0x22 Core/Src/main.o
 .debug_macro   0x0000000000000f70       0x22 Core/Src/main.o
 .debug_macro   0x0000000000000f92       0x8e Core/Src/main.o
 .debug_macro   0x0000000000001020       0x51 Core/Src/main.o
 .debug_macro   0x0000000000001071       0xef Core/Src/main.o
 .debug_macro   0x0000000000001160       0x6a Core/Src/main.o
 .debug_macro   0x00000000000011ca      0x1df Core/Src/main.o
 .debug_macro   0x00000000000013a9       0x1c Core/Src/main.o
 .debug_macro   0x00000000000013c5       0x22 Core/Src/main.o
 .debug_macro   0x00000000000013e7       0xb5 Core/Src/main.o
 .debug_macro   0x000000000000149c      0x391 Core/Src/main.o
 .debug_macro   0x000000000000182d     0xf1e6 Core/Src/main.o
 .debug_macro   0x0000000000010a13       0x3c Core/Src/main.o
 .debug_macro   0x0000000000010a4f     0x3461 Core/Src/main.o
 .debug_macro   0x0000000000013eb0      0x174 Core/Src/main.o
 .debug_macro   0x0000000000014024       0x55 Core/Src/main.o
 .debug_macro   0x0000000000014079      0x946 Core/Src/main.o
 .debug_macro   0x00000000000149bf      0x46b Core/Src/main.o
 .debug_macro   0x0000000000014e2a      0x12f Core/Src/main.o
 .debug_macro   0x0000000000014f59      0x130 Core/Src/main.o
 .debug_macro   0x0000000000015089      0x199 Core/Src/main.o
 .debug_macro   0x0000000000015222      0x1ed Core/Src/main.o
 .debug_macro   0x000000000001540f       0x34 Core/Src/main.o
 .debug_macro   0x0000000000015443       0x43 Core/Src/main.o
 .debug_macro   0x0000000000015486       0x28 Core/Src/main.o
 .debug_macro   0x00000000000154ae       0xb0 Core/Src/main.o
 .debug_macro   0x000000000001555e      0x182 Core/Src/main.o
 .debug_macro   0x00000000000156e0      0x22c Core/Src/main.o
 .debug_macro   0x000000000001590c       0x60 Core/Src/main.o
 .debug_macro   0x000000000001596c       0xa5 Core/Src/main.o
 .debug_macro   0x0000000000015a11       0x4c Core/Src/main.o
 .debug_macro   0x0000000000015a5d      0x15b Core/Src/main.o
 .debug_macro   0x0000000000015bb8      0x2fe Core/Src/main.o
 .debug_macro   0x0000000000015eb6      0x5a5 Core/Src/main.o
 .debug_macro   0x000000000001645b       0x44 Core/Src/main.o
 .debug_macro   0x000000000001649f      0x12e Core/Src/main.o
 .debug_macro   0x00000000000165cd       0xb2 Core/Src/main.o
 .debug_macro   0x000000000001667f       0xde Core/Src/main.o
 .debug_macro   0x000000000001675d       0xf5 Core/Src/main.o
 .debug_macro   0x0000000000016852       0x8e Core/Src/main.o
 .debug_macro   0x00000000000168e0       0x46 Core/Src/main.o
 .debug_macro   0x0000000000016926       0x18 Core/Src/main.o
 .debug_macro   0x000000000001693e       0x3c Core/Src/main.o
 .debug_macro   0x000000000001697a       0x34 Core/Src/main.o
 .debug_macro   0x00000000000169ae       0x16 Core/Src/main.o
 .debug_macro   0x00000000000169c4       0x35 Core/Src/main.o
 .debug_macro   0x00000000000169f9      0x32a Core/Src/main.o
 .debug_macro   0x0000000000016d23       0x10 Core/Src/main.o
 .debug_macro   0x0000000000016d33       0x52 Core/Src/main.o
 .debug_macro   0x0000000000016d85       0x1f Core/Src/main.o
 .debug_macro   0x0000000000016da4       0x43 Core/Src/main.o
 .debug_macro   0x0000000000016de7       0x20 Core/Src/main.o
 .debug_macro   0x0000000000016e07      0x1a3 Core/Src/main.o
 .debug_macro   0x0000000000016faa       0x10 Core/Src/main.o
 .debug_macro   0x0000000000016fba       0x1c Core/Src/main.o
 .debug_macro   0x0000000000016fd6       0x52 Core/Src/main.o
 .debug_macro   0x0000000000017028       0x40 Core/Src/main.o
 .debug_macro   0x0000000000017068       0x10 Core/Src/main.o
 .debug_macro   0x0000000000017078       0x40 Core/Src/main.o
 .debug_macro   0x00000000000170b8       0xd7 Core/Src/main.o
 .debug_macro   0x000000000001718f       0x1c Core/Src/main.o
 .debug_macro   0x00000000000171ab       0x3d Core/Src/main.o
 .debug_macro   0x00000000000171e8       0x16 Core/Src/main.o
 .debug_macro   0x00000000000171fe      0x145 Core/Src/main.o
 .debug_macro   0x0000000000017343       0x16 Core/Src/main.o
 .debug_macro   0x0000000000017359       0x20 Core/Src/main.o
 .debug_macro   0x0000000000017379      0x1d2 Core/Src/stm32f0xx_hal_msp.o
 .debug_macro   0x000000000001754b      0x1dc Core/Src/stm32f0xx_it.o
 .debug_macro   0x0000000000017727      0x1c3 Core/Src/system_stm32f0xx.o
 .debug_macro   0x00000000000178ea      0x1e7 Drivers/STM32F0xx_HAL_Driver/Src/stm32f0xx_hal.o
 .debug_macro   0x0000000000017ad1      0x1c3 Drivers/STM32F0xx_HAL_Driver/Src/stm32f0xx_hal_cortex.o
 .debug_macro   0x0000000000017c94      0x1fb Drivers/STM32F0xx_HAL_Driver/Src/stm32f0xx_hal_gpio.o
 .debug_macro   0x0000000000017e8f      0x1d5 Drivers/STM32F0xx_HAL_Driver/Src/stm32f0xx_hal_rcc.o
 .debug_macro   0x0000000000018064      0x1d5 Drivers/STM32F0xx_HAL_Driver/Src/stm32f0xx_hal_rcc_ex.o
 .debug_macro   0x0000000000018239      0x1cb Drivers/STM32F0xx_HAL_Driver/Src/stm32f0xx_hal_spi.o
 .debug_macro   0x0000000000018404      0x1e0 Drivers/STM32F0xx_HAL_Driver/Src/stm32f0xx_hal_uart.o
 .debug_macro   0x00000000000185e4      0x225 FATFS/App/fatfs.o
 .debug_macro   0x0000000000018809       0xd8 FATFS/App/fatfs.o
 .debug_macro   0x00000000000188e1      0x2df FATFS/Target/user_diskio.o
 .debug_macro   0x0000000000018bc0       0x10 FATFS/Target/user_diskio.o
 .debug_macro   0x0000000000018bd0       0x16 FATFS/Target/user_diskio.o
 .debug_macro   0x0000000000018be6       0x7c FATFS/Target/user_diskio.o
 .debug_macro   0x0000000000018c62       0xaf FATFS/Target/user_diskio.o
 .debug_macro   0x0000000000018d11       0x4f FATFS/Target/user_diskio.o
 .debug_macro   0x0000000000018d60      0x2cc FATFS/Target/user_diskio_spi.o
 .debug_macro   0x000000000001902c       0xb8 FATFS/Target/user_diskio_spi.o
 .debug_macro   0x00000000000190e4      0x212 Middlewares/Third_Party/FatFs/src/diskio.o
 .debug_macro   0x00000000000192f6      0x459 Middlewares/Third_Party/FatFs/src/ff.o
 .debug_macro   0x000000000001974f       0x58 Middlewares/Third_Party/FatFs/src/ff.o
 .debug_macro   0x00000000000197a7      0x212 Middlewares/Third_Party/FatFs/src/ff_gen_drv.o

.debug_line     0x0000000000000000     0xb32a
 .debug_line    0x0000000000000000      0xa23 Core/Src/main.o
 .debug_line    0x0000000000000a23      0x73b Core/Src/stm32f0xx_hal_msp.o
 .debug_line    0x000000000000115e      0x731 Core/Src/stm32f0xx_it.o
 .debug_line    0x000000000000188f      0x700 Core/Src/system_stm32f0xx.o
 .debug_line    0x0000000000001f8f       0x9b Core/Startup/startup_stm32f042k6ux.o
 .debug_line    0x000000000000202a      0x893 Drivers/STM32F0xx_HAL_Driver/Src/stm32f0xx_hal.o
 .debug_line    0x00000000000028bd      0x8ab Drivers/STM32F0xx_HAL_Driver/Src/stm32f0xx_hal_cortex.o
 .debug_line    0x0000000000003168      0x843 Drivers/STM32F0xx_HAL_Driver/Src/stm32f0xx_hal_gpio.o
 .debug_line    0x00000000000039ab      0x980 Drivers/STM32F0xx_HAL_Driver/Src/stm32f0xx_hal_rcc.o
 .debug_line    0x000000000000432b      0x903 Drivers/STM32F0xx_HAL_Driver/Src/stm32f0xx_hal_rcc_ex.o
 .debug_line    0x0000000000004c2e     0x1159 Drivers/STM32F0xx_HAL_Driver/Src/stm32f0xx_hal_spi.o
 .debug_line    0x0000000000005d87     0x1232 Drivers/STM32F0xx_HAL_Driver/Src/stm32f0xx_hal_uart.o
 .debug_line    0x0000000000006fb9      0x76f FATFS/App/fatfs.o
 .debug_line    0x0000000000007728      0x8ed FATFS/Target/user_diskio.o
 .debug_line    0x0000000000008015      0xaa7 FATFS/Target/user_diskio_spi.o
 .debug_line    0x0000000000008abc      0x79d Middlewares/Third_Party/FatFs/src/diskio.o
 .debug_line    0x0000000000009259     0x193a Middlewares/Third_Party/FatFs/src/ff.o
 .debug_line    0x000000000000ab93      0x797 Middlewares/Third_Party/FatFs/src/ff_gen_drv.o

.debug_str      0x0000000000000000    0x8cdb8
 .debug_str     0x0000000000000000    0x89eb9 Core/Src/main.o
                                      0x8a263 (size before relaxing)
 .debug_str     0x0000000000089eb9       0x7d Core/Src/stm32f0xx_hal_msp.o
                                      0x85603 (size before relaxing)
 .debug_str     0x0000000000089f36       0x76 Core/Src/stm32f0xx_it.o
                                      0x84fa1 (size before relaxing)
 .debug_str     0x0000000000089fac       0x5f Core/Src/system_stm32f0xx.o
                                      0x84c0e (size before relaxing)
 .debug_str     0x000000000008a00b       0x36 Core/Startup/startup_stm32f042k6ux.o
                                         0x72 (size before relaxing)
 .debug_str     0x000000000008a041      0x444 Drivers/STM32F0xx_HAL_Driver/Src/stm32f0xx_hal.o
                                      0x85134 (size before relaxing)
 .debug_str     0x000000000008a485      0x1f0 Drivers/STM32F0xx_HAL_Driver/Src/stm32f0xx_hal_cortex.o
                                      0x84fec (size before relaxing)
 .debug_str     0x000000000008a675      0x20e Drivers/STM32F0xx_HAL_Driver/Src/stm32f0xx_hal_gpio.o
                                      0x84eaa (size before relaxing)
 .debug_str     0x000000000008a883      0x240 Drivers/STM32F0xx_HAL_Driver/Src/stm32f0xx_hal_rcc.o
                                      0x85023 (size before relaxing)
 .debug_str     0x000000000008aac3      0x2db Drivers/STM32F0xx_HAL_Driver/Src/stm32f0xx_hal_rcc_ex.o
                                      0x84feb (size before relaxing)
 .debug_str     0x000000000008ad9e      0x577 Drivers/STM32F0xx_HAL_Driver/Src/stm32f0xx_hal_spi.o
                                      0x8554d (size before relaxing)
 .debug_str     0x000000000008b315      0x833 Drivers/STM32F0xx_HAL_Driver/Src/stm32f0xx_hal_uart.o
                                      0x858b0 (size before relaxing)
 .debug_str     0x000000000008bb48       0x2f FATFS/App/fatfs.o
                                      0x85873 (size before relaxing)
 .debug_str     0x000000000008bb77       0x92 FATFS/Target/user_diskio.o
                                      0x88745 (size before relaxing)
 .debug_str     0x000000000008bc09      0x393 FATFS/Target/user_diskio_spi.o
                                      0x85ef1 (size before relaxing)
 .debug_str     0x000000000008bf9c       0x52 Middlewares/Third_Party/FatFs/src/diskio.o
                                      0x857b0 (size before relaxing)
 .debug_str     0x000000000008bfee      0xd28 Middlewares/Third_Party/FatFs/src/ff.o
                                      0x8659d (size before relaxing)
 .debug_str     0x000000000008cd16       0xa2 Middlewares/Third_Party/FatFs/src/ff_gen_drv.o
                                      0x85801 (size before relaxing)

.comment        0x0000000000000000       0x7b
 .comment       0x0000000000000000       0x7b Core/Src/main.o
                                         0x7c (size before relaxing)
 .comment       0x000000000000007b       0x7c Core/Src/stm32f0xx_hal_msp.o
 .comment       0x000000000000007b       0x7c Core/Src/stm32f0xx_it.o
 .comment       0x000000000000007b       0x7c Core/Src/system_stm32f0xx.o
 .comment       0x000000000000007b       0x7c Drivers/STM32F0xx_HAL_Driver/Src/stm32f0xx_hal.o
 .comment       0x000000000000007b       0x7c Drivers/STM32F0xx_HAL_Driver/Src/stm32f0xx_hal_cortex.o
 .comment       0x000000000000007b       0x7c Drivers/STM32F0xx_HAL_Driver/Src/stm32f0xx_hal_gpio.o
 .comment       0x000000000000007b       0x7c Drivers/STM32F0xx_HAL_Driver/Src/stm32f0xx_hal_rcc.o
 .comment       0x000000000000007b       0x7c Drivers/STM32F0xx_HAL_Driver/Src/stm32f0xx_hal_rcc_ex.o
 .comment       0x000000000000007b       0x7c Drivers/STM32F0xx_HAL_Driver/Src/stm32f0xx_hal_spi.o
 .comment       0x000000000000007b       0x7c Drivers/STM32F0xx_HAL_Driver/Src/stm32f0xx_hal_uart.o
 .comment       0x000000000000007b       0x7c FATFS/App/fatfs.o
 .comment       0x000000000000007b       0x7c FATFS/Target/user_diskio.o
 .comment       0x000000000000007b       0x7c FATFS/Target/user_diskio_spi.o
 .comment       0x000000000000007b       0x7c Middlewares/Third_Party/FatFs/src/diskio.o
 .comment       0x000000000000007b       0x7c Middlewares/Third_Party/FatFs/src/ff.o
 .comment       0x000000000000007b       0x7c Middlewares/Third_Party/FatFs/src/ff_gen_drv.o

.debug_frame    0x0000000000000000     0x280c
 .debug_frame   0x0000000000000000       0xc8 Core/Src/main.o
 .debug_frame   0x00000000000000c8       0xb0 Core/Src/stm32f0xx_hal_msp.o
 .debug_frame   0x0000000000000178       0x9c Core/Src/stm32f0xx_it.o
 .debug_frame   0x0000000000000214       0x4c Core/Src/system_stm32f0xx.o
 .debug_frame   0x0000000000000260      0x2a4 Drivers/STM32F0xx_HAL_Driver/Src/stm32f0xx_hal.o
 .debug_frame   0x0000000000000504      0x2a0 Drivers/STM32F0xx_HAL_Driver/Src/stm32f0xx_hal_cortex.o
 .debug_frame   0x00000000000007a4      0x110 Drivers/STM32F0xx_HAL_Driver/Src/stm32f0xx_hal_gpio.o
 .debug_frame   0x00000000000008b4      0x198 Drivers/STM32F0xx_HAL_Driver/Src/stm32f0xx_hal_rcc.o
 .debug_frame   0x0000000000000a4c      0x180 Drivers/STM32F0xx_HAL_Driver/Src/stm32f0xx_hal_rcc_ex.o
 .debug_frame   0x0000000000000bcc      0x710 Drivers/STM32F0xx_HAL_Driver/Src/stm32f0xx_hal_spi.o
 .debug_frame   0x00000000000012dc      0x850 Drivers/STM32F0xx_HAL_Driver/Src/stm32f0xx_hal_uart.o
 .debug_frame   0x0000000000001b2c       0x48 FATFS/App/fatfs.o
 .debug_frame   0x0000000000001b74       0xb8 FATFS/Target/user_diskio.o
 .debug_frame   0x0000000000001c2c      0x218 FATFS/Target/user_diskio_spi.o
 .debug_frame   0x0000000000001e44       0xdc Middlewares/Third_Party/FatFs/src/diskio.o
 .debug_frame   0x0000000000001f20      0x7d4 Middlewares/Third_Party/FatFs/src/ff.o
 .debug_frame   0x00000000000026f4       0xac Middlewares/Third_Party/FatFs/src/ff_gen_drv.o
 .debug_frame   0x00000000000027a0       0x2c c:/st/stm32cubeide_1.4.0/stm32cubeide/plugins/com.st.stm32cube.ide.mcu.externaltools.gnu-tools-for-stm32.7-2018-q2-update.win32_1.4.0.202007081208/tools/bin/../lib/gcc/arm-none-eabi/7.3.1/../../../../arm-none-eabi/lib/thumb/v6-m\libc_nano.a(lib_a-init.o)
 .debug_frame   0x00000000000027cc       0x20 c:/st/stm32cubeide_1.4.0/stm32cubeide/plugins/com.st.stm32cube.ide.mcu.externaltools.gnu-tools-for-stm32.7-2018-q2-update.win32_1.4.0.202007081208/tools/bin/../lib/gcc/arm-none-eabi/7.3.1/../../../../arm-none-eabi/lib/thumb/v6-m\libc_nano.a(lib_a-memset.o)
 .debug_frame   0x00000000000027ec       0x20 c:/st/stm32cubeide_1.4.0/stm32cubeide/plugins/com.st.stm32cube.ide.mcu.externaltools.gnu-tools-for-stm32.7-2018-q2-update.win32_1.4.0.202007081208/tools/bin/../lib/gcc/arm-none-eabi/7.3.1/thumb/v6-m\libgcc.a(_udivsi3.o)
