main.c:114:5:main	1232	static
main.c:215:6:SystemClock_Config	88	static
main.c:250:13:MX_SPI1_Init	8	static
main.c:290:13:MX_GPIO_Init	48	static
main.c:336:5:mainCheck	80	static
main.c:369:5:checkState	32	static
main.c:419:5:errorFound	24	static
main.c:456:5:isError	24	static
main.c:484:6:buzzOn	8	static
main.c:488:6:buzzOff	8	static
main.c:492:6:ledOn	16	static
main.c:530:6:ledOff	8	static
main.c:538:6:powerFailureState	8	static
main.c:558:8:SizeOfFile	24	static
main.c:567:6:WriteFile	624	static
main.c:604:6:Error_Handler	8	static
