main.c:120:5:main	1232	static
main.c:230:6:SystemClock_Config	112	static
main.c:268:13:MX_SPI1_Init	8	static
main.c:306:13:MX_USART1_UART_Init	8	static
main.c:339:13:MX_GPIO_Init	48	static
main.c:389:5:mainCheck	88	static
main.c:429:5:checkState	32	static
main.c:479:5:errorFound	24	static
main.c:516:5:isError	24	static
main.c:544:6:buzzOn	8	static
main.c:548:6:buzzOff	8	static
main.c:552:6:ledOn	16	static
main.c:590:6:ledOff	8	static
main.c:598:6:powerFailureState	8	static
main.c:622:6:Error_Handler	8	static
